Archive member included to satisfy reference by file (symbol)

c:/altera_lite/15.1/nios2eds/bin/gnu/h-x86_64-mingw32/bin/../lib/gcc/nios2-elf/4.9.2/../../../../../H-x86_64-mingw32/nios2-elf/lib/mhw-mulx\libm.a(lib_a-s_cos.o)
                              obj/default/hello_ucosii.o (cos)
c:/altera_lite/15.1/nios2eds/bin/gnu/h-x86_64-mingw32/bin/../lib/gcc/nios2-elf/4.9.2/../../../../../H-x86_64-mingw32/nios2-elf/lib/mhw-mulx\libm.a(lib_a-s_sin.o)
                              obj/default/hello_ucosii.o (sin)
c:/altera_lite/15.1/nios2eds/bin/gnu/h-x86_64-mingw32/bin/../lib/gcc/nios2-elf/4.9.2/../../../../../H-x86_64-mingw32/nios2-elf/lib/mhw-mulx\libm.a(lib_a-e_rem_pio2.o)
                              c:/altera_lite/15.1/nios2eds/bin/gnu/h-x86_64-mingw32/bin/../lib/gcc/nios2-elf/4.9.2/../../../../../H-x86_64-mingw32/nios2-elf/lib/mhw-mulx\libm.a(lib_a-s_cos.o) (__ieee754_rem_pio2)
c:/altera_lite/15.1/nios2eds/bin/gnu/h-x86_64-mingw32/bin/../lib/gcc/nios2-elf/4.9.2/../../../../../H-x86_64-mingw32/nios2-elf/lib/mhw-mulx\libm.a(lib_a-k_cos.o)
                              c:/altera_lite/15.1/nios2eds/bin/gnu/h-x86_64-mingw32/bin/../lib/gcc/nios2-elf/4.9.2/../../../../../H-x86_64-mingw32/nios2-elf/lib/mhw-mulx\libm.a(lib_a-s_cos.o) (__kernel_cos)
c:/altera_lite/15.1/nios2eds/bin/gnu/h-x86_64-mingw32/bin/../lib/gcc/nios2-elf/4.9.2/../../../../../H-x86_64-mingw32/nios2-elf/lib/mhw-mulx\libm.a(lib_a-k_rem_pio2.o)
                              c:/altera_lite/15.1/nios2eds/bin/gnu/h-x86_64-mingw32/bin/../lib/gcc/nios2-elf/4.9.2/../../../../../H-x86_64-mingw32/nios2-elf/lib/mhw-mulx\libm.a(lib_a-e_rem_pio2.o) (__kernel_rem_pio2)
c:/altera_lite/15.1/nios2eds/bin/gnu/h-x86_64-mingw32/bin/../lib/gcc/nios2-elf/4.9.2/../../../../../H-x86_64-mingw32/nios2-elf/lib/mhw-mulx\libm.a(lib_a-k_sin.o)
                              c:/altera_lite/15.1/nios2eds/bin/gnu/h-x86_64-mingw32/bin/../lib/gcc/nios2-elf/4.9.2/../../../../../H-x86_64-mingw32/nios2-elf/lib/mhw-mulx\libm.a(lib_a-s_cos.o) (__kernel_sin)
c:/altera_lite/15.1/nios2eds/bin/gnu/h-x86_64-mingw32/bin/../lib/gcc/nios2-elf/4.9.2/../../../../../H-x86_64-mingw32/nios2-elf/lib/mhw-mulx\libm.a(lib_a-s_fabs.o)
                              c:/altera_lite/15.1/nios2eds/bin/gnu/h-x86_64-mingw32/bin/../lib/gcc/nios2-elf/4.9.2/../../../../../H-x86_64-mingw32/nios2-elf/lib/mhw-mulx\libm.a(lib_a-e_rem_pio2.o) (fabs)
c:/altera_lite/15.1/nios2eds/bin/gnu/h-x86_64-mingw32/bin/../lib/gcc/nios2-elf/4.9.2/../../../../../H-x86_64-mingw32/nios2-elf/lib/mhw-mulx\libm.a(lib_a-s_floor.o)
                              c:/altera_lite/15.1/nios2eds/bin/gnu/h-x86_64-mingw32/bin/../lib/gcc/nios2-elf/4.9.2/../../../../../H-x86_64-mingw32/nios2-elf/lib/mhw-mulx\libm.a(lib_a-k_rem_pio2.o) (floor)
c:/altera_lite/15.1/nios2eds/bin/gnu/h-x86_64-mingw32/bin/../lib/gcc/nios2-elf/4.9.2/../../../../../H-x86_64-mingw32/nios2-elf/lib/mhw-mulx\libm.a(lib_a-s_scalbn.o)
                              c:/altera_lite/15.1/nios2eds/bin/gnu/h-x86_64-mingw32/bin/../lib/gcc/nios2-elf/4.9.2/../../../../../H-x86_64-mingw32/nios2-elf/lib/mhw-mulx\libm.a(lib_a-k_rem_pio2.o) (scalbn)
c:/altera_lite/15.1/nios2eds/bin/gnu/h-x86_64-mingw32/bin/../lib/gcc/nios2-elf/4.9.2/../../../../../H-x86_64-mingw32/nios2-elf/lib/mhw-mulx\libm.a(lib_a-s_copysign.o)
                              c:/altera_lite/15.1/nios2eds/bin/gnu/h-x86_64-mingw32/bin/../lib/gcc/nios2-elf/4.9.2/../../../../../H-x86_64-mingw32/nios2-elf/lib/mhw-mulx\libm.a(lib_a-s_scalbn.o) (copysign)
c:/altera_lite/15.1/nios2eds/bin/gnu/h-x86_64-mingw32/bin/../lib/gcc/nios2-elf/4.9.2/mhw-mulx\libgcc.a(lib2-divmod.o)
                              c:/altera_lite/15.1/nios2eds/bin/gnu/h-x86_64-mingw32/bin/../lib/gcc/nios2-elf/4.9.2/../../../../../H-x86_64-mingw32/nios2-elf/lib/mhw-mulx\libm.a(lib_a-k_rem_pio2.o) (__divsi3)
c:/altera_lite/15.1/nios2eds/bin/gnu/h-x86_64-mingw32/bin/../lib/gcc/nios2-elf/4.9.2/mhw-mulx\libgcc.a(eqsf2.o)
                              obj/default/hello_ucosii.o (__eqsf2)
c:/altera_lite/15.1/nios2eds/bin/gnu/h-x86_64-mingw32/bin/../lib/gcc/nios2-elf/4.9.2/mhw-mulx\libgcc.a(gesf2.o)
                              obj/default/hello_ucosii.o (__gtsf2)
c:/altera_lite/15.1/nios2eds/bin/gnu/h-x86_64-mingw32/bin/../lib/gcc/nios2-elf/4.9.2/mhw-mulx\libgcc.a(lesf2.o)
                              obj/default/hello_ucosii.o (__lesf2)
c:/altera_lite/15.1/nios2eds/bin/gnu/h-x86_64-mingw32/bin/../lib/gcc/nios2-elf/4.9.2/mhw-mulx\libgcc.a(fixsfsi.o)
                              obj/default/hello_ucosii.o (__fixsfsi)
c:/altera_lite/15.1/nios2eds/bin/gnu/h-x86_64-mingw32/bin/../lib/gcc/nios2-elf/4.9.2/mhw-mulx\libgcc.a(floatsisf.o)
                              obj/default/hello_ucosii.o (__floatsisf)
c:/altera_lite/15.1/nios2eds/bin/gnu/h-x86_64-mingw32/bin/../lib/gcc/nios2-elf/4.9.2/mhw-mulx\libgcc.a(adddf3.o)
                              obj/default/hello_ucosii.o (__adddf3)
[...]
Memory Configuration

Name             Origin             Length             Attributes
reset            0x0000000000000000 0x0000000000000020
SDRAM            0x0000000000000020 0x0000000003ffffe0
Flash_flash_data 0x000000000c000000 0x0000000000800000
*default*        0x0000000000000000 0xffffffffffffffff

Linker script and memory map

LOAD C:/Users/Eldin/Documents/GitHub/Neon3D/FPGA/Software/Neon3DSoftware_bsp//obj/HAL/src/crt0.o
LOAD obj/default/hello_ucosii.o
LOAD c:/altera_lite/15.1/nios2eds/bin/gnu/h-x86_64-mingw32/bin/../lib/gcc/nios2-elf/4.9.2/../../../../../H-x86_64-mingw32/nios2-elf/lib/mhw-mulx\libstdc++.a
LOAD c:/altera_lite/15.1/nios2eds/bin/gnu/h-x86_64-mingw32/bin/../lib/gcc/nios2-elf/4.9.2/../../../../../H-x86_64-mingw32/nios2-elf/lib/mhw-mulx\libm.a
LOAD c:/altera_lite/15.1/nios2eds/bin/gnu/h-x86_64-mingw32/bin/../lib/gcc/nios2-elf/4.9.2/mhw-mulx\libgcc.a
START GROUP
LOAD c:/altera_lite/15.1/nios2eds/bin/gnu/h-x86_64-mingw32/bin/../lib/gcc/nios2-elf/4.9.2/../../../../../H-x86_64-mingw32/nios2-elf/lib/mhw-mulx\libc.a
LOAD c:/altera_lite/15.1/nios2eds/bin/gnu/h-x86_64-mingw32/bin/../lib/gcc/nios2-elf/4.9.2/mhw-mulx\libgcc.a
LOAD C:/Users/Eldin/Documents/GitHub/Neon3D/FPGA/Software/Neon3DSoftware_bsp/\libucosii_bsp.a
LOAD c:/altera_lite/15.1/nios2eds/bin/gnu/h-x86_64-mingw32/bin/../lib/gcc/nios2-elf/4.9.2/../../../../../H-x86_64-mingw32/nios2-elf/lib/mhw-mulx\libm.a
END GROUP
LOAD c:/altera_lite/15.1/nios2eds/bin/gnu/h-x86_64-mingw32/bin/../lib/gcc/nios2-elf/4.9.2/mhw-mulx\libgcc.a
                0x0000000000000000                __alt_mem_SDRAM = 0x0
                0x000000000c000000                __alt_mem_Flash_flash_data = 0xc000000

.entry          0x0000000000000000       0x20
 *(.entry)
 .entry         0x0000000000000000       0x20 C:/Users/Eldin/Documents/GitHub/Neon3D/FPGA/Software/Neon3DSoftware_bsp//obj/HAL/src/crt0.o
                0x0000000000000000                __reset

.exceptions     0x0000000000000020      0x224
                0x0000000000000020                PROVIDE (__ram_exceptions_start, ABSOLUTE (.))
                0x0000000000000020                . = ALIGN (0x20)
 *(.irq)
 *(.exceptions.entry.label)
 .exceptions.entry.label
                0x0000000000000020        0x0 C:/Users/Eldin/Documents/GitHub/Neon3D/FPGA/Software/Neon3DSoftware_bsp/\libucosii_bsp.a(alt_irq_entry.o)
                0x0000000000000020                alt_irq_entry
 .exceptions.entry.label
                0x0000000000000020        0x0 C:/Users/Eldin/Documents/GitHub/Neon3D/FPGA/Software/Neon3DSoftware_bsp/\libucosii_bsp.a(alt_exception_entry.o)
                0x0000000000000020                alt_exception
 *(.exceptions.entry.user)
 *(.exceptions.entry.ecc_fatal)
 *(.exceptions.entry)
 .exceptions.entry
                0x0000000000000020       0x54 C:/Users/Eldin/Documents/GitHub/Neon3D/FPGA/Software/Neon3DSoftware_bsp/\libucosii_bsp.a(alt_exception_entry.o)
 *(.exceptions.irqtest.user)
 *(.exceptions.irqtest)
 .exceptions.irqtest
                0x0000000000000074       0x10 C:/Users/Eldin/Documents/GitHub/Neon3D/FPGA/Software/Neon3DSoftware_bsp/\libucosii_bsp.a(alt_irq_entry.o)
 *(.exceptions.irqhandler.user)
 *(.exceptions.irqhandler)
 .exceptions.irqhandler
                0x0000000000000084        0x4 C:/Users/Eldin/Documents/GitHub/Neon3D/FPGA/Software/Neon3DSoftware_bsp/\libucosii_bsp.a(alt_irq_entry.o)
 *(.exceptions.irqreturn.user)
 *(.exceptions.irqreturn)
 .exceptions.irqreturn
                0x0000000000000088        0x4 C:/Users/Eldin/Documents/GitHub/Neon3D/FPGA/Software/Neon3DSoftware_bsp/\libucosii_bsp.a(alt_irq_entry.o)
 *(.exceptions.notirq.label)
 .exceptions.notirq.label
                0x000000000000008c        0x0 C:/Users/Eldin/Documents/GitHub/Neon3D/FPGA/Software/Neon3DSoftware_bsp/\libucosii_bsp.a(alt_irq_entry.o)
 *(.exceptions.notirq.user)
 *(.exceptions.notirq)
 .exceptions.notirq
                0x000000000000008c        0x8 C:/Users/Eldin/Documents/GitHub/Neon3D/FPGA/Software/Neon3DSoftware_bsp/\libucosii_bsp.a(alt_exception_entry.o)
 *(.exceptions.soft.user)
 *(.exceptions.soft)
 *(.exceptions.unknown.user)
 *(.exceptions.unknown)
 .exceptions.unknown
                0x0000000000000094       0x14 C:/Users/Eldin/Documents/GitHub/Neon3D/FPGA/Software/Neon3DSoftware_bsp/\libucosii_bsp.a(alt_exception_entry.o)
 *(.exceptions.exit.label)
 .exceptions.exit.label
                0x00000000000000a8        0x0 C:/Users/Eldin/Documents/GitHub/Neon3D/FPGA/Software/Neon3DSoftware_bsp/\libucosii_bsp.a(alt_irq_entry.o)
 .exceptions.exit.label
                0x00000000000000a8        0x0 C:/Users/Eldin/Documents/GitHub/Neon3D/FPGA/Software/Neon3DSoftware_bsp/\libucosii_bsp.a(alt_exception_entry.o)
 *(.exceptions.exit.user)
 *(.exceptions.exit)
 .exceptions.exit
                0x00000000000000a8       0x54 C:/Users/Eldin/Documents/GitHub/Neon3D/FPGA/Software/Neon3DSoftware_bsp/\libucosii_bsp.a(alt_exception_entry.o)
 *(.exceptions)
 .exceptions    0x00000000000000fc       0xd4 C:/Users/Eldin/Documents/GitHub/Neon3D/FPGA/Software/Neon3DSoftware_bsp/\libucosii_bsp.a(alt_irq_handler.o)
                0x00000000000000fc                alt_irq_handler
 .exceptions    0x00000000000001d0       0x74 C:/Users/Eldin/Documents/GitHub/Neon3D/FPGA/Software/Neon3DSoftware_bsp/\libucosii_bsp.a(alt_instruction_exception_entry.o)
                0x00000000000001d0                alt_instruction_exception_entry
                0x0000000000000244                PROVIDE (__ram_exceptions_end, ABSOLUTE (.))
                0x0000000000000020                PROVIDE (__flash_exceptions_start, LOADADDR (.exceptions))

.text           0x0000000000000244    0x205a4
                0x0000000000000244                PROVIDE (stext, ABSOLUTE (.))
 *(.interp)
 *(.hash)
 *(.dynsym)
 *(.dynstr)
 *(.gnu.version)
 *(.gnu.version_d)
 *(.gnu.version_r)
 *(.rel.init)
 *(.rela.init)
 *(.rel.text .rel.text.* .rel.gnu.linkonce.t.*)
 *(.rela.text .rela.text.* .rela.gnu.linkonce.t.*)
 *(.rel.fini)
 *(.rela.fini)
 *(.rel.rodata .rel.rodata.* .rel.gnu.linkonce.r.*)
 *(.rela.rodata .rela.rodata.* .rela.gnu.linkonce.r.*)
 *(.rel.data .rel.data.* .rel.gnu.linkonce.d.*)
 *(.rela.data .rela.data.* .rela.gnu.linkonce.d.*)
 *(.rel.tdata .rel.tdata.* .rel.gnu.linkonce.td.*)
 *(.rela.tdata .rela.tdata.* .rela.gnu.linkonce.td.*)
 *(.rel.tbss .rel.tbss.* .rel.gnu.linkonce.tb.*)
 *(.rela.tbss .rela.tbss.* .rela.gnu.linkonce.tb.*)
 *(.rel.ctors)
 *(.rela.ctors)
 *(.rel.dtors)
 *(.rela.dtors)
 *(.rel.got)
 *(.rela.got)
 *(.rel.sdata .rel.sdata.* .rel.gnu.linkonce.s.*)
 *(.rela.sdata .rela.sdata.* .rela.gnu.linkonce.s.*)
 *(.rel.sbss .rel.sbss.* .rel.gnu.linkonce.sb.*)
 *(.rela.sbss .rela.sbss.* .rela.gnu.linkonce.sb.*)
 *(.rel.sdata2 .rel.sdata2.* .rel.gnu.linkonce.s2.*)
 *(.rela.sdata2 .rela.sdata2.* .rela.gnu.linkonce.s2.*)
 *(.rel.sbss2 .rel.sbss2.* .rel.gnu.linkonce.sb2.*)
 *(.rela.sbss2 .rela.sbss2.* .rela.gnu.linkonce.sb2.*)
 *(.rel.bss .rel.bss.* .rel.gnu.linkonce.b.*)
 *(.rela.bss .rela.bss.* .rela.gnu.linkonce.b.*)
 *(.rel.plt)
 *(.rela.plt)
 *(.rel.dyn)
 *(.init)
 *(.plt)
 *(.text .stub .text.* .gnu.linkonce.t.*)
 .text          0x0000000000000244       0x3c C:/Users/Eldin/Documents/GitHub/Neon3D/FPGA/Software/Neon3DSoftware_bsp//obj/HAL/src/crt0.o
                0x0000000000000244                _start
 .text          0x0000000000000280     0x20b8 obj/default/hello_ucosii.o
                0x0000000000000280                VGA_text
                0x0000000000000310                VGA_box
                0x00000000000003c4                drawPixel
                0x0000000000000434                removePixel
                0x0000000000000498                drawLine
                0x000000000000086c                task1
                0x0000000000000ab8                task2
                0x00000000000021cc                main
 .text          0x0000000000002338        0x0 c:/altera_lite/15.1/nios2eds/bin/gnu/h-x86_64-mingw32/bin/../lib/gcc/nios2-elf/4.9.2/../../../../../H-x86_64-mingw32/nios2-elf/lib/mhw-mulx\libm.a(lib_a-s_cos.o)
 .text.cos      0x0000000000002338       0xec c:/altera_lite/15.1/nios2eds/bin/gnu/h-x86_64-mingw32/bin/../lib/gcc/nios2-elf/4.9.2/../../../../../H-x86_64-mingw32/nios2-elf/lib/mhw-mulx\libm.a(lib_a-s_cos.o)
                0x0000000000002338                cos
 .text          0x0000000000002424        0x0 c:/altera_lite/15.1/nios2eds/bin/gnu/h-x86_64-mingw32/bin/../lib/gcc/nios2-elf/4.9.2/../../../../../H-x86_64-mingw32/nios2-elf/lib/mhw-mulx\libm.a(lib_a-s_sin.o)
 .text.sin      0x0000000000002424       0xf0 c:/altera_lite/15.1/nios2eds/bin/gnu/h-x86_64-mingw32/bin/../lib/gcc/nios2-elf/4.9.2/../../../../../H-x86_64-mingw32/nios2-elf/lib/mhw-mulx\libm.a(lib_a-s_sin.o)
                0x0000000000002424                sin
 .text          0x0000000000002514        0x0 c:/altera_lite/15.1/nios2eds/bin/gnu/h-x86_64-mingw32/bin/../lib/gcc/nios2-elf/4.9.2/../../../../../H-x86_64-mingw32/nios2-elf/lib/mhw-mulx\libm.a(lib_a-e_rem_pio2.o)
 .text.__ieee754_rem_pio2
                0x0000000000002514      0x79c c:/altera_lite/15.1/nios2eds/bin/gnu/h-x86_64-mingw32/bin/../lib/gcc/nios2-elf/4.9.2/../../../../../H-x86_64-mingw32/nios2-elf/lib/mhw-mulx\libm.a(lib_a-e_rem_pio2.o)
                0x0000000000002514                __ieee754_rem_pio2
 .text          0x0000000000002cb0        0x0 c:/altera_lite/15.1/nios2eds/bin/gnu/h-x86_64-mingw32/bin/../lib/gcc/nios2-elf/4.9.2/../../../../../H-x86_64-mingw32/nios2-elf/lib/mhw-mulx\libm.a(lib_a-k_cos.o)
 .text.__kernel_cos
                0x0000000000002cb0      0x4a4 c:/altera_lite/15.1/nios2eds/bin/gnu/h-x86_64-mingw32/bin/../lib/gcc/nios2-elf/4.9.2/../../../../../H-x86_64-mingw32/nios2-elf/lib/mhw-mulx\libm.a(lib_a-k_cos.o)
                0x0000000000002cb0                __kernel_cos
 .text          0x0000000000003154        0x0 c:/altera_lite/15.1/nios2eds/bin/gnu/h-x86_64-mingw32/bin/../lib/gcc/nios2-elf/4.9.2/../../../../../H-x86_64-mingw32/nios2-elf/lib/mhw-mulx\libm.a(lib_a-k_rem_pio2.o)
 .text.__kernel_rem_pio2
                0x0000000000003154      0xd28 c:/altera_lite/15.1/nios2eds/bin/gnu/h-x86_64-mingw32/bin/../lib/gcc/nios2-elf/4.9.2/../../../../../H-x86_64-mingw32/nios2-elf/lib/mhw-mulx\libm.a(lib_a-k_rem_pio2.o)
                0x0000000000003154                __kernel_rem_pio2
 .text          0x0000000000003e7c        0x0 c:/altera_lite/15.1/nios2eds/bin/gnu/h-x86_64-mingw32/bin/../lib/gcc/nios2-elf/4.9.2/../../../../../H-x86_64-mingw32/nios2-elf/lib/mhw-mulx\libm.a(lib_a-k_sin.o)
 .text.__kernel_sin
                0x0000000000003e7c      0x2c8 c:/altera_lite/15.1/nios2eds/bin/gnu/h-x86_64-mingw32/bin/../lib/gcc/nios2-elf/4.9.2/../../../../../H-x86_64-mingw32/nios2-elf/lib/mhw-mulx\libm.a(lib_a-k_sin.o)
                0x0000000000003e7c                __kernel_sin
 .text          0x0000000000004144        0x0 c:/altera_lite/15.1/nios2eds/bin/gnu/h-x86_64-mingw32/bin/../lib/gcc/nios2-elf/4.9.2/../../../../../H-x86_64-mingw32/nios2-elf/lib/mhw-mulx\libm.a(lib_a-s_fabs.o)
 .text.fabs     0x0000000000004144       0x14 c:/altera_lite/15.1/nios2eds/bin/gnu/h-x86_64-mingw32/bin/../lib/gcc/nios2-elf/4.9.2/../../../../../H-x86_64-mingw32/nios2-elf/lib/mhw-mulx\libm.a(lib_a-s_fabs.o)
                0x0000000000004144                fabs
 .text          0x0000000000004158        0x0 c:/altera_lite/15.1/nios2eds/bin/gnu/h-x86_64-mingw32/bin/../lib/gcc/nios2-elf/4.9.2/../../../../../H-x86_64-mingw32/nios2-elf/lib/mhw-mulx\libm.a(lib_a-s_floor.o)
 .text.floor    0x0000000000004158      0x1f4 c:/altera_lite/15.1/nios2eds/bin/gnu/h-x86_64-mingw32/bin/../lib/gcc/nios2-elf/4.9.2/../../../../../H-x86_64-mingw32/nios2-elf/lib/mhw-mulx\libm.a(lib_a-s_floor.o)
                0x0000000000004158                floor
 .text          0x000000000000434c        0x0 c:/altera_lite/15.1/nios2eds/bin/gnu/h-x86_64-mingw32/bin/../lib/gcc/nios2-elf/4.9.2/../../../../../H-x86_64-mingw32/nios2-elf/lib/mhw-mulx\libm.a(lib_a-s_scalbn.o)
 .text.scalbn   0x000000000000434c      0x1cc c:/altera_lite/15.1/nios2eds/bin/gnu/h-x86_64-mingw32/bin/../lib/gcc/nios2-elf/4.9.2/../../../../../H-x86_64-mingw32/nios2-elf/lib/mhw-mulx\libm.a(lib_a-s_scalbn.o)
                0x000000000000434c                scalbn
 .text          0x0000000000004518        0x0 c:/altera_lite/15.1/nios2eds/bin/gnu/h-x86_64-mingw32/bin/../lib/gcc/nios2-elf/4.9.2/../../../../../H-x86_64-mingw32/nios2-elf/lib/mhw-mulx\libm.a(lib_a-s_copysign.o)
 .text.copysign
                0x0000000000004518       0x1c c:/altera_lite/15.1/nios2eds/bin/gnu/h-x86_64-mingw32/bin/../lib/gcc/nios2-elf/4.9.2/../../../../../H-x86_64-mingw32/nios2-elf/lib/mhw-mulx\libm.a(lib_a-s_copysign.o)
                0x0000000000004518                copysign
 .text          0x0000000000004534      0x12c c:/altera_lite/15.1/nios2eds/bin/gnu/h-x86_64-mingw32/bin/../lib/gcc/nios2-elf/4.9.2/mhw-mulx\libgcc.a(lib2-divmod.o)
                0x00000000000045a0                __divsi3
                0x00000000000045f4                __modsi3
                0x0000000000004650                __udivsi3
                0x0000000000004658                __umodsi3
 .text          0x0000000000004660       0x74 c:/altera_lite/15.1/nios2eds/bin/gnu/h-x86_64-mingw32/bin/../lib/gcc/nios2-elf/4.9.2/mhw-mulx\libgcc.a(eqsf2.o)
                0x0000000000004660                __eqsf2
                0x0000000000004660                __nesf2
 .text          0x00000000000046d4       0xb8 c:/altera_lite/15.1/nios2eds/bin/gnu/h-x86_64-mingw32/bin/../lib/gcc/nios2-elf/4.9.2/mhw-mulx\libgcc.a(gesf2.o)
                0x00000000000046d4                __gesf2
                0x00000000000046d4                __gtsf2
 .text          0x000000000000478c       0xb8 c:/altera_lite/15.1/nios2eds/bin/gnu/h-x86_64-mingw32/bin/../lib/gcc/nios2-elf/4.9.2/mhw-mulx\libgcc.a(lesf2.o)
                0x000000000000478c                __ltsf2
                0x000000000000478c                __lesf2
 .text          0x0000000000004844       0x78 c:/altera_lite/15.1/nios2eds/bin/gnu/h-x86_64-mingw32/bin/../lib/gcc/nios2-elf/4.9.2/mhw-mulx\libgcc.a(fixsfsi.o)
                0x0000000000004844                __fixsfsi
 .text          0x00000000000048bc      0x134 c:/altera_lite/15.1/nios2eds/bin/gnu/h-x86_64-mingw32/bin/../lib/gcc/nios2-elf/4.9.2/mhw-mulx\libgcc.a(floatsisf.o)
                0x00000000000048bc                __floatsisf
 .text          0x00000000000049f0      0x89c c:/altera_lite/15.1/nios2eds/bin/gnu/h-x86_64-mingw32/bin/../lib/gcc/nios2-elf/4.9.2/mhw-mulx\libgcc.a(adddf3.o)
                0x00000000000049f0                __adddf3
 .text          0x000000000000528c       0x84 c:/altera_lite/15.1/nios2eds/bin/gnu/h-x86_64-mingw32/bin/../lib/gcc/nios2-elf/4.9.2/mhw-mulx\libgcc.a(eqdf2.o)
                0x000000000000528c                __nedf2
                0x000000000000528c                __eqdf2
 .text          0x0000000000005310       0xe0 c:/altera_lite/15.1/nios2eds/bin/gnu/h-x86_64-mingw32/bin/../lib/gcc/nios2-elf/4.9.2/mhw-mulx\libgcc.a(gedf2.o)
                0x0000000000005310                __gedf2
                0x0000000000005310                __gtdf2
 .text          0x00000000000053f0      0x724 c:/altera_lite/15.1/nios2eds/bin/gnu/h-x86_64-mingw32/bin/../lib/gcc/nios2-elf/4.9.2/mhw-mulx\libgcc.a(muldf3.o)
                0x00000000000053f0                __muldf3
 .text          0x0000000000005b14      0x8d0 c:/altera_lite/15.1/nios2eds/bin/gnu/h-x86_64-mingw32/bin/../lib/gcc/nios2-elf/4.9.2/mhw-mulx\libgcc.a(subdf3.o)
                0x0000000000005b14                __subdf3
 .text          0x00000000000063e4       0x88 c:/altera_lite/15.1/nios2eds/bin/gnu/h-x86_64-mingw32/bin/../lib/gcc/nios2-elf/4.9.2/mhw-mulx\libgcc.a(fixdfsi.o)
                0x00000000000063e4                __fixdfsi
 .text          0x000000000000646c       0xd0 c:/altera_lite/15.1/nios2eds/bin/gnu/h-x86_64-mingw32/bin/../lib/gcc/nios2-elf/4.9.2/mhw-mulx\libgcc.a(floatsidf.o)
                0x000000000000646c                __floatsidf
 .text          0x000000000000653c      0x110 c:/altera_lite/15.1/nios2eds/bin/gnu/h-x86_64-mingw32/bin/../lib/gcc/nios2-elf/4.9.2/mhw-mulx\libgcc.a(extendsfdf2.o)
                0x000000000000653c                __extendsfdf2
 .text          0x000000000000664c      0x198 c:/altera_lite/15.1/nios2eds/bin/gnu/h-x86_64-mingw32/bin/../lib/gcc/nios2-elf/4.9.2/mhw-mulx\libgcc.a(truncdfsf2.o)
                0x000000000000664c                __truncdfsf2
 .text          0x00000000000067e4       0x64 c:/altera_lite/15.1/nios2eds/bin/gnu/h-x86_64-mingw32/bin/../lib/gcc/nios2-elf/4.9.2/mhw-mulx\libgcc.a(_clzsi2.o)
                0x00000000000067e4                __clzsi2
 .text          0x0000000000006848        0x0 c:/altera_lite/15.1/nios2eds/bin/gnu/h-x86_64-mingw32/bin/../lib/gcc/nios2-elf/4.9.2/mhw-mulx\libgcc.a(_clz.o)
 .text          0x0000000000006848        0x0 c:/altera_lite/15.1/nios2eds/bin/gnu/h-x86_64-mingw32/bin/../lib/gcc/nios2-elf/4.9.2/../../../../../H-x86_64-mingw32/nios2-elf/lib/mhw-mulx\libc.a(lib_a-malloc.o)
 .text.malloc   0x0000000000006848       0x14 c:/altera_lite/15.1/nios2eds/bin/gnu/h-x86_64-mingw32/bin/../lib/gcc/nios2-elf/4.9.2/../../../../../H-x86_64-mingw32/nios2-elf/lib/mhw-mulx\libc.a(lib_a-malloc.o)
                0x0000000000006848                malloc
 .text.free     0x000000000000685c       0x14 c:/altera_lite/15.1/nios2eds/bin/gnu/h-x86_64-mingw32/bin/../lib/gcc/nios2-elf/4.9.2/../../../../../H-x86_64-mingw32/nios2-elf/lib/mhw-mulx\libc.a(lib_a-malloc.o)
                0x000000000000685c                free
 .text          0x0000000000006870        0x0 c:/altera_lite/15.1/nios2eds/bin/gnu/h-x86_64-mingw32/bin/../lib/gcc/nios2-elf/4.9.2/../../../../../H-x86_64-mingw32/nios2-elf/lib/mhw-mulx\libc.a(lib_a-mallocr.o)
 .text._malloc_r
                0x0000000000006870      0x7a8 c:/altera_lite/15.1/nios2eds/bin/gnu/h-x86_64-mingw32/bin/../lib/gcc/nios2-elf/4.9.2/../../../../../H-x86_64-mingw32/nios2-elf/lib/mhw-mulx\libc.a(lib_a-mallocr.o)
                0x0000000000006870                _malloc_r
 .text          0x0000000000007018        0x0 c:/altera_lite/15.1/nios2eds/bin/gnu/h-x86_64-mingw32/bin/../lib/gcc/nios2-elf/4.9.2/../../../../../H-x86_64-mingw32/nios2-elf/lib/mhw-mulx\libc.a(lib_a-memcpy.o)
 .text.memcpy   0x0000000000007018      0x138 c:/altera_lite/15.1/nios2eds/bin/gnu/h-x86_64-mingw32/bin/../lib/gcc/nios2-elf/4.9.2/../../../../../H-x86_64-mingw32/nios2-elf/lib/mhw-mulx\libc.a(lib_a-memcpy.o)
                0x0000000000007018                memcpy
 .text          0x0000000000007150        0x0 c:/altera_lite/15.1/nios2eds/bin/gnu/h-x86_64-mingw32/bin/../lib/gcc/nios2-elf/4.9.2/../../../../../H-x86_64-mingw32/nios2-elf/lib/mhw-mulx\libc.a(lib_a-printf.o)
 .text._printf_r
                0x0000000000007150       0x2c c:/altera_lite/15.1/nios2eds/bin/gnu/h-x86_64-mingw32/bin/../lib/gcc/nios2-elf/4.9.2/../../../../../H-x86_64-mingw32/nios2-elf/lib/mhw-mulx\libc.a(lib_a-printf.o)
                0x0000000000007150                _printf_r
 .text.printf   0x000000000000717c       0x3c c:/altera_lite/15.1/nios2eds/bin/gnu/h-x86_64-mingw32/bin/../lib/gcc/nios2-elf/4.9.2/../../../../../H-x86_64-mingw32/nios2-elf/lib/mhw-mulx\libc.a(lib_a-printf.o)
                0x000000000000717c                printf
 .text          0x00000000000071b8        0x0 c:/altera_lite/15.1/nios2eds/bin/gnu/h-x86_64-mingw32/bin/../lib/gcc/nios2-elf/4.9.2/../../../../../H-x86_64-mingw32/nios2-elf/lib/mhw-mulx\libc.a(lib_a-puts.o)
 .text._puts_r  0x00000000000071b8       0xa8 c:/altera_lite/15.1/nios2eds/bin/gnu/h-x86_64-mingw32/bin/../lib/gcc/nios2-elf/4.9.2/../../../../../H-x86_64-mingw32/nios2-elf/lib/mhw-mulx\libc.a(lib_a-puts.o)
                0x00000000000071b8                _puts_r
 .text.puts     0x0000000000007260       0x14 c:/altera_lite/15.1/nios2eds/bin/gnu/h-x86_64-mingw32/bin/../lib/gcc/nios2-elf/4.9.2/../../../../../H-x86_64-mingw32/nios2-elf/lib/mhw-mulx\libc.a(lib_a-puts.o)
                0x0000000000007260                puts
 .text          0x0000000000007274        0x0 c:/altera_lite/15.1/nios2eds/bin/gnu/h-x86_64-mingw32/bin/../lib/gcc/nios2-elf/4.9.2/../../../../../H-x86_64-mingw32/nios2-elf/lib/mhw-mulx\libc.a(lib_a-sbrkr.o)
 .text._sbrk_r  0x0000000000007274       0x54 c:/altera_lite/15.1/nios2eds/bin/gnu/h-x86_64-mingw32/bin/../lib/gcc/nios2-elf/4.9.2/../../../../../H-x86_64-mingw32/nios2-elf/lib/mhw-mulx\libc.a(lib_a-sbrkr.o)
                0x0000000000007274                _sbrk_r
 .text          0x00000000000072c8        0x0 c:/altera_lite/15.1/nios2eds/bin/gnu/h-x86_64-mingw32/bin/../lib/gcc/nios2-elf/4.9.2/../../../../../H-x86_64-mingw32/nios2-elf/lib/mhw-mulx\libc.a(lib_a-sprintf.o)
 .text._sprintf_r
                0x00000000000072c8       0x58 c:/altera_lite/15.1/nios2eds/bin/gnu/h-x86_64-mingw32/bin/../lib/gcc/nios2-elf/4.9.2/../../../../../H-x86_64-mingw32/nios2-elf/lib/mhw-mulx\libc.a(lib_a-sprintf.o)
                0x00000000000072c8                _sprintf_r
 .text.sprintf  0x0000000000007320       0x6c c:/altera_lite/15.1/nios2eds/bin/gnu/h-x86_64-mingw32/bin/../lib/gcc/nios2-elf/4.9.2/../../../../../H-x86_64-mingw32/nios2-elf/lib/mhw-mulx\libc.a(lib_a-sprintf.o)
                0x0000000000007320                sprintf
 .text          0x000000000000738c        0x0 c:/altera_lite/15.1/nios2eds/bin/gnu/h-x86_64-mingw32/bin/../lib/gcc/nios2-elf/4.9.2/../../../../../H-x86_64-mingw32/nios2-elf/lib/mhw-mulx\libc.a(lib_a-strlen.o)
 .text.strlen   0x000000000000738c       0x98 c:/altera_lite/15.1/nios2eds/bin/gnu/h-x86_64-mingw32/bin/../lib/gcc/nios2-elf/4.9.2/../../../../../H-x86_64-mingw32/nios2-elf/lib/mhw-mulx\libc.a(lib_a-strlen.o)
                0x000000000000738c                strlen
 .text          0x0000000000007424        0x0 c:/altera_lite/15.1/nios2eds/bin/gnu/h-x86_64-mingw32/bin/../lib/gcc/nios2-elf/4.9.2/../../../../../H-x86_64-mingw32/nios2-elf/lib/mhw-mulx\libc.a(lib_a-svfprintf.o)
 .text.___svfprintf_internal_r
                0x0000000000007424     0x1f90 c:/altera_lite/15.1/nios2eds/bin/gnu/h-x86_64-mingw32/bin/../lib/gcc/nios2-elf/4.9.2/../../../../../H-x86_64-mingw32/nios2-elf/lib/mhw-mulx\libc.a(lib_a-svfprintf.o)
                0x0000000000007424                ___svfprintf_internal_r
 .text          0x00000000000093b4        0x0 c:/altera_lite/15.1/nios2eds/bin/gnu/h-x86_64-mingw32/bin/../lib/gcc/nios2-elf/4.9.2/../../../../../H-x86_64-mingw32/nios2-elf/lib/mhw-mulx\libc.a(lib_a-vfprintf.o)
 .text.___vfprintf_internal_r
                0x00000000000093b4     0x1f50 c:/altera_lite/15.1/nios2eds/bin/gnu/h-x86_64-mingw32/bin/../lib/gcc/nios2-elf/4.9.2/../../../../../H-x86_64-mingw32/nios2-elf/lib/mhw-mulx\libc.a(lib_a-vfprintf.o)
                0x00000000000093b4                ___vfprintf_internal_r
 .text.__vfprintf_internal
                0x000000000000b304       0x24 c:/altera_lite/15.1/nios2eds/bin/gnu/h-x86_64-mingw32/bin/../lib/gcc/nios2-elf/4.9.2/../../../../../H-x86_64-mingw32/nios2-elf/lib/mhw-mulx\libc.a(lib_a-vfprintf.o)
                0x000000000000b304                __vfprintf_internal
 .text.__sbprintf
                0x000000000000b328       0xbc c:/altera_lite/15.1/nios2eds/bin/gnu/h-x86_64-mingw32/bin/../lib/gcc/nios2-elf/4.9.2/../../../../../H-x86_64-mingw32/nios2-elf/lib/mhw-mulx\libc.a(lib_a-vfprintf.o)
 .text          0x000000000000b3e4        0x0 c:/altera_lite/15.1/nios2eds/bin/gnu/h-x86_64-mingw32/bin/../lib/gcc/nios2-elf/4.9.2/../../../../../H-x86_64-mingw32/nios2-elf/lib/mhw-mulx\libc.a(lib_a-wsetup.o)
 .text.__swsetup_r
                0x000000000000b3e4      0x154 c:/altera_lite/15.1/nios2eds/bin/gnu/h-x86_64-mingw32/bin/../lib/gcc/nios2-elf/4.9.2/../../../../../H-x86_64-mingw32/nios2-elf/lib/mhw-mulx\libc.a(lib_a-wsetup.o)
                0x000000000000b3e4                __swsetup_r
 .text          0x000000000000b538        0x0 c:/altera_lite/15.1/nios2eds/bin/gnu/h-x86_64-mingw32/bin/../lib/gcc/nios2-elf/4.9.2/../../../../../H-x86_64-mingw32/nios2-elf/lib/mhw-mulx\libc.a(lib_a-dtoa.o)
 .text.quorem   0x000000000000b538      0x200 c:/altera_lite/15.1/nios2eds/bin/gnu/h-x86_64-mingw32/bin/../lib/gcc/nios2-elf/4.9.2/../../../../../H-x86_64-mingw32/nios2-elf/lib/mhw-mulx\libc.a(lib_a-dtoa.o)
 .text._dtoa_r  0x000000000000b738     0x1728 c:/altera_lite/15.1/nios2eds/bin/gnu/h-x86_64-mingw32/bin/../lib/gcc/nios2-elf/4.9.2/../../../../../H-x86_64-mingw32/nios2-elf/lib/mhw-mulx\libc.a(lib_a-dtoa.o)
                0x000000000000b738                _dtoa_r
 .text          0x000000000000ce60        0x0 c:/altera_lite/15.1/nios2eds/bin/gnu/h-x86_64-mingw32/bin/../lib/gcc/nios2-elf/4.9.2/../../../../../H-x86_64-mingw32/nios2-elf/lib/mhw-mulx\libc.a(lib_a-fflush.o)
 .text.__sflush_r
                0x000000000000ce60      0x208 c:/altera_lite/15.1/nios2eds/bin/gnu/h-x86_64-mingw32/bin/../lib/gcc/nios2-elf/4.9.2/../../../../../H-x86_64-mingw32/nios2-elf/lib/mhw-mulx\libc.a(lib_a-fflush.o)
                0x000000000000ce60                __sflush_r
 .text._fflush_r
                0x000000000000d068       0x5c c:/altera_lite/15.1/nios2eds/bin/gnu/h-x86_64-mingw32/bin/../lib/gcc/nios2-elf/4.9.2/../../../../../H-x86_64-mingw32/nios2-elf/lib/mhw-mulx\libc.a(lib_a-fflush.o)
                0x000000000000d068                _fflush_r
 .text.fflush   0x000000000000d0c4       0x30 c:/altera_lite/15.1/nios2eds/bin/gnu/h-x86_64-mingw32/bin/../lib/gcc/nios2-elf/4.9.2/../../../../../H-x86_64-mingw32/nios2-elf/lib/mhw-mulx\libc.a(lib_a-fflush.o)
                0x000000000000d0c4                fflush
 .text          0x000000000000d0f4        0x0 c:/altera_lite/15.1/nios2eds/bin/gnu/h-x86_64-mingw32/bin/../lib/gcc/nios2-elf/4.9.2/../../../../../H-x86_64-mingw32/nios2-elf/lib/mhw-mulx\libc.a(lib_a-findfp.o)
 .text.__fp_lock
                0x000000000000d0f4        0x8 c:/altera_lite/15.1/nios2eds/bin/gnu/h-x86_64-mingw32/bin/../lib/gcc/nios2-elf/4.9.2/../../../../../H-x86_64-mingw32/nios2-elf/lib/mhw-mulx\libc.a(lib_a-findfp.o)
 .text.__fp_unlock
                0x000000000000d0fc        0x8 c:/altera_lite/15.1/nios2eds/bin/gnu/h-x86_64-mingw32/bin/../lib/gcc/nios2-elf/4.9.2/../../../../../H-x86_64-mingw32/nios2-elf/lib/mhw-mulx\libc.a(lib_a-findfp.o)
 .text._cleanup_r
                0x000000000000d104        0xc c:/altera_lite/15.1/nios2eds/bin/gnu/h-x86_64-mingw32/bin/../lib/gcc/nios2-elf/4.9.2/../../../../../H-x86_64-mingw32/nios2-elf/lib/mhw-mulx\libc.a(lib_a-findfp.o)
                0x000000000000d104                _cleanup_r
 .text.__sinit.part.1
                0x000000000000d110      0x19c c:/altera_lite/15.1/nios2eds/bin/gnu/h-x86_64-mingw32/bin/../lib/gcc/nios2-elf/4.9.2/../../../../../H-x86_64-mingw32/nios2-elf/lib/mhw-mulx\libc.a(lib_a-findfp.o)
 .text.__sfmoreglue
                0x000000000000d2ac       0x68 c:/altera_lite/15.1/nios2eds/bin/gnu/h-x86_64-mingw32/bin/../lib/gcc/nios2-elf/4.9.2/../../../../../H-x86_64-mingw32/nios2-elf/lib/mhw-mulx\libc.a(lib_a-findfp.o)
                0x000000000000d2ac                __sfmoreglue
 .text.__sfp    0x000000000000d314      0x118 c:/altera_lite/15.1/nios2eds/bin/gnu/h-x86_64-mingw32/bin/../lib/gcc/nios2-elf/4.9.2/../../../../../H-x86_64-mingw32/nios2-elf/lib/mhw-mulx\libc.a(lib_a-findfp.o)
                0x000000000000d314                __sfp
 .text._cleanup
                0x000000000000d42c       0x18 c:/altera_lite/15.1/nios2eds/bin/gnu/h-x86_64-mingw32/bin/../lib/gcc/nios2-elf/4.9.2/../../../../../H-x86_64-mingw32/nios2-elf/lib/mhw-mulx\libc.a(lib_a-findfp.o)
                0x000000000000d42c                _cleanup
 .text.__sinit  0x000000000000d444       0x10 c:/altera_lite/15.1/nios2eds/bin/gnu/h-x86_64-mingw32/bin/../lib/gcc/nios2-elf/4.9.2/../../../../../H-x86_64-mingw32/nios2-elf/lib/mhw-mulx\libc.a(lib_a-findfp.o)
                0x000000000000d444                __sinit
 .text.__sfp_lock_acquire
                0x000000000000d454        0x4 c:/altera_lite/15.1/nios2eds/bin/gnu/h-x86_64-mingw32/bin/../lib/gcc/nios2-elf/4.9.2/../../../../../H-x86_64-mingw32/nios2-elf/lib/mhw-mulx\libc.a(lib_a-findfp.o)
                0x000000000000d454                __sfp_lock_acquire
 .text.__sfp_lock_release
                0x000000000000d458        0x4 c:/altera_lite/15.1/nios2eds/bin/gnu/h-x86_64-mingw32/bin/../lib/gcc/nios2-elf/4.9.2/../../../../../H-x86_64-mingw32/nios2-elf/lib/mhw-mulx\libc.a(lib_a-findfp.o)
                0x000000000000d458                __sfp_lock_release
 .text.__sinit_lock_acquire
                0x000000000000d45c        0x4 c:/altera_lite/15.1/nios2eds/bin/gnu/h-x86_64-mingw32/bin/../lib/gcc/nios2-elf/4.9.2/../../../../../H-x86_64-mingw32/nios2-elf/lib/mhw-mulx\libc.a(lib_a-findfp.o)
                0x000000000000d45c                __sinit_lock_acquire
 .text.__sinit_lock_release
                0x000000000000d460        0x4 c:/altera_lite/15.1/nios2eds/bin/gnu/h-x86_64-mingw32/bin/../lib/gcc/nios2-elf/4.9.2/../../../../../H-x86_64-mingw32/nios2-elf/lib/mhw-mulx\libc.a(lib_a-findfp.o)
                0x000000000000d460                __sinit_lock_release
 .text.__fp_lock_all
                0x000000000000d464       0x18 c:/altera_lite/15.1/nios2eds/bin/gnu/h-x86_64-mingw32/bin/../lib/gcc/nios2-elf/4.9.2/../../../../../H-x86_64-mingw32/nios2-elf/lib/mhw-mulx\libc.a(lib_a-findfp.o)
                0x000000000000d464                __fp_lock_all
 .text.__fp_unlock_all
                0x000000000000d47c       0x18 c:/altera_lite/15.1/nios2eds/bin/gnu/h-x86_64-mingw32/bin/../lib/gcc/nios2-elf/4.9.2/../../../../../H-x86_64-mingw32/nios2-elf/lib/mhw-mulx\libc.a(lib_a-findfp.o)
                0x000000000000d47c                __fp_unlock_all
 .text          0x000000000000d494        0x0 c:/altera_lite/15.1/nios2eds/bin/gnu/h-x86_64-mingw32/bin/../lib/gcc/nios2-elf/4.9.2/../../../../../H-x86_64-mingw32/nios2-elf/lib/mhw-mulx\libc.a(lib_a-freer.o)
 .text._malloc_trim_r
                0x000000000000d494      0x124 c:/altera_lite/15.1/nios2eds/bin/gnu/h-x86_64-mingw32/bin/../lib/gcc/nios2-elf/4.9.2/../../../../../H-x86_64-mingw32/nios2-elf/lib/mhw-mulx\libc.a(lib_a-freer.o)
                0x000000000000d494                _malloc_trim_r
 .text._free_r  0x000000000000d5b8      0x2f0 c:/altera_lite/15.1/nios2eds/bin/gnu/h-x86_64-mingw32/bin/../lib/gcc/nios2-elf/4.9.2/../../../../../H-x86_64-mingw32/nios2-elf/lib/mhw-mulx\libc.a(lib_a-freer.o)
                0x000000000000d5b8                _free_r
 .text          0x000000000000d8a8        0x0 c:/altera_lite/15.1/nios2eds/bin/gnu/h-x86_64-mingw32/bin/../lib/gcc/nios2-elf/4.9.2/../../../../../H-x86_64-mingw32/nios2-elf/lib/mhw-mulx\libc.a(lib_a-fvwrite.o)
 .text.__sfvwrite_r
                0x000000000000d8a8      0x4c0 c:/altera_lite/15.1/nios2eds/bin/gnu/h-x86_64-mingw32/bin/../lib/gcc/nios2-elf/4.9.2/../../../../../H-x86_64-mingw32/nios2-elf/lib/mhw-mulx\libc.a(lib_a-fvwrite.o)
                0x000000000000d8a8                __sfvwrite_r
 .text          0x000000000000dd68        0x0 c:/altera_lite/15.1/nios2eds/bin/gnu/h-x86_64-mingw32/bin/../lib/gcc/nios2-elf/4.9.2/../../../../../H-x86_64-mingw32/nios2-elf/lib/mhw-mulx\libc.a(lib_a-fwalk.o)
 .text._fwalk   0x000000000000dd68       0xc4 c:/altera_lite/15.1/nios2eds/bin/gnu/h-x86_64-mingw32/bin/../lib/gcc/nios2-elf/4.9.2/../../../../../H-x86_64-mingw32/nios2-elf/lib/mhw-mulx\libc.a(lib_a-fwalk.o)
                0x000000000000dd68                _fwalk
 .text._fwalk_reent
                0x000000000000de2c       0xc4 c:/altera_lite/15.1/nios2eds/bin/gnu/h-x86_64-mingw32/bin/../lib/gcc/nios2-elf/4.9.2/../../../../../H-x86_64-mingw32/nios2-elf/lib/mhw-mulx\libc.a(lib_a-fwalk.o)
                0x000000000000de2c                _fwalk_reent
 .text          0x000000000000def0        0x0 c:/altera_lite/15.1/nios2eds/bin/gnu/h-x86_64-mingw32/bin/../lib/gcc/nios2-elf/4.9.2/../../../../../H-x86_64-mingw32/nios2-elf/lib/mhw-mulx\libc.a(lib_a-impure.o)
 .text          0x000000000000def0        0x0 c:/altera_lite/15.1/nios2eds/bin/gnu/h-x86_64-mingw32/bin/../lib/gcc/nios2-elf/4.9.2/../../../../../H-x86_64-mingw32/nios2-elf/lib/mhw-mulx\libc.a(lib_a-int_errno.o)
 .text          0x000000000000def0        0x0 c:/altera_lite/15.1/nios2eds/bin/gnu/h-x86_64-mingw32/bin/../lib/gcc/nios2-elf/4.9.2/../../../../../H-x86_64-mingw32/nios2-elf/lib/mhw-mulx\libc.a(lib_a-locale.o)
 .text._setlocale_r
                0x000000000000def0       0x7c c:/altera_lite/15.1/nios2eds/bin/gnu/h-x86_64-mingw32/bin/../lib/gcc/nios2-elf/4.9.2/../../../../../H-x86_64-mingw32/nios2-elf/lib/mhw-mulx\libc.a(lib_a-locale.o)
                0x000000000000def0                _setlocale_r
 .text.__locale_charset
                0x000000000000df6c        0xc c:/altera_lite/15.1/nios2eds/bin/gnu/h-x86_64-mingw32/bin/../lib/gcc/nios2-elf/4.9.2/../../../../../H-x86_64-mingw32/nios2-elf/lib/mhw-mulx\libc.a(lib_a-locale.o)
                0x000000000000df6c                __locale_charset
 .text.__locale_mb_cur_max
                0x000000000000df78       0x10 c:/altera_lite/15.1/nios2eds/bin/gnu/h-x86_64-mingw32/bin/../lib/gcc/nios2-elf/4.9.2/../../../../../H-x86_64-mingw32/nios2-elf/lib/mhw-mulx\libc.a(lib_a-locale.o)
                0x000000000000df78                __locale_mb_cur_max
 .text.__locale_msgcharset
                0x000000000000df88        0xc c:/altera_lite/15.1/nios2eds/bin/gnu/h-x86_64-mingw32/bin/../lib/gcc/nios2-elf/4.9.2/../../../../../H-x86_64-mingw32/nios2-elf/lib/mhw-mulx\libc.a(lib_a-locale.o)
                0x000000000000df88                __locale_msgcharset
 .text.__locale_cjk_lang
                0x000000000000df94        0x8 c:/altera_lite/15.1/nios2eds/bin/gnu/h-x86_64-mingw32/bin/../lib/gcc/nios2-elf/4.9.2/../../../../../H-x86_64-mingw32/nios2-elf/lib/mhw-mulx\libc.a(lib_a-locale.o)
                0x000000000000df94                __locale_cjk_lang
 .text._localeconv_r
                0x000000000000df9c        0xc c:/altera_lite/15.1/nios2eds/bin/gnu/h-x86_64-mingw32/bin/../lib/gcc/nios2-elf/4.9.2/../../../../../H-x86_64-mingw32/nios2-elf/lib/mhw-mulx\libc.a(lib_a-locale.o)
                0x000000000000df9c                _localeconv_r
 .text.setlocale
                0x000000000000dfa8       0x1c c:/altera_lite/15.1/nios2eds/bin/gnu/h-x86_64-mingw32/bin/../lib/gcc/nios2-elf/4.9.2/../../../../../H-x86_64-mingw32/nios2-elf/lib/mhw-mulx\libc.a(lib_a-locale.o)
                0x000000000000dfa8                setlocale
 .text.localeconv
                0x000000000000dfc4        0xc c:/altera_lite/15.1/nios2eds/bin/gnu/h-x86_64-mingw32/bin/../lib/gcc/nios2-elf/4.9.2/../../../../../H-x86_64-mingw32/nios2-elf/lib/mhw-mulx\libc.a(lib_a-locale.o)
                0x000000000000dfc4                localeconv
 .text          0x000000000000dfd0        0x0 c:/altera_lite/15.1/nios2eds/bin/gnu/h-x86_64-mingw32/bin/../lib/gcc/nios2-elf/4.9.2/../../../../../H-x86_64-mingw32/nios2-elf/lib/mhw-mulx\libc.a(lib_a-makebuf.o)
 .text.__smakebuf_r
                0x000000000000dfd0      0x1b8 c:/altera_lite/15.1/nios2eds/bin/gnu/h-x86_64-mingw32/bin/../lib/gcc/nios2-elf/4.9.2/../../../../../H-x86_64-mingw32/nios2-elf/lib/mhw-mulx\libc.a(lib_a-makebuf.o)
                0x000000000000dfd0                __smakebuf_r
 .text          0x000000000000e188        0x0 c:/altera_lite/15.1/nios2eds/bin/gnu/h-x86_64-mingw32/bin/../lib/gcc/nios2-elf/4.9.2/../../../../../H-x86_64-mingw32/nios2-elf/lib/mhw-mulx\libc.a(lib_a-memchr.o)
 .text.memchr   0x000000000000e188       0xe8 c:/altera_lite/15.1/nios2eds/bin/gnu/h-x86_64-mingw32/bin/../lib/gcc/nios2-elf/4.9.2/../../../../../H-x86_64-mingw32/nios2-elf/lib/mhw-mulx\libc.a(lib_a-memchr.o)
                0x000000000000e188                memchr
 .text          0x000000000000e270        0x0 c:/altera_lite/15.1/nios2eds/bin/gnu/h-x86_64-mingw32/bin/../lib/gcc/nios2-elf/4.9.2/../../../../../H-x86_64-mingw32/nios2-elf/lib/mhw-mulx\libc.a(lib_a-memmove.o)
 .text.memmove  0x000000000000e270      0x15c c:/altera_lite/15.1/nios2eds/bin/gnu/h-x86_64-mingw32/bin/../lib/gcc/nios2-elf/4.9.2/../../../../../H-x86_64-mingw32/nios2-elf/lib/mhw-mulx\libc.a(lib_a-memmove.o)
                0x000000000000e270                memmove
 .text          0x000000000000e3cc        0x0 c:/altera_lite/15.1/nios2eds/bin/gnu/h-x86_64-mingw32/bin/../lib/gcc/nios2-elf/4.9.2/../../../../../H-x86_64-mingw32/nios2-elf/lib/mhw-mulx\libc.a(lib_a-memset.o)
 .text.memset   0x000000000000e3cc      0x124 c:/altera_lite/15.1/nios2eds/bin/gnu/h-x86_64-mingw32/bin/../lib/gcc/nios2-elf/4.9.2/../../../../../H-x86_64-mingw32/nios2-elf/lib/mhw-mulx\libc.a(lib_a-memset.o)
                0x000000000000e3cc                memset
 .text          0x000000000000e4f0        0x0 c:/altera_lite/15.1/nios2eds/bin/gnu/h-x86_64-mingw32/bin/../lib/gcc/nios2-elf/4.9.2/../../../../../H-x86_64-mingw32/nios2-elf/lib/mhw-mulx\libc.a(lib_a-mprec.o)
 .text._Balloc  0x000000000000e4f0       0xa8 c:/altera_lite/15.1/nios2eds/bin/gnu/h-x86_64-mingw32/bin/../lib/gcc/nios2-elf/4.9.2/../../../../../H-x86_64-mingw32/nios2-elf/lib/mhw-mulx\libc.a(lib_a-mprec.o)
                0x000000000000e4f0                _Balloc
 .text._Bfree   0x000000000000e598       0x28 c:/altera_lite/15.1/nios2eds/bin/gnu/h-x86_64-mingw32/bin/../lib/gcc/nios2-elf/4.9.2/../../../../../H-x86_64-mingw32/nios2-elf/lib/mhw-mulx\libc.a(lib_a-mprec.o)
                0x000000000000e598                _Bfree
 .text.__multadd
                0x000000000000e5c0      0x120 c:/altera_lite/15.1/nios2eds/bin/gnu/h-x86_64-mingw32/bin/../lib/gcc/nios2-elf/4.9.2/../../../../../H-x86_64-mingw32/nios2-elf/lib/mhw-mulx\libc.a(lib_a-mprec.o)
                0x000000000000e5c0                __multadd
 .text.__s2b    0x000000000000e6e0      0x104 c:/altera_lite/15.1/nios2eds/bin/gnu/h-x86_64-mingw32/bin/../lib/gcc/nios2-elf/4.9.2/../../../../../H-x86_64-mingw32/nios2-elf/lib/mhw-mulx\libc.a(lib_a-mprec.o)
                0x000000000000e6e0                __s2b
 .text.__hi0bits
                0x000000000000e7e4       0x68 c:/altera_lite/15.1/nios2eds/bin/gnu/h-x86_64-mingw32/bin/../lib/gcc/nios2-elf/4.9.2/../../../../../H-x86_64-mingw32/nios2-elf/lib/mhw-mulx\libc.a(lib_a-mprec.o)
                0x000000000000e7e4                __hi0bits
 .text.__lo0bits
                0x000000000000e84c       0xb0 c:/altera_lite/15.1/nios2eds/bin/gnu/h-x86_64-mingw32/bin/../lib/gcc/nios2-elf/4.9.2/../../../../../H-x86_64-mingw32/nios2-elf/lib/mhw-mulx\libc.a(lib_a-mprec.o)
                0x000000000000e84c                __lo0bits
 .text.__i2b    0x000000000000e8fc       0x3c c:/altera_lite/15.1/nios2eds/bin/gnu/h-x86_64-mingw32/bin/../lib/gcc/nios2-elf/4.9.2/../../../../../H-x86_64-mingw32/nios2-elf/lib/mhw-mulx\libc.a(lib_a-mprec.o)
                0x000000000000e8fc                __i2b
 .text.__multiply
                0x000000000000e938      0x1fc c:/altera_lite/15.1/nios2eds/bin/gnu/h-x86_64-mingw32/bin/../lib/gcc/nios2-elf/4.9.2/../../../../../H-x86_64-mingw32/nios2-elf/lib/mhw-mulx\libc.a(lib_a-mprec.o)
                0x000000000000e938                __multiply
 .text.__pow5mult
                0x000000000000eb34      0x140 c:/altera_lite/15.1/nios2eds/bin/gnu/h-x86_64-mingw32/bin/../lib/gcc/nios2-elf/4.9.2/../../../../../H-x86_64-mingw32/nios2-elf/lib/mhw-mulx\libc.a(lib_a-mprec.o)
                0x000000000000eb34                __pow5mult
 .text.__lshift
                0x000000000000ec74      0x150 c:/altera_lite/15.1/nios2eds/bin/gnu/h-x86_64-mingw32/bin/../lib/gcc/nios2-elf/4.9.2/../../../../../H-x86_64-mingw32/nios2-elf/lib/mhw-mulx\libc.a(lib_a-mprec.o)
                0x000000000000ec74                __lshift
 .text.__mcmp   0x000000000000edc4       0x60 c:/altera_lite/15.1/nios2eds/bin/gnu/h-x86_64-mingw32/bin/../lib/gcc/nios2-elf/4.9.2/../../../../../H-x86_64-mingw32/nios2-elf/lib/mhw-mulx\libc.a(lib_a-mprec.o)
                0x000000000000edc4                __mcmp
 .text.__mdiff  0x000000000000ee24      0x198 c:/altera_lite/15.1/nios2eds/bin/gnu/h-x86_64-mingw32/bin/../lib/gcc/nios2-elf/4.9.2/../../../../../H-x86_64-mingw32/nios2-elf/lib/mhw-mulx\libc.a(lib_a-mprec.o)
                0x000000000000ee24                __mdiff
 .text.__ulp    0x000000000000efbc       0x60 c:/altera_lite/15.1/nios2eds/bin/gnu/h-x86_64-mingw32/bin/../lib/gcc/nios2-elf/4.9.2/../../../../../H-x86_64-mingw32/nios2-elf/lib/mhw-mulx\libc.a(lib_a-mprec.o)
                0x000000000000efbc                __ulp
 .text.__b2d    0x000000000000f01c      0x11c c:/altera_lite/15.1/nios2eds/bin/gnu/h-x86_64-mingw32/bin/../lib/gcc/nios2-elf/4.9.2/../../../../../H-x86_64-mingw32/nios2-elf/lib/mhw-mulx\libc.a(lib_a-mprec.o)
                0x000000000000f01c                __b2d
 .text.__d2b    0x000000000000f138      0x13c c:/altera_lite/15.1/nios2eds/bin/gnu/h-x86_64-mingw32/bin/../lib/gcc/nios2-elf/4.9.2/../../../../../H-x86_64-mingw32/nios2-elf/lib/mhw-mulx\libc.a(lib_a-mprec.o)
                0x000000000000f138                __d2b
 .text.__ratio  0x000000000000f274       0xa4 c:/altera_lite/15.1/nios2eds/bin/gnu/h-x86_64-mingw32/bin/../lib/gcc/nios2-elf/4.9.2/../../../../../H-x86_64-mingw32/nios2-elf/lib/mhw-mulx\libc.a(lib_a-mprec.o)
                0x000000000000f274                __ratio
 .text._mprec_log10
                0x000000000000f318       0x74 c:/altera_lite/15.1/nios2eds/bin/gnu/h-x86_64-mingw32/bin/../lib/gcc/nios2-elf/4.9.2/../../../../../H-x86_64-mingw32/nios2-elf/lib/mhw-mulx\libc.a(lib_a-mprec.o)
                0x000000000000f318                _mprec_log10
 .text.__copybits
                0x000000000000f38c       0x78 c:/altera_lite/15.1/nios2eds/bin/gnu/h-x86_64-mingw32/bin/../lib/gcc/nios2-elf/4.9.2/../../../../../H-x86_64-mingw32/nios2-elf/lib/mhw-mulx\libc.a(lib_a-mprec.o)
                0x000000000000f38c                __copybits
 .text.__any_on
                0x000000000000f404       0x8c c:/altera_lite/15.1/nios2eds/bin/gnu/h-x86_64-mingw32/bin/../lib/gcc/nios2-elf/4.9.2/../../../../../H-x86_64-mingw32/nios2-elf/lib/mhw-mulx\libc.a(lib_a-mprec.o)
                0x000000000000f404                __any_on
 .text          0x000000000000f490        0x0 c:/altera_lite/15.1/nios2eds/bin/gnu/h-x86_64-mingw32/bin/../lib/gcc/nios2-elf/4.9.2/../../../../../H-x86_64-mingw32/nios2-elf/lib/mhw-mulx\libc.a(lib_a-reallocr.o)
 .text._realloc_r
                0x000000000000f490      0x568 c:/altera_lite/15.1/nios2eds/bin/gnu/h-x86_64-mingw32/bin/../lib/gcc/nios2-elf/4.9.2/../../../../../H-x86_64-mingw32/nios2-elf/lib/mhw-mulx\libc.a(lib_a-reallocr.o)
                0x000000000000f490                _realloc_r
 .text          0x000000000000f9f8        0x0 c:/altera_lite/15.1/nios2eds/bin/gnu/h-x86_64-mingw32/bin/../lib/gcc/nios2-elf/4.9.2/../../../../../H-x86_64-mingw32/nios2-elf/lib/mhw-mulx\libc.a(lib_a-s_fpclassify.o)
 .text.__fpclassifyd
                0x000000000000f9f8       0x74 c:/altera_lite/15.1/nios2eds/bin/gnu/h-x86_64-mingw32/bin/../lib/gcc/nios2-elf/4.9.2/../../../../../H-x86_64-mingw32/nios2-elf/lib/mhw-mulx\libc.a(lib_a-s_fpclassify.o)
                0x000000000000f9f8                __fpclassifyd
 .text          0x000000000000fa6c        0x0 c:/altera_lite/15.1/nios2eds/bin/gnu/h-x86_64-mingw32/bin/../lib/gcc/nios2-elf/4.9.2/../../../../../H-x86_64-mingw32/nios2-elf/lib/mhw-mulx\libc.a(lib_a-stdio.o)
 .text.__sread  0x000000000000fa6c       0x54 c:/altera_lite/15.1/nios2eds/bin/gnu/h-x86_64-mingw32/bin/../lib/gcc/nios2-elf/4.9.2/../../../../../H-x86_64-mingw32/nios2-elf/lib/mhw-mulx\libc.a(lib_a-stdio.o)
                0x000000000000fa6c                __sread
 .text.__seofread
                0x000000000000fac0        0x8 c:/altera_lite/15.1/nios2eds/bin/gnu/h-x86_64-mingw32/bin/../lib/gcc/nios2-elf/4.9.2/../../../../../H-x86_64-mingw32/nios2-elf/lib/mhw-mulx\libc.a(lib_a-stdio.o)
                0x000000000000fac0                __seofread
 .text.__swrite
                0x000000000000fac8       0x7c c:/altera_lite/15.1/nios2eds/bin/gnu/h-x86_64-mingw32/bin/../lib/gcc/nios2-elf/4.9.2/../../../../../H-x86_64-mingw32/nios2-elf/lib/mhw-mulx\libc.a(lib_a-stdio.o)
                0x000000000000fac8                __swrite
 .text.__sseek  0x000000000000fb44       0x5c c:/altera_lite/15.1/nios2eds/bin/gnu/h-x86_64-mingw32/bin/../lib/gcc/nios2-elf/4.9.2/../../../../../H-x86_64-mingw32/nios2-elf/lib/mhw-mulx\libc.a(lib_a-stdio.o)
                0x000000000000fb44                __sseek
 .text.__sclose
                0x000000000000fba0        0x8 c:/altera_lite/15.1/nios2eds/bin/gnu/h-x86_64-mingw32/bin/../lib/gcc/nios2-elf/4.9.2/../../../../../H-x86_64-mingw32/nios2-elf/lib/mhw-mulx\libc.a(lib_a-stdio.o)
                0x000000000000fba0                __sclose
 .text          0x000000000000fba8        0x0 c:/altera_lite/15.1/nios2eds/bin/gnu/h-x86_64-mingw32/bin/../lib/gcc/nios2-elf/4.9.2/../../../../../H-x86_64-mingw32/nios2-elf/lib/mhw-mulx\libc.a(lib_a-strcmp.o)
 .text.strcmp   0x000000000000fba8       0xa4 c:/altera_lite/15.1/nios2eds/bin/gnu/h-x86_64-mingw32/bin/../lib/gcc/nios2-elf/4.9.2/../../../../../H-x86_64-mingw32/nios2-elf/lib/mhw-mulx\libc.a(lib_a-strcmp.o)
                0x000000000000fba8                strcmp
 .text          0x000000000000fc4c        0x0 c:/altera_lite/15.1/nios2eds/bin/gnu/h-x86_64-mingw32/bin/../lib/gcc/nios2-elf/4.9.2/../../../../../H-x86_64-mingw32/nios2-elf/lib/mhw-mulx\libc.a(lib_a-svfiprintf.o)
 .text.__ssprint_r
                0x000000000000fc4c      0x1cc c:/altera_lite/15.1/nios2eds/bin/gnu/h-x86_64-mingw32/bin/../lib/gcc/nios2-elf/4.9.2/../../../../../H-x86_64-mingw32/nios2-elf/lib/mhw-mulx\libc.a(lib_a-svfiprintf.o)
                0x000000000000fc4c                __ssprint_r
 .text.___svfiprintf_internal_r
                0x000000000000fe18     0x1038 c:/altera_lite/15.1/nios2eds/bin/gnu/h-x86_64-mingw32/bin/../lib/gcc/nios2-elf/4.9.2/../../../../../H-x86_64-mingw32/nios2-elf/lib/mhw-mulx\libc.a(lib_a-svfiprintf.o)
                0x000000000000fe18                ___svfiprintf_internal_r
 .text          0x0000000000010e50        0x0 c:/altera_lite/15.1/nios2eds/bin/gnu/h-x86_64-mingw32/bin/../lib/gcc/nios2-elf/4.9.2/../../../../../H-x86_64-mingw32/nios2-elf/lib/mhw-mulx\libc.a(lib_a-vfiprintf.o)
 .text.__sprint_r.part.0
                0x0000000000010e50       0xfc c:/altera_lite/15.1/nios2eds/bin/gnu/h-x86_64-mingw32/bin/../lib/gcc/nios2-elf/4.9.2/../../../../../H-x86_64-mingw32/nios2-elf/lib/mhw-mulx\libc.a(lib_a-vfiprintf.o)
 .text.__sprint_r
                0x0000000000010f4c       0x18 c:/altera_lite/15.1/nios2eds/bin/gnu/h-x86_64-mingw32/bin/../lib/gcc/nios2-elf/4.9.2/../../../../../H-x86_64-mingw32/nios2-elf/lib/mhw-mulx\libc.a(lib_a-vfiprintf.o)
                0x0000000000010f4c                __sprint_r
 .text.___vfiprintf_internal_r
                0x0000000000010f64     0x12d0 c:/altera_lite/15.1/nios2eds/bin/gnu/h-x86_64-mingw32/bin/../lib/gcc/nios2-elf/4.9.2/../../../../../H-x86_64-mingw32/nios2-elf/lib/mhw-mulx\libc.a(lib_a-vfiprintf.o)
                0x0000000000010f64                ___vfiprintf_internal_r
 .text.__vfiprintf_internal
                0x0000000000012234       0x24 c:/altera_lite/15.1/nios2eds/bin/gnu/h-x86_64-mingw32/bin/../lib/gcc/nios2-elf/4.9.2/../../../../../H-x86_64-mingw32/nios2-elf/lib/mhw-mulx\libc.a(lib_a-vfiprintf.o)
                0x0000000000012234                __vfiprintf_internal
 .text.__sbprintf
                0x0000000000012258       0xbc c:/altera_lite/15.1/nios2eds/bin/gnu/h-x86_64-mingw32/bin/../lib/gcc/nios2-elf/4.9.2/../../../../../H-x86_64-mingw32/nios2-elf/lib/mhw-mulx\libc.a(lib_a-vfiprintf.o)
 .text          0x0000000000012314        0x0 c:/altera_lite/15.1/nios2eds/bin/gnu/h-x86_64-mingw32/bin/../lib/gcc/nios2-elf/4.9.2/../../../../../H-x86_64-mingw32/nios2-elf/lib/mhw-mulx\libc.a(lib_a-writer.o)
 .text._write_r
                0x0000000000012314       0x5c c:/altera_lite/15.1/nios2eds/bin/gnu/h-x86_64-mingw32/bin/../lib/gcc/nios2-elf/4.9.2/../../../../../H-x86_64-mingw32/nios2-elf/lib/mhw-mulx\libc.a(lib_a-writer.o)
                0x0000000000012314                _write_r
 .text          0x0000000000012370        0x0 c:/altera_lite/15.1/nios2eds/bin/gnu/h-x86_64-mingw32/bin/../lib/gcc/nios2-elf/4.9.2/../../../../../H-x86_64-mingw32/nios2-elf/lib/mhw-mulx\libc.a(closer.o)
 .text._close_r
                0x0000000000012370       0x54 c:/altera_lite/15.1/nios2eds/bin/gnu/h-x86_64-mingw32/bin/../lib/gcc/nios2-elf/4.9.2/../../../../../H-x86_64-mingw32/nios2-elf/lib/mhw-mulx\libc.a(closer.o)
                0x0000000000012370                _close_r
 .text          0x00000000000123c4        0x0 c:/altera_lite/15.1/nios2eds/bin/gnu/h-x86_64-mingw32/bin/../lib/gcc/nios2-elf/4.9.2/../../../../../H-x86_64-mingw32/nios2-elf/lib/mhw-mulx\libc.a(lib_a-callocr.o)
 .text._calloc_r
                0x00000000000123c4       0xc4 c:/altera_lite/15.1/nios2eds/bin/gnu/h-x86_64-mingw32/bin/../lib/gcc/nios2-elf/4.9.2/../../../../../H-x86_64-mingw32/nios2-elf/lib/mhw-mulx\libc.a(lib_a-callocr.o)
                0x00000000000123c4                _calloc_r
 .text          0x0000000000012488        0x0 c:/altera_lite/15.1/nios2eds/bin/gnu/h-x86_64-mingw32/bin/../lib/gcc/nios2-elf/4.9.2/../../../../../H-x86_64-mingw32/nios2-elf/lib/mhw-mulx\libc.a(lib_a-fclose.o)
 .text._fclose_r
                0x0000000000012488       0xf0 c:/altera_lite/15.1/nios2eds/bin/gnu/h-x86_64-mingw32/bin/../lib/gcc/nios2-elf/4.9.2/../../../../../H-x86_64-mingw32/nios2-elf/lib/mhw-mulx\libc.a(lib_a-fclose.o)
                0x0000000000012488                _fclose_r
 .text.fclose   0x0000000000012578       0x14 c:/altera_lite/15.1/nios2eds/bin/gnu/h-x86_64-mingw32/bin/../lib/gcc/nios2-elf/4.9.2/../../../../../H-x86_64-mingw32/nios2-elf/lib/mhw-mulx\libc.a(lib_a-fclose.o)
                0x0000000000012578                fclose
 .text          0x000000000001258c        0x0 c:/altera_lite/15.1/nios2eds/bin/gnu/h-x86_64-mingw32/bin/../lib/gcc/nios2-elf/4.9.2/../../../../../H-x86_64-mingw32/nios2-elf/lib/mhw-mulx\libc.a(lib_a-fputwc.o)
 .text._fputwc_r
                0x000000000001258c      0x184 c:/altera_lite/15.1/nios2eds/bin/gnu/h-x86_64-mingw32/bin/../lib/gcc/nios2-elf/4.9.2/../../../../../H-x86_64-mingw32/nios2-elf/lib/mhw-mulx\libc.a(lib_a-fputwc.o)
                0x000000000001258c                _fputwc_r
 .text.fputwc   0x0000000000012710       0x5c c:/altera_lite/15.1/nios2eds/bin/gnu/h-x86_64-mingw32/bin/../lib/gcc/nios2-elf/4.9.2/../../../../../H-x86_64-mingw32/nios2-elf/lib/mhw-mulx\libc.a(lib_a-fputwc.o)
                0x0000000000012710                fputwc
 .text          0x000000000001276c        0x0 c:/altera_lite/15.1/nios2eds/bin/gnu/h-x86_64-mingw32/bin/../lib/gcc/nios2-elf/4.9.2/../../../../../H-x86_64-mingw32/nios2-elf/lib/mhw-mulx\libc.a(lib_a-fstatr.o)
 .text._fstat_r
                0x000000000001276c       0x58 c:/altera_lite/15.1/nios2eds/bin/gnu/h-x86_64-mingw32/bin/../lib/gcc/nios2-elf/4.9.2/../../../../../H-x86_64-mingw32/nios2-elf/lib/mhw-mulx\libc.a(lib_a-fstatr.o)
                0x000000000001276c                _fstat_r
 .text          0x00000000000127c4        0x0 c:/altera_lite/15.1/nios2eds/bin/gnu/h-x86_64-mingw32/bin/../lib/gcc/nios2-elf/4.9.2/../../../../../H-x86_64-mingw32/nios2-elf/lib/mhw-mulx\libc.a(lib_a-isattyr.o)
 .text._isatty_r
                0x00000000000127c4       0x54 c:/altera_lite/15.1/nios2eds/bin/gnu/h-x86_64-mingw32/bin/../lib/gcc/nios2-elf/4.9.2/../../../../../H-x86_64-mingw32/nios2-elf/lib/mhw-mulx\libc.a(lib_a-isattyr.o)
                0x00000000000127c4                _isatty_r
 .text          0x0000000000012818        0x0 c:/altera_lite/15.1/nios2eds/bin/gnu/h-x86_64-mingw32/bin/../lib/gcc/nios2-elf/4.9.2/../../../../../H-x86_64-mingw32/nios2-elf/lib/mhw-mulx\libc.a(lib_a-lseekr.o)
 .text._lseek_r
                0x0000000000012818       0x5c c:/altera_lite/15.1/nios2eds/bin/gnu/h-x86_64-mingw32/bin/../lib/gcc/nios2-elf/4.9.2/../../../../../H-x86_64-mingw32/nios2-elf/lib/mhw-mulx\libc.a(lib_a-lseekr.o)
                0x0000000000012818                _lseek_r
 .text          0x0000000000012874        0x0 c:/altera_lite/15.1/nios2eds/bin/gnu/h-x86_64-mingw32/bin/../lib/gcc/nios2-elf/4.9.2/../../../../../H-x86_64-mingw32/nios2-elf/lib/mhw-mulx\libc.a(lib_a-readr.o)
 .text._read_r  0x0000000000012874       0x5c c:/altera_lite/15.1/nios2eds/bin/gnu/h-x86_64-mingw32/bin/../lib/gcc/nios2-elf/4.9.2/../../../../../H-x86_64-mingw32/nios2-elf/lib/mhw-mulx\libc.a(lib_a-readr.o)
                0x0000000000012874                _read_r
 .text          0x00000000000128d0        0x0 c:/altera_lite/15.1/nios2eds/bin/gnu/h-x86_64-mingw32/bin/../lib/gcc/nios2-elf/4.9.2/../../../../../H-x86_64-mingw32/nios2-elf/lib/mhw-mulx\libc.a(lib_a-wbuf.o)
 .text.__swbuf_r
                0x00000000000128d0      0x138 c:/altera_lite/15.1/nios2eds/bin/gnu/h-x86_64-mingw32/bin/../lib/gcc/nios2-elf/4.9.2/../../../../../H-x86_64-mingw32/nios2-elf/lib/mhw-mulx\libc.a(lib_a-wbuf.o)
                0x00000000000128d0                __swbuf_r
 .text.__swbuf  0x0000000000012a08       0x1c c:/altera_lite/15.1/nios2eds/bin/gnu/h-x86_64-mingw32/bin/../lib/gcc/nios2-elf/4.9.2/../../../../../H-x86_64-mingw32/nios2-elf/lib/mhw-mulx\libc.a(lib_a-wbuf.o)
                0x0000000000012a08                __swbuf
 .text          0x0000000000012a24        0x0 c:/altera_lite/15.1/nios2eds/bin/gnu/h-x86_64-mingw32/bin/../lib/gcc/nios2-elf/4.9.2/../../../../../H-x86_64-mingw32/nios2-elf/lib/mhw-mulx\libc.a(lib_a-wcrtomb.o)
 .text._wcrtomb_r
                0x0000000000012a24       0x9c c:/altera_lite/15.1/nios2eds/bin/gnu/h-x86_64-mingw32/bin/../lib/gcc/nios2-elf/4.9.2/../../../../../H-x86_64-mingw32/nios2-elf/lib/mhw-mulx\libc.a(lib_a-wcrtomb.o)
                0x0000000000012a24                _wcrtomb_r
 .text.wcrtomb  0x0000000000012ac0       0xc0 c:/altera_lite/15.1/nios2eds/bin/gnu/h-x86_64-mingw32/bin/../lib/gcc/nios2-elf/4.9.2/../../../../../H-x86_64-mingw32/nios2-elf/lib/mhw-mulx\libc.a(lib_a-wcrtomb.o)
                0x0000000000012ac0                wcrtomb
 .text          0x0000000000012b80        0x0 c:/altera_lite/15.1/nios2eds/bin/gnu/h-x86_64-mingw32/bin/../lib/gcc/nios2-elf/4.9.2/../../../../../H-x86_64-mingw32/nios2-elf/lib/mhw-mulx\libc.a(lib_a-wctomb_r.o)
 .text.__ascii_wctomb
                0x0000000000012b80       0x30 c:/altera_lite/15.1/nios2eds/bin/gnu/h-x86_64-mingw32/bin/../lib/gcc/nios2-elf/4.9.2/../../../../../H-x86_64-mingw32/nios2-elf/lib/mhw-mulx\libc.a(lib_a-wctomb_r.o)
                0x0000000000012b80                __ascii_wctomb
 .text._wctomb_r
                0x0000000000012bb0       0x5c c:/altera_lite/15.1/nios2eds/bin/gnu/h-x86_64-mingw32/bin/../lib/gcc/nios2-elf/4.9.2/../../../../../H-x86_64-mingw32/nios2-elf/lib/mhw-mulx\libc.a(lib_a-wctomb_r.o)
                0x0000000000012bb0                _wctomb_r
 .text          0x0000000000012c0c      0x5c0 c:/altera_lite/15.1/nios2eds/bin/gnu/h-x86_64-mingw32/bin/../lib/gcc/nios2-elf/4.9.2/mhw-mulx\libgcc.a(_udivdi3.o)
                0x0000000000012c0c                __udivdi3
 .text          0x00000000000131cc      0x590 c:/altera_lite/15.1/nios2eds/bin/gnu/h-x86_64-mingw32/bin/../lib/gcc/nios2-elf/4.9.2/mhw-mulx\libgcc.a(_umoddi3.o)
                0x00000000000131cc                __umoddi3
 .text          0x000000000001375c      0x8cc c:/altera_lite/15.1/nios2eds/bin/gnu/h-x86_64-mingw32/bin/../lib/gcc/nios2-elf/4.9.2/mhw-mulx\libgcc.a(divdf3.o)
                0x000000000001375c                __divdf3
 .text          0x0000000000014028       0xe0 c:/altera_lite/15.1/nios2eds/bin/gnu/h-x86_64-mingw32/bin/../lib/gcc/nios2-elf/4.9.2/mhw-mulx\libgcc.a(ledf2.o)
                0x0000000000014028                __ledf2
                0x0000000000014028                __ltdf2
 .text          0x0000000000014108       0xa4 c:/altera_lite/15.1/nios2eds/bin/gnu/h-x86_64-mingw32/bin/../lib/gcc/nios2-elf/4.9.2/mhw-mulx\libgcc.a(floatunsidf.o)
                0x0000000000014108                __floatunsidf
 .text          0x00000000000141ac      0x120 C:/Users/Eldin/Documents/GitHub/Neon3D/FPGA/Software/Neon3DSoftware_bsp/\libucosii_bsp.a(alt_close.o)
                0x00000000000141fc                close
 .text          0x00000000000142cc       0x2c C:/Users/Eldin/Documents/GitHub/Neon3D/FPGA/Software/Neon3DSoftware_bsp/\libucosii_bsp.a(alt_dev.o)
 .text          0x00000000000142f8        0x0 C:/Users/Eldin/Documents/GitHub/Neon3D/FPGA/Software/Neon3DSoftware_bsp/\libucosii_bsp.a(alt_errno.o)
 .text          0x00000000000142f8      0x100 C:/Users/Eldin/Documents/GitHub/Neon3D/FPGA/Software/Neon3DSoftware_bsp/\libucosii_bsp.a(alt_fstat.o)
                0x0000000000014348                fstat
 .text          0x00000000000143f8       0xf4 C:/Users/Eldin/Documents/GitHub/Neon3D/FPGA/Software/Neon3DSoftware_bsp/\libucosii_bsp.a(alt_isatty.o)
                0x0000000000014448                isatty
 .text          0x00000000000144ec       0xe4 C:/Users/Eldin/Documents/GitHub/Neon3D/FPGA/Software/Neon3DSoftware_bsp/\libucosii_bsp.a(alt_load.o)
                0x0000000000014550                alt_load
 .text          0x00000000000145d0      0x124 C:/Users/Eldin/Documents/GitHub/Neon3D/FPGA/Software/Neon3DSoftware_bsp/\libucosii_bsp.a(alt_lseek.o)
                0x0000000000014620                lseek
 .text          0x00000000000146f4       0xd4 C:/Users/Eldin/Documents/GitHub/Neon3D/FPGA/Software/Neon3DSoftware_bsp/\libucosii_bsp.a(alt_main.o)
                0x00000000000146f4                alt_main
 .text          0x00000000000147c8      0x14c C:/Users/Eldin/Documents/GitHub/Neon3D/FPGA/Software/Neon3DSoftware_bsp/\libucosii_bsp.a(alt_read.o)
                0x0000000000014818                read
 .text          0x0000000000014914       0x60 C:/Users/Eldin/Documents/GitHub/Neon3D/FPGA/Software/Neon3DSoftware_bsp/\libucosii_bsp.a(alt_release_fd.o)
                0x0000000000014914                alt_release_fd
 .text          0x0000000000014974       0xb0 C:/Users/Eldin/Documents/GitHub/Neon3D/FPGA/Software/Neon3DSoftware_bsp/\libucosii_bsp.a(alt_sbrk.o)
                0x0000000000014974                sbrk
 .text          0x0000000000014a24      0x148 C:/Users/Eldin/Documents/GitHub/Neon3D/FPGA/Software/Neon3DSoftware_bsp/\libucosii_bsp.a(alt_write.o)
                0x0000000000014a74                write
 .text          0x0000000000014b6c      0x11c C:/Users/Eldin/Documents/GitHub/Neon3D/FPGA/Software/Neon3DSoftware_bsp/\libucosii_bsp.a(alt_env_lock.o)
                0x0000000000014b6c                __env_lock
                0x0000000000014c2c                __env_unlock
 .text          0x0000000000014c88      0x1f0 C:/Users/Eldin/Documents/GitHub/Neon3D/FPGA/Software/Neon3DSoftware_bsp/\libucosii_bsp.a(alt_malloc_lock.o)
                0x0000000000014c88                __malloc_lock
                0x0000000000014da8                __malloc_unlock
 .text          0x0000000000014e78     0x1ff0 C:/Users/Eldin/Documents/GitHub/Neon3D/FPGA/Software/Neon3DSoftware_bsp/\libucosii_bsp.a(os_core.o)
                0x0000000000014e78                OSEventNameGet
                0x0000000000014f98                OSEventNameSet
                0x00000000000150d4                OSEventPendMulti
                0x00000000000156e4                OSInit
                0x0000000000015738                OSIntEnter
                0x00000000000157b4                OSIntExit
                0x00000000000158a8                OSSchedLock
                0x0000000000015930                OSSchedUnlock
                0x0000000000015a08                OSStart
                0x0000000000015a74                OSStatInit
                0x0000000000015b20                OSTimeTick
                0x0000000000015d3c                OSVersion
                0x0000000000015d5c                OS_Dummy
                0x0000000000015d78                OS_EventTaskRdy
                0x0000000000015f10                OS_EventTaskWait
                0x000000000001601c                OS_EventTaskWaitMulti
                0x0000000000016168                OS_EventTaskRemove
                0x000000000001621c                OS_EventTaskRemoveMulti
                0x0000000000016318                OS_EventWaitListInit
                0x00000000000166dc                OS_MemClr
                0x000000000001672c                OS_MemCopy
                0x0000000000016790                OS_Sched
                0x00000000000168cc                OS_StrCopy
                0x0000000000016940                OS_StrLen
                0x0000000000016994                OS_TaskIdle
                0x00000000000169f0                OS_TaskStat
                0x0000000000016acc                OS_TaskStatStkChk
                0x0000000000016b94                OS_TCBInit
 .text          0x0000000000016e68      0x18c C:/Users/Eldin/Documents/GitHub/Neon3D/FPGA/Software/Neon3DSoftware_bsp/\libucosii_bsp.a(os_dbg.o)
                0x0000000000016e68                OSDebugInit
 .text          0x0000000000016ff4     0x181c C:/Users/Eldin/Documents/GitHub/Neon3D/FPGA/Software/Neon3DSoftware_bsp/\libucosii_bsp.a(os_flag.o)
                0x0000000000016ff4                OSFlagAccept
                0x00000000000172fc                OSFlagCreate
                0x0000000000017424                OSFlagDel
                0x0000000000017694                OSFlagNameGet
                0x00000000000177c4                OSFlagNameSet
                0x0000000000017914                OSFlagPend
                0x0000000000017f04                OSFlagPendGetFlagsRdy
                0x0000000000017f6c                OSFlagPost
                0x00000000000182f4                OSFlagQuery
                0x000000000001857c                OS_FlagInit
                0x0000000000018770                OS_FlagUnlink
 .text          0x0000000000018810      0x784 C:/Users/Eldin/Documents/GitHub/Neon3D/FPGA/Software/Neon3DSoftware_bsp/\libucosii_bsp.a(os_mem.o)
                0x0000000000018810                OSMemCreate
                0x0000000000018a04                OSMemGet
                0x0000000000018af4                OSMemNameGet
                0x0000000000018bec                OSMemNameSet
                0x0000000000018d04                OSMemPut
                0x0000000000018ddc                OSMemQuery
                0x0000000000018ec4                OS_MemInit
 .text          0x0000000000018f94     0x1210 C:/Users/Eldin/Documents/GitHub/Neon3D/FPGA/Software/Neon3DSoftware_bsp/\libucosii_bsp.a(os_q.o)
                0x0000000000018f94                OSQAccept
                0x00000000000190d4                OSQCreate
                0x00000000000192d0                OSQDel
                0x0000000000019598                OSQFlush
                0x0000000000019650                OSQPend
                0x000000000001994c                OSQPendAbort
                0x0000000000019ab8                OSQPost
                0x0000000000019c20                OSQPostFront
                0x0000000000019d90                OSQPostOpt
                0x0000000000019f9c                OSQQuery
                0x000000000001a0f8                OS_QInit
 .text          0x000000000001a1a4      0xb08 C:/Users/Eldin/Documents/GitHub/Neon3D/FPGA/Software/Neon3DSoftware_bsp/\libucosii_bsp.a(os_sem.o)
                0x000000000001a1a4                OSSemAccept
                0x000000000001a254                OSSemCreate
                0x000000000001a354                OSSemDel
                0x000000000001a5bc                OSSemPend
                0x000000000001a824                OSSemPendAbort
                0x000000000001a990                OSSemPost
                0x000000000001aaa0                OSSemQuery
                0x000000000001abb0                OSSemSet
 .text          0x000000000001acac     0x18f4 C:/Users/Eldin/Documents/GitHub/Neon3D/FPGA/Software/Neon3DSoftware_bsp/\libucosii_bsp.a(os_task.o)
                0x000000000001acac                OSTaskChangePrio
                0x000000000001b1ec                OSTaskCreate
                0x000000000001b3a8                OSTaskCreateExt
                0x000000000001b594                OSTaskDel
                0x000000000001b974                OSTaskDelReq
                0x000000000001bacc                OSTaskNameGet
                0x000000000001bc74                OSTaskNameSet
                0x000000000001be34                OSTaskResume
                0x000000000001c02c                OSTaskStkChk
                0x000000000001c1f4                OSTaskSuspend
                0x000000000001c408                OSTaskQuery
                0x000000000001c534                OS_TaskStkClr
 .text          0x000000000001c5a0      0x568 C:/Users/Eldin/Documents/GitHub/Neon3D/FPGA/Software/Neon3DSoftware_bsp/\libucosii_bsp.a(os_time.o)
                0x000000000001c5a0                OSTimeDly
                0x000000000001c6e8                OSTimeDlyHMSM
                0x000000000001c850                OSTimeDlyResume
                0x000000000001ca40                OSTimeGet
                0x000000000001caa4                OSTimeSet
 .text          0x000000000001cb08      0x444 C:/Users/Eldin/Documents/GitHub/Neon3D/FPGA/Software/Neon3DSoftware_bsp/\libucosii_bsp.a(alt_sys_init.o)
                0x000000000001cb40                alt_irq_init
                0x000000000001cb74                alt_sys_init
 .text          0x000000000001cf4c      0x164 C:/Users/Eldin/Documents/GitHub/Neon3D/FPGA/Software/Neon3DSoftware_bsp/\libucosii_bsp.a(altera_avalon_jtag_uart_fd.o)
                0x000000000001cf4c                altera_avalon_jtag_uart_read_fd
                0x000000000001cfac                altera_avalon_jtag_uart_write_fd
                0x000000000001d00c                altera_avalon_jtag_uart_close_fd
                0x000000000001d05c                altera_avalon_jtag_uart_ioctl_fd
 .text          0x000000000001d0b0      0x560 C:/Users/Eldin/Documents/GitHub/Neon3D/FPGA/Software/Neon3DSoftware_bsp/\libucosii_bsp.a(altera_avalon_jtag_uart_init.o)
                0x000000000001d0b0                altera_avalon_jtag_uart_init
                0x000000000001d5a8                altera_avalon_jtag_uart_close
 .text          0x000000000001d610       0xec C:/Users/Eldin/Documents/GitHub/Neon3D/FPGA/Software/Neon3DSoftware_bsp/\libucosii_bsp.a(altera_avalon_jtag_uart_ioctl.o)
                0x000000000001d610                altera_avalon_jtag_uart_ioctl
 .text          0x000000000001d6fc      0x2b4 C:/Users/Eldin/Documents/GitHub/Neon3D/FPGA/Software/Neon3DSoftware_bsp/\libucosii_bsp.a(altera_avalon_jtag_uart_read.o)
                0x000000000001d6fc                altera_avalon_jtag_uart_read
 .text          0x000000000001d9b0      0x2c0 C:/Users/Eldin/Documents/GitHub/Neon3D/FPGA/Software/Neon3DSoftware_bsp/\libucosii_bsp.a(altera_avalon_jtag_uart_write.o)
                0x000000000001d9b0                altera_avalon_jtag_uart_write
 .text          0x000000000001dc70       0xf8 C:/Users/Eldin/Documents/GitHub/Neon3D/FPGA/Software/Neon3DSoftware_bsp/\libucosii_bsp.a(altera_avalon_timer_sc.o)
                0x000000000001dce8                alt_avalon_timer_sc_init
 .text          0x000000000001dd68      0x4d8 C:/Users/Eldin/Documents/GitHub/Neon3D/FPGA/Software/Neon3DSoftware_bsp/\libucosii_bsp.a(altera_up_avalon_character_lcd.o)
                0x000000000001dd68                get_DDRAM_addr
                0x000000000001dddc                alt_up_character_lcd_send_cmd
                0x000000000001de18                alt_up_character_lcd_init
                0x000000000001de4c                alt_up_character_lcd_open_dev
                0x000000000001de8c                alt_up_character_lcd_write
                0x000000000001df04                alt_up_character_lcd_string
                0x000000000001df78                alt_up_character_lcd_write_fd
                0x000000000001dfc8                alt_up_character_lcd_set_cursor_pos
                0x000000000001e03c                alt_up_character_lcd_shift_cursor
                0x000000000001e0c4                alt_up_character_lcd_shift_display
                0x000000000001e14c                alt_up_character_lcd_erase_pos
                0x000000000001e1d8                alt_up_character_lcd_cursor_off
                0x000000000001e20c                alt_up_character_lcd_cursor_blink_on
 .text          0x000000000001e240      0x388 C:/Users/Eldin/Documents/GitHub/Neon3D/FPGA/Software/Neon3DSoftware_bsp/\libucosii_bsp.a(altera_up_avalon_irda.o)
                0x000000000001e240                alt_up_irda_enable_read_interrupt
                0x000000000001e298                alt_up_irda_disable_read_interrupt
                0x000000000001e2f4                alt_up_irda_get_used_space_in_read_FIFO
                0x000000000001e334                alt_up_irda_get_available_space_in_write_FIFO
                0x000000000001e370                alt_up_irda_check_parity
                0x000000000001e3b4                alt_up_irda_write_data
                0x000000000001e3f4                alt_up_irda_read_data
                0x000000000001e468                alt_up_irda_read_fd
                0x000000000001e4f8                alt_up_irda_write_fd
                0x000000000001e588                alt_up_irda_open_dev
 .text          0x000000000001e5c8      0x6b4 C:/Users/Eldin/Documents/GitHub/Neon3D/FPGA/Software/Neon3DSoftware_bsp/\libucosii_bsp.a(altera_up_avalon_ps2.o)
                0x000000000001e5c8                read_RI_bit
                0x000000000001e5fc                read_RE_bit
                0x000000000001e62c                read_CE_bit
                0x000000000001e660                read_num_bytes_available
                0x000000000001e690                read_data_valid
                0x000000000001e6c4                read_data_byte
                0x000000000001e6f0                alt_up_ps2_init
                0x000000000001e7b4                alt_up_ps2_enable_read_interrupt
                0x000000000001e80c                alt_up_ps2_disable_read_interrupt
                0x000000000001e868                alt_up_ps2_write_data_byte
                0x000000000001e8dc                alt_up_ps2_wait_for_ack
                0x000000000001e94c                alt_up_ps2_write_data_byte_with_ack
                0x000000000001e9b0                alt_up_ps2_read_data_byte_timeout
                0x000000000001ea54                alt_up_ps2_read_data_byte
                0x000000000001eac4                alt_up_ps2_clear_fifo
                0x000000000001eb18                alt_up_ps2_read_fd
                0x000000000001eba4                alt_up_ps2_write_fd
                0x000000000001ec3c                alt_up_ps2_open_dev
 .text          0x000000000001ec7c      0x38c C:/Users/Eldin/Documents/GitHub/Neon3D/FPGA/Software/Neon3DSoftware_bsp/\libucosii_bsp.a(altera_up_avalon_rs232.o)
                0x000000000001ec7c                alt_up_rs232_enable_read_interrupt
                0x000000000001ecd4                alt_up_rs232_disable_read_interrupt
                0x000000000001ed30                alt_up_rs232_get_used_space_in_read_FIFO
                0x000000000001ed70                alt_up_rs232_get_available_space_in_write_FIFO
                0x000000000001edac                alt_up_rs232_check_parity
                0x000000000001edf0                alt_up_rs232_write_data
                0x000000000001ee30                alt_up_rs232_read_data
                0x000000000001eea4                alt_up_rs232_read_fd
                0x000000000001ef34                alt_up_rs232_write_fd
                0x000000000001efc8                alt_up_rs232_open_dev
 .text          0x000000000001f008      0x2e8 C:/Users/Eldin/Documents/GitHub/Neon3D/FPGA/Software/Neon3DSoftware_bsp/\libucosii_bsp.a(altera_up_avalon_video_character_buffer_with_dma.o)
                0x000000000001f008                alt_up_char_buffer_init
                0x000000000001f088                alt_up_char_buffer_open_dev
                0x000000000001f0c8                alt_up_char_buffer_draw
                0x000000000001f194                alt_up_char_buffer_string
                0x000000000001f294                alt_up_char_buffer_clear
 .text          0x000000000001f2f0      0x140 C:/Users/Eldin/Documents/GitHub/Neon3D/FPGA/Software/Neon3DSoftware_bsp/\libucosii_bsp.a(alt_alarm_start.o)
                0x000000000001f2f0                alt_alarm_start
 .text          0x000000000001f430       0x1c C:/Users/Eldin/Documents/GitHub/Neon3D/FPGA/Software/Neon3DSoftware_bsp/\libucosii_bsp.a(alt_dcache_flush_all.o)
                0x000000000001f430                alt_dcache_flush_all
 .text          0x000000000001f44c       0xf4 C:/Users/Eldin/Documents/GitHub/Neon3D/FPGA/Software/Neon3DSoftware_bsp/\libucosii_bsp.a(alt_dev_llist_insert.o)
                0x000000000001f49c                alt_dev_llist_insert
 .text          0x000000000001f540       0x5c C:/Users/Eldin/Documents/GitHub/Neon3D/FPGA/Software/Neon3DSoftware_bsp/\libucosii_bsp.a(alt_do_ctors.o)
                0x000000000001f540                _do_ctors
 .text          0x000000000001f59c       0x5c C:/Users/Eldin/Documents/GitHub/Neon3D/FPGA/Software/Neon3DSoftware_bsp/\libucosii_bsp.a(alt_do_dtors.o)
                0x000000000001f59c                _do_dtors
 .text          0x000000000001f5f8       0x90 C:/Users/Eldin/Documents/GitHub/Neon3D/FPGA/Software/Neon3DSoftware_bsp/\libucosii_bsp.a(alt_find_dev.o)
                0x000000000001f5f8                alt_find_dev
 .text          0x000000000001f688       0x30 C:/Users/Eldin/Documents/GitHub/Neon3D/FPGA/Software/Neon3DSoftware_bsp/\libucosii_bsp.a(alt_icache_flush_all.o)
                0x000000000001f688                alt_icache_flush_all
 .text          0x000000000001f6b8      0x138 C:/Users/Eldin/Documents/GitHub/Neon3D/FPGA/Software/Neon3DSoftware_bsp/\libucosii_bsp.a(alt_io_redirect.o)
                0x000000000001f778                alt_io_redirect
 .text          0x000000000001f7f0      0x1b0 C:/Users/Eldin/Documents/GitHub/Neon3D/FPGA/Software/Neon3DSoftware_bsp/\libucosii_bsp.a(alt_irq_register.o)
                0x000000000001f7f0                alt_irq_register
 .text          0x000000000001f9a0        0x0 C:/Users/Eldin/Documents/GitHub/Neon3D/FPGA/Software/Neon3DSoftware_bsp/\libucosii_bsp.a(alt_irq_vars.o)
 .text          0x000000000001f9a0      0x274 C:/Users/Eldin/Documents/GitHub/Neon3D/FPGA/Software/Neon3DSoftware_bsp/\libucosii_bsp.a(alt_open.o)
                0x000000000001fabc                open
 .text          0x000000000001fc14      0x19c C:/Users/Eldin/Documents/GitHub/Neon3D/FPGA/Software/Neon3DSoftware_bsp/\libucosii_bsp.a(alt_tick.o)
                0x000000000001fc14                alt_alarm_stop
                0x000000000001fcac                alt_tick
 .text          0x000000000001fdb0       0x20 C:/Users/Eldin/Documents/GitHub/Neon3D/FPGA/Software/Neon3DSoftware_bsp/\libucosii_bsp.a(altera_nios2_gen2_irq.o)
                0x000000000001fdb0                altera_nios2_gen2_irq_init
 .text          0x000000000001fdd0       0xd0 C:/Users/Eldin/Documents/GitHub/Neon3D/FPGA/Software/Neon3DSoftware_bsp/\libucosii_bsp.a(os_cpu_a.o)
                0x000000000001fdd0                OSCtxSw
                0x000000000001fdd0                OSIntCtxSw
                0x000000000001fe5c                OSStartHighRdy
                0x000000000001fe7c                OSStartTsk
 .text          0x000000000001fea0      0x264 C:/Users/Eldin/Documents/GitHub/Neon3D/FPGA/Software/Neon3DSoftware_bsp/\libucosii_bsp.a(os_cpu_c.o)
                0x000000000001fea0                OSTaskStkInit
                0x000000000001fffc                OSTaskCreateHook
                0x000000000002001c                OSTaskDelHook
                0x000000000002003c                OSTaskSwHook
                0x0000000000020058                OSTaskStatHook
                0x0000000000020074                OSTimeTickHook
                0x0000000000020090                OSInitHookBegin
                0x00000000000200ac                OSInitHookEnd
                0x00000000000200c8                OSTaskIdleHook
                0x00000000000200e4                OSTCBInitHook
 .text          0x0000000000020104      0x114 C:/Users/Eldin/Documents/GitHub/Neon3D/FPGA/Software/Neon3DSoftware_bsp/\libucosii_bsp.a(alt_find_file.o)
                0x0000000000020104                alt_find_file
 .text          0x0000000000020218       0xfc C:/Users/Eldin/Documents/GitHub/Neon3D/FPGA/Software/Neon3DSoftware_bsp/\libucosii_bsp.a(alt_get_fd.o)
                0x0000000000020218                alt_get_fd
 .text          0x0000000000020314       0x8c C:/Users/Eldin/Documents/GitHub/Neon3D/FPGA/Software/Neon3DSoftware_bsp/\libucosii_bsp.a(alt_icache_flush.o)
                0x0000000000020314                alt_icache_flush
 .text          0x00000000000203a0        0x0 C:/Users/Eldin/Documents/GitHub/Neon3D/FPGA/Software/Neon3DSoftware_bsp/\libucosii_bsp.a(alt_irq_entry.o)
 .text          0x00000000000203a0        0x0 C:/Users/Eldin/Documents/GitHub/Neon3D/FPGA/Software/Neon3DSoftware_bsp/\libucosii_bsp.a(alt_irq_handler.o)
 .text          0x00000000000203a0        0x0 C:/Users/Eldin/Documents/GitHub/Neon3D/FPGA/Software/Neon3DSoftware_bsp/\libucosii_bsp.a(alt_exception_entry.o)
 .text          0x00000000000203a0       0x9c C:/Users/Eldin/Documents/GitHub/Neon3D/FPGA/Software/Neon3DSoftware_bsp/\libucosii_bsp.a(alt_instruction_exception_entry.o)
                0x00000000000203a0                alt_exception_cause_generated_bad_addr
 .text          0x000000000002043c        0x0 c:/altera_lite/15.1/nios2eds/bin/gnu/h-x86_64-mingw32/bin/../lib/gcc/nios2-elf/4.9.2/../../../../../H-x86_64-mingw32/nios2-elf/lib/mhw-mulx\libc.a(lib_a-atexit.o)
 .text.atexit   0x000000000002043c       0x14 c:/altera_lite/15.1/nios2eds/bin/gnu/h-x86_64-mingw32/bin/../lib/gcc/nios2-elf/4.9.2/../../../../../H-x86_64-mingw32/nios2-elf/lib/mhw-mulx\libc.a(lib_a-atexit.o)
                0x000000000002043c                atexit
 .text          0x0000000000020450        0x0 c:/altera_lite/15.1/nios2eds/bin/gnu/h-x86_64-mingw32/bin/../lib/gcc/nios2-elf/4.9.2/../../../../../H-x86_64-mingw32/nios2-elf/lib/mhw-mulx\libc.a(lib_a-exit.o)
 .text.exit     0x0000000000020450       0x38 c:/altera_lite/15.1/nios2eds/bin/gnu/h-x86_64-mingw32/bin/../lib/gcc/nios2-elf/4.9.2/../../../../../H-x86_64-mingw32/nios2-elf/lib/mhw-mulx\libc.a(lib_a-exit.o)
                0x0000000000020450                exit
 .text          0x0000000000020488        0x0 c:/altera_lite/15.1/nios2eds/bin/gnu/h-x86_64-mingw32/bin/../lib/gcc/nios2-elf/4.9.2/../../../../../H-x86_64-mingw32/nios2-elf/lib/mhw-mulx\libc.a(lib_a-memcmp.o)
 .text.memcmp   0x0000000000020488       0x7c c:/altera_lite/15.1/nios2eds/bin/gnu/h-x86_64-mingw32/bin/../lib/gcc/nios2-elf/4.9.2/../../../../../H-x86_64-mingw32/nios2-elf/lib/mhw-mulx\libc.a(lib_a-memcmp.o)
                0x0000000000020488                memcmp
 .text          0x0000000000020504        0x0 c:/altera_lite/15.1/nios2eds/bin/gnu/h-x86_64-mingw32/bin/../lib/gcc/nios2-elf/4.9.2/../../../../../H-x86_64-mingw32/nios2-elf/lib/mhw-mulx\libc.a(lib_a-__atexit.o)
 .text.__register_exitproc
                0x0000000000020504      0x114 c:/altera_lite/15.1/nios2eds/bin/gnu/h-x86_64-mingw32/bin/../lib/gcc/nios2-elf/4.9.2/../../../../../H-x86_64-mingw32/nios2-elf/lib/mhw-mulx\libc.a(lib_a-__atexit.o)
                0x0000000000020504                __register_exitproc
 .text          0x0000000000020618        0x0 c:/altera_lite/15.1/nios2eds/bin/gnu/h-x86_64-mingw32/bin/../lib/gcc/nios2-elf/4.9.2/../../../../../H-x86_64-mingw32/nios2-elf/lib/mhw-mulx\libc.a(lib_a-__call_atexit.o)
 .text.__call_exitprocs
                0x0000000000020618      0x194 c:/altera_lite/15.1/nios2eds/bin/gnu/h-x86_64-mingw32/bin/../lib/gcc/nios2-elf/4.9.2/../../../../../H-x86_64-mingw32/nios2-elf/lib/mhw-mulx\libc.a(lib_a-__call_atexit.o)
                0x0000000000020618                __call_exitprocs
 .text          0x00000000000207ac       0x3c C:/Users/Eldin/Documents/GitHub/Neon3D/FPGA/Software/Neon3DSoftware_bsp/\libucosii_bsp.a(alt_exit.o)
                0x00000000000207ac                _exit
 *(.gnu.warning.*)
 *(.fini)
                0x00000000000207e8                PROVIDE (__etext, ABSOLUTE (.))
                0x00000000000207e8                PROVIDE (_etext, ABSOLUTE (.))
                0x00000000000207e8                PROVIDE (etext, ABSOLUTE (.))
 *(.eh_frame_hdr)
                0x00000000000207e8                . = ALIGN (0x4)
                0x00000000000207e8                PROVIDE (__preinit_array_start, ABSOLUTE (.))
 *(.preinit_array)
                0x00000000000207e8                PROVIDE (__preinit_array_end, ABSOLUTE (.))
                0x00000000000207e8                PROVIDE (__init_array_start, ABSOLUTE (.))
 *(.init_array)
                0x00000000000207e8                PROVIDE (__init_array_end, ABSOLUTE (.))
                0x00000000000207e8                PROVIDE (__fini_array_start, ABSOLUTE (.))
 *(.fini_array)
                0x00000000000207e8                PROVIDE (__fini_array_end, ABSOLUTE (.))
 *(.eh_frame)
 *(.gcc_except_table .gcc_except_table.*)
 *(.dynamic)
                0x00000000000207e8                PROVIDE (__CTOR_LIST__, ABSOLUTE (.))
 *(.ctors)
 *(SORT(.ctors.*))
                0x00000000000207e8                PROVIDE (__CTOR_END__, ABSOLUTE (.))
                0x00000000000207e8                PROVIDE (__DTOR_LIST__, ABSOLUTE (.))
 *(.dtors)
 *(SORT(.dtors.*))
                0x00000000000207e8                PROVIDE (__DTOR_END__, ABSOLUTE (.))
 *(.jcr)
                0x00000000000207e8                . = ALIGN (0x4)

.rodata         0x00000000000207e8      0x958
                0x00000000000207e8                PROVIDE (__ram_rodata_start, ABSOLUTE (.))
                0x00000000000207e8                . = ALIGN (0x4)
 *(.rodata .rodata.* .gnu.linkonce.r.*)
 .rodata        0x00000000000207e8      0x188 obj/default/hello_ucosii.o
 .rodata.npio2_hw
                0x0000000000020970       0x80 c:/altera_lite/15.1/nios2eds/bin/gnu/h-x86_64-mingw32/bin/../lib/gcc/nios2-elf/4.9.2/../../../../../H-x86_64-mingw32/nios2-elf/lib/mhw-mulx\libm.a(lib_a-e_rem_pio2.o)
 .rodata.two_over_pi
                0x00000000000209f0      0x108 c:/altera_lite/15.1/nios2eds/bin/gnu/h-x86_64-mingw32/bin/../lib/gcc/nios2-elf/4.9.2/../../../../../H-x86_64-mingw32/nios2-elf/lib/mhw-mulx\libm.a(lib_a-e_rem_pio2.o)
 .rodata.PIo2   0x0000000000020af8       0x40 c:/altera_lite/15.1/nios2eds/bin/gnu/h-x86_64-mingw32/bin/../lib/gcc/nios2-elf/4.9.2/../../../../../H-x86_64-mingw32/nios2-elf/lib/mhw-mulx\libm.a(lib_a-k_rem_pio2.o)
 .rodata.init_jk
                0x0000000000020b38       0x10 c:/altera_lite/15.1/nios2eds/bin/gnu/h-x86_64-mingw32/bin/../lib/gcc/nios2-elf/4.9.2/../../../../../H-x86_64-mingw32/nios2-elf/lib/mhw-mulx\libm.a(lib_a-k_rem_pio2.o)
 .rodata        0x0000000000020b48      0x100 c:/altera_lite/15.1/nios2eds/bin/gnu/h-x86_64-mingw32/bin/../lib/gcc/nios2-elf/4.9.2/mhw-mulx\libgcc.a(_clz.o)
                0x0000000000020b48                __clz_tab
 .rodata.str1.4
                0x0000000000020c48        0x2 c:/altera_lite/15.1/nios2eds/bin/gnu/h-x86_64-mingw32/bin/../lib/gcc/nios2-elf/4.9.2/../../../../../H-x86_64-mingw32/nios2-elf/lib/mhw-mulx\libc.a(lib_a-puts.o)
                                          0x4 (size before relaxing)
 *fill*         0x0000000000020c4a        0x2 
 .rodata.str1.4
                0x0000000000020c4c       0x42 c:/altera_lite/15.1/nios2eds/bin/gnu/h-x86_64-mingw32/bin/../lib/gcc/nios2-elf/4.9.2/../../../../../H-x86_64-mingw32/nios2-elf/lib/mhw-mulx\libc.a(lib_a-svfprintf.o)
                                         0x44 (size before relaxing)
 .rodata.zeroes.4240
                0x0000000000020c8e       0x10 c:/altera_lite/15.1/nios2eds/bin/gnu/h-x86_64-mingw32/bin/../lib/gcc/nios2-elf/4.9.2/../../../../../H-x86_64-mingw32/nios2-elf/lib/mhw-mulx\libc.a(lib_a-svfprintf.o)
 .rodata.blanks.4239
                0x0000000000020c9e       0x10 c:/altera_lite/15.1/nios2eds/bin/gnu/h-x86_64-mingw32/bin/../lib/gcc/nios2-elf/4.9.2/../../../../../H-x86_64-mingw32/nios2-elf/lib/mhw-mulx\libc.a(lib_a-svfprintf.o)
 .rodata.str1.4
                0x0000000000000000       0x44 c:/altera_lite/15.1/nios2eds/bin/gnu/h-x86_64-mingw32/bin/../lib/gcc/nios2-elf/4.9.2/../../../../../H-x86_64-mingw32/nios2-elf/lib/mhw-mulx\libc.a(lib_a-vfprintf.o)
 .rodata.zeroes.4255
                0x0000000000020cae       0x10 c:/altera_lite/15.1/nios2eds/bin/gnu/h-x86_64-mingw32/bin/../lib/gcc/nios2-elf/4.9.2/../../../../../H-x86_64-mingw32/nios2-elf/lib/mhw-mulx\libc.a(lib_a-vfprintf.o)
 .rodata.blanks.4254
                0x0000000000020cbe       0x10 c:/altera_lite/15.1/nios2eds/bin/gnu/h-x86_64-mingw32/bin/../lib/gcc/nios2-elf/4.9.2/../../../../../H-x86_64-mingw32/nios2-elf/lib/mhw-mulx\libc.a(lib_a-vfprintf.o)
 *fill*         0x0000000000020cce        0x2 
 .rodata.str1.4
                0x0000000000020cd0       0x10 c:/altera_lite/15.1/nios2eds/bin/gnu/h-x86_64-mingw32/bin/../lib/gcc/nios2-elf/4.9.2/../../../../../H-x86_64-mingw32/nios2-elf/lib/mhw-mulx\libc.a(lib_a-dtoa.o)
                                         0x14 (size before relaxing)
 .rodata.str1.4
                0x0000000000020ce0        0x2 c:/altera_lite/15.1/nios2eds/bin/gnu/h-x86_64-mingw32/bin/../lib/gcc/nios2-elf/4.9.2/../../../../../H-x86_64-mingw32/nios2-elf/lib/mhw-mulx\libc.a(lib_a-impure.o)
                                          0x4 (size before relaxing)
 *fill*         0x0000000000020ce2        0x2 
 .rodata.str1.4
                0x0000000000020ce4        0xc c:/altera_lite/15.1/nios2eds/bin/gnu/h-x86_64-mingw32/bin/../lib/gcc/nios2-elf/4.9.2/../../../../../H-x86_64-mingw32/nios2-elf/lib/mhw-mulx\libc.a(lib_a-locale.o)
                                         0x14 (size before relaxing)
 .rodata.p05.2710
                0x0000000000020cf0        0xc c:/altera_lite/15.1/nios2eds/bin/gnu/h-x86_64-mingw32/bin/../lib/gcc/nios2-elf/4.9.2/../../../../../H-x86_64-mingw32/nios2-elf/lib/mhw-mulx\libc.a(lib_a-mprec.o)
 .rodata.__mprec_tinytens
                0x0000000000020cfc       0x28 c:/altera_lite/15.1/nios2eds/bin/gnu/h-x86_64-mingw32/bin/../lib/gcc/nios2-elf/4.9.2/../../../../../H-x86_64-mingw32/nios2-elf/lib/mhw-mulx\libc.a(lib_a-mprec.o)
                0x0000000000020cfc                __mprec_tinytens
 .rodata.__mprec_bigtens
                0x0000000000020d24       0x28 c:/altera_lite/15.1/nios2eds/bin/gnu/h-x86_64-mingw32/bin/../lib/gcc/nios2-elf/4.9.2/../../../../../H-x86_64-mingw32/nios2-elf/lib/mhw-mulx\libc.a(lib_a-mprec.o)
                0x0000000000020d24                __mprec_bigtens
 .rodata.__mprec_tens
                0x0000000000020d4c       0xc8 c:/altera_lite/15.1/nios2eds/bin/gnu/h-x86_64-mingw32/bin/../lib/gcc/nios2-elf/4.9.2/../../../../../H-x86_64-mingw32/nios2-elf/lib/mhw-mulx\libc.a(lib_a-mprec.o)
                0x0000000000020d4c                __mprec_tens
 .rodata.str1.4
                0x0000000000000000       0x30 c:/altera_lite/15.1/nios2eds/bin/gnu/h-x86_64-mingw32/bin/../lib/gcc/nios2-elf/4.9.2/../../../../../H-x86_64-mingw32/nios2-elf/lib/mhw-mulx\libc.a(lib_a-svfiprintf.o)
 .rodata.zeroes.4184
                0x0000000000020e14       0x10 c:/altera_lite/15.1/nios2eds/bin/gnu/h-x86_64-mingw32/bin/../lib/gcc/nios2-elf/4.9.2/../../../../../H-x86_64-mingw32/nios2-elf/lib/mhw-mulx\libc.a(lib_a-svfiprintf.o)
 .rodata.blanks.4183
                0x0000000000020e24       0x10 c:/altera_lite/15.1/nios2eds/bin/gnu/h-x86_64-mingw32/bin/../lib/gcc/nios2-elf/4.9.2/../../../../../H-x86_64-mingw32/nios2-elf/lib/mhw-mulx\libc.a(lib_a-svfiprintf.o)
 .rodata.str1.4
                0x0000000000000000       0x30 c:/altera_lite/15.1/nios2eds/bin/gnu/h-x86_64-mingw32/bin/../lib/gcc/nios2-elf/4.9.2/../../../../../H-x86_64-mingw32/nios2-elf/lib/mhw-mulx\libc.a(lib_a-vfiprintf.o)
 .rodata.zeroes.4200
                0x0000000000020e34       0x10 c:/altera_lite/15.1/nios2eds/bin/gnu/h-x86_64-mingw32/bin/../lib/gcc/nios2-elf/4.9.2/../../../../../H-x86_64-mingw32/nios2-elf/lib/mhw-mulx\libc.a(lib_a-vfiprintf.o)
 .rodata.blanks.4199
                0x0000000000020e44       0x10 c:/altera_lite/15.1/nios2eds/bin/gnu/h-x86_64-mingw32/bin/../lib/gcc/nios2-elf/4.9.2/../../../../../H-x86_64-mingw32/nios2-elf/lib/mhw-mulx\libc.a(lib_a-vfiprintf.o)
 .rodata        0x0000000000020e54        0xc C:/Users/Eldin/Documents/GitHub/Neon3D/FPGA/Software/Neon3DSoftware_bsp/\libucosii_bsp.a(alt_dev.o)
 .rodata        0x0000000000020e60       0x10 C:/Users/Eldin/Documents/GitHub/Neon3D/FPGA/Software/Neon3DSoftware_bsp/\libucosii_bsp.a(alt_main.o)
 .rodata        0x0000000000020e70      0x120 C:/Users/Eldin/Documents/GitHub/Neon3D/FPGA/Software/Neon3DSoftware_bsp/\libucosii_bsp.a(os_core.o)
                0x0000000000020e70                OSUnMapTbl
 .rodata        0x0000000000020f90      0x190 C:/Users/Eldin/Documents/GitHub/Neon3D/FPGA/Software/Neon3DSoftware_bsp/\libucosii_bsp.a(alt_sys_init.o)
 .rodata        0x0000000000021120       0x1c C:/Users/Eldin/Documents/GitHub/Neon3D/FPGA/Software/Neon3DSoftware_bsp/\libucosii_bsp.a(altera_up_avalon_video_character_buffer_with_dma.o)
 .rodata        0x000000000002113c        0x4 C:/Users/Eldin/Documents/GitHub/Neon3D/FPGA/Software/Neon3DSoftware_bsp/\libucosii_bsp.a(os_cpu_c.o)
 *(.rodata1)
                0x0000000000021140                . = ALIGN (0x4)
                0x0000000000021140                PROVIDE (__ram_rodata_end, ABSOLUTE (.))
                0x00000000000207e8                PROVIDE (__flash_rodata_start, LOADADDR (.rodata))

.rwdata         0x0000000000021140     0x1ef8 load address 0x0000000000023038
                0x0000000000021140                PROVIDE (__ram_rwdata_start, ABSOLUTE (.))
                0x0000000000021140                . = ALIGN (0x4)
 *(.got.plt)
 *(.got)
 *(.data1)
 *(.data .data.* .gnu.linkonce.d.*)
 .data          0x0000000000021140        0x0 C:/Users/Eldin/Documents/GitHub/Neon3D/FPGA/Software/Neon3DSoftware_bsp//obj/HAL/src/crt0.o
 .data          0x0000000000021140        0x0 obj/default/hello_ucosii.o
 .data          0x0000000000021140        0x0 c:/altera_lite/15.1/nios2eds/bin/gnu/h-x86_64-mingw32/bin/../lib/gcc/nios2-elf/4.9.2/../../../../../H-x86_64-mingw32/nios2-elf/lib/mhw-mulx\libm.a(lib_a-s_cos.o)
 .data          0x0000000000021140        0x0 c:/altera_lite/15.1/nios2eds/bin/gnu/h-x86_64-mingw32/bin/../lib/gcc/nios2-elf/4.9.2/../../../../../H-x86_64-mingw32/nios2-elf/lib/mhw-mulx\libm.a(lib_a-s_sin.o)
 .data          0x0000000000021140        0x0 c:/altera_lite/15.1/nios2eds/bin/gnu/h-x86_64-mingw32/bin/../lib/gcc/nios2-elf/4.9.2/../../../../../H-x86_64-mingw32/nios2-elf/lib/mhw-mulx\libm.a(lib_a-e_rem_pio2.o)
 .data          0x0000000000021140        0x0 c:/altera_lite/15.1/nios2eds/bin/gnu/h-x86_64-mingw32/bin/../lib/gcc/nios2-elf/4.9.2/../../../../../H-x86_64-mingw32/nios2-elf/lib/mhw-mulx\libm.a(lib_a-k_cos.o)
 .data          0x0000000000021140        0x0 c:/altera_lite/15.1/nios2eds/bin/gnu/h-x86_64-mingw32/bin/../lib/gcc/nios2-elf/4.9.2/../../../../../H-x86_64-mingw32/nios2-elf/lib/mhw-mulx\libm.a(lib_a-k_rem_pio2.o)
 .data          0x0000000000021140        0x0 c:/altera_lite/15.1/nios2eds/bin/gnu/h-x86_64-mingw32/bin/../lib/gcc/nios2-elf/4.9.2/../../../../../H-x86_64-mingw32/nios2-elf/lib/mhw-mulx\libm.a(lib_a-k_sin.o)
 .data          0x0000000000021140        0x0 c:/altera_lite/15.1/nios2eds/bin/gnu/h-x86_64-mingw32/bin/../lib/gcc/nios2-elf/4.9.2/../../../../../H-x86_64-mingw32/nios2-elf/lib/mhw-mulx\libm.a(lib_a-s_fabs.o)
 .data          0x0000000000021140        0x0 c:/altera_lite/15.1/nios2eds/bin/gnu/h-x86_64-mingw32/bin/../lib/gcc/nios2-elf/4.9.2/../../../../../H-x86_64-mingw32/nios2-elf/lib/mhw-mulx\libm.a(lib_a-s_floor.o)
 .data          0x0000000000021140        0x0 c:/altera_lite/15.1/nios2eds/bin/gnu/h-x86_64-mingw32/bin/../lib/gcc/nios2-elf/4.9.2/../../../../../H-x86_64-mingw32/nios2-elf/lib/mhw-mulx\libm.a(lib_a-s_scalbn.o)
 .data          0x0000000000021140        0x0 c:/altera_lite/15.1/nios2eds/bin/gnu/h-x86_64-mingw32/bin/../lib/gcc/nios2-elf/4.9.2/../../../../../H-x86_64-mingw32/nios2-elf/lib/mhw-mulx\libm.a(lib_a-s_copysign.o)
 .data          0x0000000000021140        0x0 c:/altera_lite/15.1/nios2eds/bin/gnu/h-x86_64-mingw32/bin/../lib/gcc/nios2-elf/4.9.2/mhw-mulx\libgcc.a(lib2-divmod.o)
 .data          0x0000000000021140        0x0 c:/altera_lite/15.1/nios2eds/bin/gnu/h-x86_64-mingw32/bin/../lib/gcc/nios2-elf/4.9.2/mhw-mulx\libgcc.a(eqsf2.o)
 .data          0x0000000000021140        0x0 c:/altera_lite/15.1/nios2eds/bin/gnu/h-x86_64-mingw32/bin/../lib/gcc/nios2-elf/4.9.2/mhw-mulx\libgcc.a(gesf2.o)
 .data          0x0000000000021140        0x0 c:/altera_lite/15.1/nios2eds/bin/gnu/h-x86_64-mingw32/bin/../lib/gcc/nios2-elf/4.9.2/mhw-mulx\libgcc.a(lesf2.o)
 .data          0x0000000000021140        0x0 c:/altera_lite/15.1/nios2eds/bin/gnu/h-x86_64-mingw32/bin/../lib/gcc/nios2-elf/4.9.2/mhw-mulx\libgcc.a(fixsfsi.o)
 .data          0x0000000000021140        0x0 c:/altera_lite/15.1/nios2eds/bin/gnu/h-x86_64-mingw32/bin/../lib/gcc/nios2-elf/4.9.2/mhw-mulx\libgcc.a(floatsisf.o)
 .data          0x0000000000021140        0x0 c:/altera_lite/15.1/nios2eds/bin/gnu/h-x86_64-mingw32/bin/../lib/gcc/nios2-elf/4.9.2/mhw-mulx\libgcc.a(adddf3.o)
 .data          0x0000000000021140        0x0 c:/altera_lite/15.1/nios2eds/bin/gnu/h-x86_64-mingw32/bin/../lib/gcc/nios2-elf/4.9.2/mhw-mulx\libgcc.a(eqdf2.o)
 .data          0x0000000000021140        0x0 c:/altera_lite/15.1/nios2eds/bin/gnu/h-x86_64-mingw32/bin/../lib/gcc/nios2-elf/4.9.2/mhw-mulx\libgcc.a(gedf2.o)
 .data          0x0000000000021140        0x0 c:/altera_lite/15.1/nios2eds/bin/gnu/h-x86_64-mingw32/bin/../lib/gcc/nios2-elf/4.9.2/mhw-mulx\libgcc.a(muldf3.o)
 .data          0x0000000000021140        0x0 c:/altera_lite/15.1/nios2eds/bin/gnu/h-x86_64-mingw32/bin/../lib/gcc/nios2-elf/4.9.2/mhw-mulx\libgcc.a(subdf3.o)
 .data          0x0000000000021140        0x0 c:/altera_lite/15.1/nios2eds/bin/gnu/h-x86_64-mingw32/bin/../lib/gcc/nios2-elf/4.9.2/mhw-mulx\libgcc.a(fixdfsi.o)
 .data          0x0000000000021140        0x0 c:/altera_lite/15.1/nios2eds/bin/gnu/h-x86_64-mingw32/bin/../lib/gcc/nios2-elf/4.9.2/mhw-mulx\libgcc.a(floatsidf.o)