Archive member included to satisfy reference by file (symbol)

c:/altera_lite/15.1/nios2eds/bin/gnu/h-x86_64-mingw32/bin/../lib/gcc/nios2-elf/4.9.2/../../../../../H-x86_64-mingw32/nios2-elf/lib/mhw-mulx\libm.a(lib_a-s_cos.o)
                              obj/default/hello_ucosii.o (cos)
c:/altera_lite/15.1/nios2eds/bin/gnu/h-x86_64-mingw32/bin/../lib/gcc/nios2-elf/4.9.2/../../../../../H-x86_64-mingw32/nios2-elf/lib/mhw-mulx\libm.a(lib_a-s_sin.o)
                              obj/default/hello_ucosii.o (sin)
c:/altera_lite/15.1/nios2eds/bin/gnu/h-x86_64-mingw32/bin/../lib/gcc/nios2-elf/4.9.2/../../../../../H-x86_64-mingw32/nios2-elf/lib/mhw-mulx\libm.a(lib_a-e_rem_pio2.o)
                              c:/altera_lite/15.1/nios2eds/bin/gnu/h-x86_64-mingw32/bin/../lib/gcc/nios2-elf/4.9.2/../../../../../H-x86_64-mingw32/nios2-elf/lib/mhw-mulx\libm.a(lib_a-s_cos.o) (__ieee754_rem_pio2)
c:/altera_lite/15.1/nios2eds/bin/gnu/h-x86_64-mingw32/bin/../lib/gcc/nios2-elf/4.9.2/../../../../../H-x86_64-mingw32/nios2-elf/lib/mhw-mulx\libm.a(lib_a-k_cos.o)
                              c:/altera_lite/15.1/nios2eds/bin/gnu/h-x86_64-mingw32/bin/../lib/gcc/nios2-elf/4.9.2/../../../../../H-x86_64-mingw32/nios2-elf/lib/mhw-mulx\libm.a(lib_a-s_cos.o) (__kernel_cos)
c:/altera_lite/15.1/nios2eds/bin/gnu/h-x86_64-mingw32/bin/../lib/gcc/nios2-elf/4.9.2/../../../../../H-x86_64-mingw32/nios2-elf/lib/mhw-mulx\libm.a(lib_a-k_rem_pio2.o)
                              c:/altera_lite/15.1/nios2eds/bin/gnu/h-x86_64-mingw32/bin/../lib/gcc/nios2-elf/4.9.2/../../../../../H-x86_64-mingw32/nios2-elf/lib/mhw-mulx\libm.a(lib_a-e_rem_pio2.o) (__kernel_rem_pio2)
c:/altera_lite/15.1/nios2eds/bin/gnu/h-x86_64-mingw32/bin/../lib/gcc/nios2-elf/4.9.2/../../../../../H-x86_64-mingw32/nios2-elf/lib/mhw-mulx\libm.a(lib_a-k_sin.o)
                              c:/altera_lite/15.1/nios2eds/bin/gnu/h-x86_64-mingw32/bin/../lib/gcc/nios2-elf/4.9.2/../../../../../H-x86_64-mingw32/nios2-elf/lib/mhw-mulx\libm.a(lib_a-s_cos.o) (__kernel_sin)
c:/altera_lite/15.1/nios2eds/bin/gnu/h-x86_64-mingw32/bin/../lib/gcc/nios2-elf/4.9.2/../../../../../H-x86_64-mingw32/nios2-elf/lib/mhw-mulx\libm.a(lib_a-s_fabs.o)
                              c:/altera_lite/15.1/nios2eds/bin/gnu/h-x86_64-mingw32/bin/../lib/gcc/nios2-elf/4.9.2/../../../../../H-x86_64-mingw32/nios2-elf/lib/mhw-mulx\libm.a(lib_a-e_rem_pio2.o) (fabs)
c:/altera_lite/15.1/nios2eds/bin/gnu/h-x86_64-mingw32/bin/../lib/gcc/nios2-elf/4.9.2/../../../../../H-x86_64-mingw32/nios2-elf/lib/mhw-mulx\libm.a(lib_a-s_floor.o)
                              c:/altera_lite/15.1/nios2eds/bin/gnu/h-x86_64-mingw32/bin/../lib/gcc/nios2-elf/4.9.2/../../../../../H-x86_64-mingw32/nios2-elf/lib/mhw-mulx\libm.a(lib_a-k_rem_pio2.o) (floor)
c:/altera_lite/15.1/nios2eds/bin/gnu/h-x86_64-mingw32/bin/../lib/gcc/nios2-elf/4.9.2/../../../../../H-x86_64-mingw32/nios2-elf/lib/mhw-mulx\libm.a(lib_a-s_scalbn.o)
                              c:/altera_lite/15.1/nios2eds/bin/gnu/h-x86_64-mingw32/bin/../lib/gcc/nios2-elf/4.9.2/../../../../../H-x86_64-mingw32/nios2-elf/lib/mhw-mulx\libm.a(lib_a-k_rem_pio2.o) (scalbn)
c:/altera_lite/15.1/nios2eds/bin/gnu/h-x86_64-mingw32/bin/../lib/gcc/nios2-elf/4.9.2/../../../../../H-x86_64-mingw32/nios2-elf/lib/mhw-mulx\libm.a(lib_a-s_copysign.o)
                              c:/altera_lite/15.1/nios2eds/bin/gnu/h-x86_64-mingw32/bin/../lib/gcc/nios2-elf/4.9.2/../../../../../H-x86_64-mingw32/nios2-elf/lib/mhw-mulx\libm.a(lib_a-s_scalbn.o) (copysign)
c:/altera_lite/15.1/nios2eds/bin/gnu/h-x86_64-mingw32/bin/../lib/gcc/nios2-elf/4.9.2/mhw-mulx\libgcc.a(lib2-divmod.o)
                              c:/altera_lite/15.1/nios2eds/bin/gnu/h-x86_64-mingw32/bin/../lib/gcc/nios2-elf/4.9.2/../../../../../H-x86_64-mingw32/nios2-elf/lib/mhw-mulx\libm.a(lib_a-k_rem_pio2.o) (__divsi3)
c:/altera_lite/15.1/nios2eds/bin/gnu/h-x86_64-mingw32/bin/../lib/gcc/nios2-elf/4.9.2/mhw-mulx\libgcc.a(floatsisf.o)
                              obj/default/hello_ucosii.o (__floatsisf)
c:/altera_lite/15.1/nios2eds/bin/gnu/h-x86_64-mingw32/bin/../lib/gcc/nios2-elf/4.9.2/mhw-mulx\libgcc.a(adddf3.o)
                              obj/default/hello_ucosii.o (__adddf3)
c:/altera_lite/15.1/nios2eds/bin/gnu/h-x86_64-mingw32/bin/../lib/gcc/nios2-elf/4.9.2/mhw-mulx\libgcc.a(divdf3.o)
                              obj/default/hello_ucosii.o (__divdf3)
c:/altera_lite/15.1/nios2eds/bin/gnu/h-x86_64-mingw32/bin/../lib/gcc/nios2-elf/4.9.2/mhw-mulx\libgcc.a(eqdf2.o)
                              obj/default/hello_ucosii.o (__eqdf2)
c:/altera_lite/15.1/nios2eds/bin/gnu/h-x86_64-mingw32/bin/../lib/gcc/nios2-elf/4.9.2/mhw-mulx\libgcc.a(gedf2.o)
                              c:/altera_lite/15.1/nios2eds/bin/gnu/h-x86_64-mingw32/bin/../lib/gcc/nios2-elf/4.9.2/../../../../../H-x86_64-mingw32/nios2-elf/lib/mhw-mulx\libm.a(lib_a-k_rem_pio2.o) (__gedf2)
c:/altera_lite/15.1/nios2eds/bin/gnu/h-x86_64-mingw32/bin/../lib/gcc/nios2-elf/4.9.2/mhw-mulx\libgcc.a(ledf2.o)
[...]
Memory Configuration

Name             Origin             Length             Attributes
reset            0x0000000000000000 0x0000000000000020
SDRAM            0x0000000000000020 0x0000000003ffffe0
Flash_flash_data 0x000000000c000000 0x0000000000800000
*default*        0x0000000000000000 0xffffffffffffffff

Linker script and memory map

LOAD C:/Users/Eldin/Documents/GitHub/Neon3D/FPGA/Software/Neon3DSoftware_bsp//obj/HAL/src/crt0.o
LOAD obj/default/hello_ucosii.o
LOAD c:/altera_lite/15.1/nios2eds/bin/gnu/h-x86_64-mingw32/bin/../lib/gcc/nios2-elf/4.9.2/../../../../../H-x86_64-mingw32/nios2-elf/lib/mhw-mulx\libstdc++.a
LOAD c:/altera_lite/15.1/nios2eds/bin/gnu/h-x86_64-mingw32/bin/../lib/gcc/nios2-elf/4.9.2/../../../../../H-x86_64-mingw32/nios2-elf/lib/mhw-mulx\libm.a
LOAD c:/altera_lite/15.1/nios2eds/bin/gnu/h-x86_64-mingw32/bin/../lib/gcc/nios2-elf/4.9.2/mhw-mulx\libgcc.a
START GROUP
LOAD c:/altera_lite/15.1/nios2eds/bin/gnu/h-x86_64-mingw32/bin/../lib/gcc/nios2-elf/4.9.2/../../../../../H-x86_64-mingw32/nios2-elf/lib/mhw-mulx\libc.a
LOAD c:/altera_lite/15.1/nios2eds/bin/gnu/h-x86_64-mingw32/bin/../lib/gcc/nios2-elf/4.9.2/mhw-mulx\libgcc.a
LOAD C:/Users/Eldin/Documents/GitHub/Neon3D/FPGA/Software/Neon3DSoftware_bsp/\libucosii_bsp.a
LOAD c:/altera_lite/15.1/nios2eds/bin/gnu/h-x86_64-mingw32/bin/../lib/gcc/nios2-elf/4.9.2/../../../../../H-x86_64-mingw32/nios2-elf/lib/mhw-mulx\libm.a
END GROUP
LOAD c:/altera_lite/15.1/nios2eds/bin/gnu/h-x86_64-mingw32/bin/../lib/gcc/nios2-elf/4.9.2/mhw-mulx\libgcc.a
                0x0000000000000000                __alt_mem_SDRAM = 0x0
                0x000000000c000000                __alt_mem_Flash_flash_data = 0xc000000

.entry          0x0000000000000000       0x20
 *(.entry)
 .entry         0x0000000000000000       0x20 C:/Users/Eldin/Documents/GitHub/Neon3D/FPGA/Software/Neon3DSoftware_bsp//obj/HAL/src/crt0.o
                0x0000000000000000                __reset

.exceptions     0x0000000000000020      0x224
                0x0000000000000020                PROVIDE (__ram_exceptions_start, ABSOLUTE (.))
                0x0000000000000020                . = ALIGN (0x20)
 *(.irq)
 *(.exceptions.entry.label)
 .exceptions.entry.label
                0x0000000000000020        0x0 C:/Users/Eldin/Documents/GitHub/Neon3D/FPGA/Software/Neon3DSoftware_bsp/\libucosii_bsp.a(alt_irq_entry.o)
                0x0000000000000020                alt_irq_entry
 .exceptions.entry.label
                0x0000000000000020        0x0 C:/Users/Eldin/Documents/GitHub/Neon3D/FPGA/Software/Neon3DSoftware_bsp/\libucosii_bsp.a(alt_exception_entry.o)
                0x0000000000000020                alt_exception
 *(.exceptions.entry.user)
 *(.exceptions.entry.ecc_fatal)
 *(.exceptions.entry)
 .exceptions.entry
                0x0000000000000020       0x54 C:/Users/Eldin/Documents/GitHub/Neon3D/FPGA/Software/Neon3DSoftware_bsp/\libucosii_bsp.a(alt_exception_entry.o)
 *(.exceptions.irqtest.user)
 *(.exceptions.irqtest)
 .exceptions.irqtest
                0x0000000000000074       0x10 C:/Users/Eldin/Documents/GitHub/Neon3D/FPGA/Software/Neon3DSoftware_bsp/\libucosii_bsp.a(alt_irq_entry.o)
 *(.exceptions.irqhandler.user)
 *(.exceptions.irqhandler)
 .exceptions.irqhandler
                0x0000000000000084        0x4 C:/Users/Eldin/Documents/GitHub/Neon3D/FPGA/Software/Neon3DSoftware_bsp/\libucosii_bsp.a(alt_irq_entry.o)
 *(.exceptions.irqreturn.user)
 *(.exceptions.irqreturn)
 .exceptions.irqreturn
                0x0000000000000088        0x4 C:/Users/Eldin/Documents/GitHub/Neon3D/FPGA/Software/Neon3DSoftware_bsp/\libucosii_bsp.a(alt_irq_entry.o)
 *(.exceptions.notirq.label)
 .exceptions.notirq.label
                0x000000000000008c        0x0 C:/Users/Eldin/Documents/GitHub/Neon3D/FPGA/Software/Neon3DSoftware_bsp/\libucosii_bsp.a(alt_irq_entry.o)
 *(.exceptions.notirq.user)
 *(.exceptions.notirq)
 .exceptions.notirq
                0x000000000000008c        0x8 C:/Users/Eldin/Documents/GitHub/Neon3D/FPGA/Software/Neon3DSoftware_bsp/\libucosii_bsp.a(alt_exception_entry.o)
 *(.exceptions.soft.user)
 *(.exceptions.soft)
 *(.exceptions.unknown.user)
 *(.exceptions.unknown)
 .exceptions.unknown
                0x0000000000000094       0x14 C:/Users/Eldin/Documents/GitHub/Neon3D/FPGA/Software/Neon3DSoftware_bsp/\libucosii_bsp.a(alt_exception_entry.o)
 *(.exceptions.exit.label)
 .exceptions.exit.label
                0x00000000000000a8        0x0 C:/Users/Eldin/Documents/GitHub/Neon3D/FPGA/Software/Neon3DSoftware_bsp/\libucosii_bsp.a(alt_irq_entry.o)
 .exceptions.exit.label
                0x00000000000000a8        0x0 C:/Users/Eldin/Documents/GitHub/Neon3D/FPGA/Software/Neon3DSoftware_bsp/\libucosii_bsp.a(alt_exception_entry.o)
 *(.exceptions.exit.user)
 *(.exceptions.exit)
 .exceptions.exit
                0x00000000000000a8       0x54 C:/Users/Eldin/Documents/GitHub/Neon3D/FPGA/Software/Neon3DSoftware_bsp/\libucosii_bsp.a(alt_exception_entry.o)
 *(.exceptions)
 .exceptions    0x00000000000000fc       0xd4 C:/Users/Eldin/Documents/GitHub/Neon3D/FPGA/Software/Neon3DSoftware_bsp/\libucosii_bsp.a(alt_irq_handler.o)
                0x00000000000000fc                alt_irq_handler
 .exceptions    0x00000000000001d0       0x74 C:/Users/Eldin/Documents/GitHub/Neon3D/FPGA/Software/Neon3DSoftware_bsp/\libucosii_bsp.a(alt_instruction_exception_entry.o)
                0x00000000000001d0                alt_instruction_exception_entry
                0x0000000000000244                PROVIDE (__ram_exceptions_end, ABSOLUTE (.))
                0x0000000000000020                PROVIDE (__flash_exceptions_start, LOADADDR (.exceptions))

.text           0x0000000000000244    0x1b448
                0x0000000000000244                PROVIDE (stext, ABSOLUTE (.))
 *(.interp)
 *(.hash)
 *(.dynsym)
 *(.dynstr)
 *(.gnu.version)
 *(.gnu.version_d)
 *(.gnu.version_r)
 *(.rel.init)
 *(.rela.init)
 *(.rel.text .rel.text.* .rel.gnu.linkonce.t.*)
 *(.rela.text .rela.text.* .rela.gnu.linkonce.t.*)
 *(.rel.fini)
 *(.rela.fini)
 *(.rel.rodata .rel.rodata.* .rel.gnu.linkonce.r.*)
 *(.rela.rodata .rela.rodata.* .rela.gnu.linkonce.r.*)
 *(.rel.data .rel.data.* .rel.gnu.linkonce.d.*)
 *(.rela.data .rela.data.* .rela.gnu.linkonce.d.*)
 *(.rel.tdata .rel.tdata.* .rel.gnu.linkonce.td.*)
 *(.rela.tdata .rela.tdata.* .rela.gnu.linkonce.td.*)
 *(.rel.tbss .rel.tbss.* .rel.gnu.linkonce.tb.*)
 *(.rela.tbss .rela.tbss.* .rela.gnu.linkonce.tb.*)
 *(.rel.ctors)
 *(.rela.ctors)
 *(.rel.dtors)
 *(.rela.dtors)
 *(.rel.got)
 *(.rela.got)
 *(.rel.sdata .rel.sdata.* .rel.gnu.linkonce.s.*)
 *(.rela.sdata .rela.sdata.* .rela.gnu.linkonce.s.*)
 *(.rel.sbss .rel.sbss.* .rel.gnu.linkonce.sb.*)
 *(.rela.sbss .rela.sbss.* .rela.gnu.linkonce.sb.*)
 *(.rel.sdata2 .rel.sdata2.* .rel.gnu.linkonce.s2.*)
 *(.rela.sdata2 .rela.sdata2.* .rela.gnu.linkonce.s2.*)
 *(.rel.sbss2 .rel.sbss2.* .rel.gnu.linkonce.sb2.*)
 *(.rela.sbss2 .rela.sbss2.* .rela.gnu.linkonce.sb2.*)
 *(.rel.bss .rel.bss.* .rel.gnu.linkonce.b.*)
 *(.rela.bss .rela.bss.* .rela.gnu.linkonce.b.*)
 *(.rel.plt)
 *(.rela.plt)
 *(.rel.dyn)
 *(.init)
 *(.plt)
 *(.text .stub .text.* .gnu.linkonce.t.*)
 .text          0x0000000000000244       0x3c C:/Users/Eldin/Documents/GitHub/Neon3D/FPGA/Software/Neon3DSoftware_bsp//obj/HAL/src/crt0.o
                0x0000000000000244                _start
 .text          0x0000000000000280     0x2834 obj/default/hello_ucosii.o
                0x0000000000000280                drawPixel
                0x00000000000002f0                removePixel
                0x0000000000000354                drawLine
                0x00000000000009ac                drawNodesAndBeams
                0x0000000000002008                main
                0x0000000000002650                LCD_cursor
                0x00000000000026b8                LCD_text
                0x0000000000002720                LCD_cursor_off
                0x0000000000002754                VGA_text
                0x00000000000027e4                VGA_box
                0x0000000000002898                HEX_PS2
                0x00000000000029ec                check_KEYs
 .text          0x0000000000002ab4        0x0 c:/altera_lite/15.1/nios2eds/bin/gnu/h-x86_64-mingw32/bin/../lib/gcc/nios2-elf/4.9.2/../../../../../H-x86_64-mingw32/nios2-elf/lib/mhw-mulx\libm.a(lib_a-s_cos.o)
 .text.cos      0x0000000000002ab4       0xec c:/altera_lite/15.1/nios2eds/bin/gnu/h-x86_64-mingw32/bin/../lib/gcc/nios2-elf/4.9.2/../../../../../H-x86_64-mingw32/nios2-elf/lib/mhw-mulx\libm.a(lib_a-s_cos.o)
                0x0000000000002ab4                cos
 .text          0x0000000000002ba0        0x0 c:/altera_lite/15.1/nios2eds/bin/gnu/h-x86_64-mingw32/bin/../lib/gcc/nios2-elf/4.9.2/../../../../../H-x86_64-mingw32/nios2-elf/lib/mhw-mulx\libm.a(lib_a-s_sin.o)
 .text.sin      0x0000000000002ba0       0xf0 c:/altera_lite/15.1/nios2eds/bin/gnu/h-x86_64-mingw32/bin/../lib/gcc/nios2-elf/4.9.2/../../../../../H-x86_64-mingw32/nios2-elf/lib/mhw-mulx\libm.a(lib_a-s_sin.o)
                0x0000000000002ba0                sin
 .text          0x0000000000002c90        0x0 c:/altera_lite/15.1/nios2eds/bin/gnu/h-x86_64-mingw32/bin/../lib/gcc/nios2-elf/4.9.2/../../../../../H-x86_64-mingw32/nios2-elf/lib/mhw-mulx\libm.a(lib_a-e_rem_pio2.o)
 .text.__ieee754_rem_pio2
                0x0000000000002c90      0x79c c:/altera_lite/15.1/nios2eds/bin/gnu/h-x86_64-mingw32/bin/../lib/gcc/nios2-elf/4.9.2/../../../../../H-x86_64-mingw32/nios2-elf/lib/mhw-mulx\libm.a(lib_a-e_rem_pio2.o)
                0x0000000000002c90                __ieee754_rem_pio2
 .text          0x000000000000342c        0x0 c:/altera_lite/15.1/nios2eds/bin/gnu/h-x86_64-mingw32/bin/../lib/gcc/nios2-elf/4.9.2/../../../../../H-x86_64-mingw32/nios2-elf/lib/mhw-mulx\libm.a(lib_a-k_cos.o)
 .text.__kernel_cos
                0x000000000000342c      0x4a4 c:/altera_lite/15.1/nios2eds/bin/gnu/h-x86_64-mingw32/bin/../lib/gcc/nios2-elf/4.9.2/../../../../../H-x86_64-mingw32/nios2-elf/lib/mhw-mulx\libm.a(lib_a-k_cos.o)
                0x000000000000342c                __kernel_cos
 .text          0x00000000000038d0        0x0 c:/altera_lite/15.1/nios2eds/bin/gnu/h-x86_64-mingw32/bin/../lib/gcc/nios2-elf/4.9.2/../../../../../H-x86_64-mingw32/nios2-elf/lib/mhw-mulx\libm.a(lib_a-k_rem_pio2.o)
 .text.__kernel_rem_pio2
                0x00000000000038d0      0xd28 c:/altera_lite/15.1/nios2eds/bin/gnu/h-x86_64-mingw32/bin/../lib/gcc/nios2-elf/4.9.2/../../../../../H-x86_64-mingw32/nios2-elf/lib/mhw-mulx\libm.a(lib_a-k_rem_pio2.o)
                0x00000000000038d0                __kernel_rem_pio2
 .text          0x00000000000045f8        0x0 c:/altera_lite/15.1/nios2eds/bin/gnu/h-x86_64-mingw32/bin/../lib/gcc/nios2-elf/4.9.2/../../../../../H-x86_64-mingw32/nios2-elf/lib/mhw-mulx\libm.a(lib_a-k_sin.o)
 .text.__kernel_sin
                0x00000000000045f8      0x2c8 c:/altera_lite/15.1/nios2eds/bin/gnu/h-x86_64-mingw32/bin/../lib/gcc/nios2-elf/4.9.2/../../../../../H-x86_64-mingw32/nios2-elf/lib/mhw-mulx\libm.a(lib_a-k_sin.o)
                0x00000000000045f8                __kernel_sin
 .text          0x00000000000048c0        0x0 c:/altera_lite/15.1/nios2eds/bin/gnu/h-x86_64-mingw32/bin/../lib/gcc/nios2-elf/4.9.2/../../../../../H-x86_64-mingw32/nios2-elf/lib/mhw-mulx\libm.a(lib_a-s_fabs.o)
 .text.fabs     0x00000000000048c0       0x14 c:/altera_lite/15.1/nios2eds/bin/gnu/h-x86_64-mingw32/bin/../lib/gcc/nios2-elf/4.9.2/../../../../../H-x86_64-mingw32/nios2-elf/lib/mhw-mulx\libm.a(lib_a-s_fabs.o)
                0x00000000000048c0                fabs
 .text          0x00000000000048d4        0x0 c:/altera_lite/15.1/nios2eds/bin/gnu/h-x86_64-mingw32/bin/../lib/gcc/nios2-elf/4.9.2/../../../../../H-x86_64-mingw32/nios2-elf/lib/mhw-mulx\libm.a(lib_a-s_floor.o)
 .text.floor    0x00000000000048d4      0x1f4 c:/altera_lite/15.1/nios2eds/bin/gnu/h-x86_64-mingw32/bin/../lib/gcc/nios2-elf/4.9.2/../../../../../H-x86_64-mingw32/nios2-elf/lib/mhw-mulx\libm.a(lib_a-s_floor.o)
                0x00000000000048d4                floor
 .text          0x0000000000004ac8        0x0 c:/altera_lite/15.1/nios2eds/bin/gnu/h-x86_64-mingw32/bin/../lib/gcc/nios2-elf/4.9.2/../../../../../H-x86_64-mingw32/nios2-elf/lib/mhw-mulx\libm.a(lib_a-s_scalbn.o)
 .text.scalbn   0x0000000000004ac8      0x1cc c:/altera_lite/15.1/nios2eds/bin/gnu/h-x86_64-mingw32/bin/../lib/gcc/nios2-elf/4.9.2/../../../../../H-x86_64-mingw32/nios2-elf/lib/mhw-mulx\libm.a(lib_a-s_scalbn.o)
                0x0000000000004ac8                scalbn
 .text          0x0000000000004c94        0x0 c:/altera_lite/15.1/nios2eds/bin/gnu/h-x86_64-mingw32/bin/../lib/gcc/nios2-elf/4.9.2/../../../../../H-x86_64-mingw32/nios2-elf/lib/mhw-mulx\libm.a(lib_a-s_copysign.o)
 .text.copysign
                0x0000000000004c94       0x1c c:/altera_lite/15.1/nios2eds/bin/gnu/h-x86_64-mingw32/bin/../lib/gcc/nios2-elf/4.9.2/../../../../../H-x86_64-mingw32/nios2-elf/lib/mhw-mulx\libm.a(lib_a-s_copysign.o)
                0x0000000000004c94                copysign
 .text          0x0000000000004cb0      0x12c c:/altera_lite/15.1/nios2eds/bin/gnu/h-x86_64-mingw32/bin/../lib/gcc/nios2-elf/4.9.2/mhw-mulx\libgcc.a(lib2-divmod.o)
                0x0000000000004d1c                __divsi3
                0x0000000000004d70                __modsi3
                0x0000000000004dcc                __udivsi3
                0x0000000000004dd4                __umodsi3
 .text          0x0000000000004ddc      0x134 c:/altera_lite/15.1/nios2eds/bin/gnu/h-x86_64-mingw32/bin/../lib/gcc/nios2-elf/4.9.2/mhw-mulx\libgcc.a(floatsisf.o)
                0x0000000000004ddc                __floatsisf
 .text          0x0000000000004f10      0x89c c:/altera_lite/15.1/nios2eds/bin/gnu/h-x86_64-mingw32/bin/../lib/gcc/nios2-elf/4.9.2/mhw-mulx\libgcc.a(adddf3.o)
                0x0000000000004f10                __adddf3
 .text          0x00000000000057ac      0x8cc c:/altera_lite/15.1/nios2eds/bin/gnu/h-x86_64-mingw32/bin/../lib/gcc/nios2-elf/4.9.2/mhw-mulx\libgcc.a(divdf3.o)
                0x00000000000057ac                __divdf3
 .text          0x0000000000006078       0x84 c:/altera_lite/15.1/nios2eds/bin/gnu/h-x86_64-mingw32/bin/../lib/gcc/nios2-elf/4.9.2/mhw-mulx\libgcc.a(eqdf2.o)
                0x0000000000006078                __nedf2
                0x0000000000006078                __eqdf2
 .text          0x00000000000060fc       0xe0 c:/altera_lite/15.1/nios2eds/bin/gnu/h-x86_64-mingw32/bin/../lib/gcc/nios2-elf/4.9.2/mhw-mulx\libgcc.a(gedf2.o)
                0x00000000000060fc                __gedf2
                0x00000000000060fc                __gtdf2
 .text          0x00000000000061dc       0xe0 c:/altera_lite/15.1/nios2eds/bin/gnu/h-x86_64-mingw32/bin/../lib/gcc/nios2-elf/4.9.2/mhw-mulx\libgcc.a(ledf2.o)
                0x00000000000061dc                __ledf2
                0x00000000000061dc                __ltdf2
 .text          0x00000000000062bc      0x724 c:/altera_lite/15.1/nios2eds/bin/gnu/h-x86_64-mingw32/bin/../lib/gcc/nios2-elf/4.9.2/mhw-mulx\libgcc.a(muldf3.o)
                0x00000000000062bc                __muldf3
 .text          0x00000000000069e0      0x8d0 c:/altera_lite/15.1/nios2eds/bin/gnu/h-x86_64-mingw32/bin/../lib/gcc/nios2-elf/4.9.2/mhw-mulx\libgcc.a(subdf3.o)
                0x00000000000069e0                __subdf3
 .text          0x00000000000072b0       0x88 c:/altera_lite/15.1/nios2eds/bin/gnu/h-x86_64-mingw32/bin/../lib/gcc/nios2-elf/4.9.2/mhw-mulx\libgcc.a(fixdfsi.o)
                0x00000000000072b0                __fixdfsi
 .text          0x0000000000007338       0xd0 c:/altera_lite/15.1/nios2eds/bin/gnu/h-x86_64-mingw32/bin/../lib/gcc/nios2-elf/4.9.2/mhw-mulx\libgcc.a(floatsidf.o)
                0x0000000000007338                __floatsidf
 .text          0x0000000000007408      0x110 c:/altera_lite/15.1/nios2eds/bin/gnu/h-x86_64-mingw32/bin/../lib/gcc/nios2-elf/4.9.2/mhw-mulx\libgcc.a(extendsfdf2.o)
                0x0000000000007408                __extendsfdf2
 .text          0x0000000000007518       0x64 c:/altera_lite/15.1/nios2eds/bin/gnu/h-x86_64-mingw32/bin/../lib/gcc/nios2-elf/4.9.2/mhw-mulx\libgcc.a(_clzsi2.o)
                0x0000000000007518                __clzsi2
 .text          0x000000000000757c        0x0 c:/altera_lite/15.1/nios2eds/bin/gnu/h-x86_64-mingw32/bin/../lib/gcc/nios2-elf/4.9.2/mhw-mulx\libgcc.a(_clz.o)
 .text          0x000000000000757c        0x0 c:/altera_lite/15.1/nios2eds/bin/gnu/h-x86_64-mingw32/bin/../lib/gcc/nios2-elf/4.9.2/../../../../../H-x86_64-mingw32/nios2-elf/lib/mhw-mulx\libc.a(lib_a-memcpy.o)
 .text.memcpy   0x000000000000757c      0x138 c:/altera_lite/15.1/nios2eds/bin/gnu/h-x86_64-mingw32/bin/../lib/gcc/nios2-elf/4.9.2/../../../../../H-x86_64-mingw32/nios2-elf/lib/mhw-mulx\libc.a(lib_a-memcpy.o)
                0x000000000000757c                memcpy
 .text          0x00000000000076b4        0x0 c:/altera_lite/15.1/nios2eds/bin/gnu/h-x86_64-mingw32/bin/../lib/gcc/nios2-elf/4.9.2/../../../../../H-x86_64-mingw32/nios2-elf/lib/mhw-mulx\libc.a(lib_a-sprintf.o)
 .text._sprintf_r
                0x00000000000076b4       0x58 c:/altera_lite/15.1/nios2eds/bin/gnu/h-x86_64-mingw32/bin/../lib/gcc/nios2-elf/4.9.2/../../../../../H-x86_64-mingw32/nios2-elf/lib/mhw-mulx\libc.a(lib_a-sprintf.o)
                0x00000000000076b4                _sprintf_r
 .text.sprintf  0x000000000000770c       0x6c c:/altera_lite/15.1/nios2eds/bin/gnu/h-x86_64-mingw32/bin/../lib/gcc/nios2-elf/4.9.2/../../../../../H-x86_64-mingw32/nios2-elf/lib/mhw-mulx\libc.a(lib_a-sprintf.o)
                0x000000000000770c                sprintf
 .text          0x0000000000007778        0x0 c:/altera_lite/15.1/nios2eds/bin/gnu/h-x86_64-mingw32/bin/../lib/gcc/nios2-elf/4.9.2/../../../../../H-x86_64-mingw32/nios2-elf/lib/mhw-mulx\libc.a(lib_a-svfprintf.o)
 .text.___svfprintf_internal_r
                0x0000000000007778     0x1f90 c:/altera_lite/15.1/nios2eds/bin/gnu/h-x86_64-mingw32/bin/../lib/gcc/nios2-elf/4.9.2/../../../../../H-x86_64-mingw32/nios2-elf/lib/mhw-mulx\libc.a(lib_a-svfprintf.o)
                0x0000000000007778                ___svfprintf_internal_r
 .text          0x0000000000009708        0x0 c:/altera_lite/15.1/nios2eds/bin/gnu/h-x86_64-mingw32/bin/../lib/gcc/nios2-elf/4.9.2/../../../../../H-x86_64-mingw32/nios2-elf/lib/mhw-mulx\libc.a(lib_a-dtoa.o)
 .text.quorem   0x0000000000009708      0x200 c:/altera_lite/15.1/nios2eds/bin/gnu/h-x86_64-mingw32/bin/../lib/gcc/nios2-elf/4.9.2/../../../../../H-x86_64-mingw32/nios2-elf/lib/mhw-mulx\libc.a(lib_a-dtoa.o)
 .text._dtoa_r  0x0000000000009908     0x1728 c:/altera_lite/15.1/nios2eds/bin/gnu/h-x86_64-mingw32/bin/../lib/gcc/nios2-elf/4.9.2/../../../../../H-x86_64-mingw32/nios2-elf/lib/mhw-mulx\libc.a(lib_a-dtoa.o)
                0x0000000000009908                _dtoa_r
 .text          0x000000000000b030        0x0 c:/altera_lite/15.1/nios2eds/bin/gnu/h-x86_64-mingw32/bin/../lib/gcc/nios2-elf/4.9.2/../../../../../H-x86_64-mingw32/nios2-elf/lib/mhw-mulx\libc.a(lib_a-impure.o)
 .text          0x000000000000b030        0x0 c:/altera_lite/15.1/nios2eds/bin/gnu/h-x86_64-mingw32/bin/../lib/gcc/nios2-elf/4.9.2/../../../../../H-x86_64-mingw32/nios2-elf/lib/mhw-mulx\libc.a(lib_a-locale.o)
 .text._setlocale_r
                0x000000000000b030       0x7c c:/altera_lite/15.1/nios2eds/bin/gnu/h-x86_64-mingw32/bin/../lib/gcc/nios2-elf/4.9.2/../../../../../H-x86_64-mingw32/nios2-elf/lib/mhw-mulx\libc.a(lib_a-locale.o)
                0x000000000000b030                _setlocale_r
 .text.__locale_charset
                0x000000000000b0ac        0xc c:/altera_lite/15.1/nios2eds/bin/gnu/h-x86_64-mingw32/bin/../lib/gcc/nios2-elf/4.9.2/../../../../../H-x86_64-mingw32/nios2-elf/lib/mhw-mulx\libc.a(lib_a-locale.o)
                0x000000000000b0ac                __locale_charset
 .text.__locale_mb_cur_max
                0x000000000000b0b8       0x10 c:/altera_lite/15.1/nios2eds/bin/gnu/h-x86_64-mingw32/bin/../lib/gcc/nios2-elf/4.9.2/../../../../../H-x86_64-mingw32/nios2-elf/lib/mhw-mulx\libc.a(lib_a-locale.o)
                0x000000000000b0b8                __locale_mb_cur_max
 .text.__locale_msgcharset
                0x000000000000b0c8        0xc c:/altera_lite/15.1/nios2eds/bin/gnu/h-x86_64-mingw32/bin/../lib/gcc/nios2-elf/4.9.2/../../../../../H-x86_64-mingw32/nios2-elf/lib/mhw-mulx\libc.a(lib_a-locale.o)
                0x000000000000b0c8                __locale_msgcharset
 .text.__locale_cjk_lang
                0x000000000000b0d4        0x8 c:/altera_lite/15.1/nios2eds/bin/gnu/h-x86_64-mingw32/bin/../lib/gcc/nios2-elf/4.9.2/../../../../../H-x86_64-mingw32/nios2-elf/lib/mhw-mulx\libc.a(lib_a-locale.o)
                0x000000000000b0d4                __locale_cjk_lang
 .text._localeconv_r
                0x000000000000b0dc        0xc c:/altera_lite/15.1/nios2eds/bin/gnu/h-x86_64-mingw32/bin/../lib/gcc/nios2-elf/4.9.2/../../../../../H-x86_64-mingw32/nios2-elf/lib/mhw-mulx\libc.a(lib_a-locale.o)
                0x000000000000b0dc                _localeconv_r
 .text.setlocale
                0x000000000000b0e8       0x1c c:/altera_lite/15.1/nios2eds/bin/gnu/h-x86_64-mingw32/bin/../lib/gcc/nios2-elf/4.9.2/../../../../../H-x86_64-mingw32/nios2-elf/lib/mhw-mulx\libc.a(lib_a-locale.o)
                0x000000000000b0e8                setlocale
 .text.localeconv
                0x000000000000b104        0xc c:/altera_lite/15.1/nios2eds/bin/gnu/h-x86_64-mingw32/bin/../lib/gcc/nios2-elf/4.9.2/../../../../../H-x86_64-mingw32/nios2-elf/lib/mhw-mulx\libc.a(lib_a-locale.o)
                0x000000000000b104                localeconv
 .text          0x000000000000b110        0x0 c:/altera_lite/15.1/nios2eds/bin/gnu/h-x86_64-mingw32/bin/../lib/gcc/nios2-elf/4.9.2/../../../../../H-x86_64-mingw32/nios2-elf/lib/mhw-mulx\libc.a(lib_a-mallocr.o)
 .text._malloc_r
                0x000000000000b110      0x7a8 c:/altera_lite/15.1/nios2eds/bin/gnu/h-x86_64-mingw32/bin/../lib/gcc/nios2-elf/4.9.2/../../../../../H-x86_64-mingw32/nios2-elf/lib/mhw-mulx\libc.a(lib_a-mallocr.o)
                0x000000000000b110                _malloc_r
 .text          0x000000000000b8b8        0x0 c:/altera_lite/15.1/nios2eds/bin/gnu/h-x86_64-mingw32/bin/../lib/gcc/nios2-elf/4.9.2/../../../../../H-x86_64-mingw32/nios2-elf/lib/mhw-mulx\libc.a(lib_a-memchr.o)
 .text.memchr   0x000000000000b8b8       0xe8 c:/altera_lite/15.1/nios2eds/bin/gnu/h-x86_64-mingw32/bin/../lib/gcc/nios2-elf/4.9.2/../../../../../H-x86_64-mingw32/nios2-elf/lib/mhw-mulx\libc.a(lib_a-memchr.o)
                0x000000000000b8b8                memchr
 .text          0x000000000000b9a0        0x0 c:/altera_lite/15.1/nios2eds/bin/gnu/h-x86_64-mingw32/bin/../lib/gcc/nios2-elf/4.9.2/../../../../../H-x86_64-mingw32/nios2-elf/lib/mhw-mulx\libc.a(lib_a-mprec.o)
 .text._Balloc  0x000000000000b9a0       0xa8 c:/altera_lite/15.1/nios2eds/bin/gnu/h-x86_64-mingw32/bin/../lib/gcc/nios2-elf/4.9.2/../../../../../H-x86_64-mingw32/nios2-elf/lib/mhw-mulx\libc.a(lib_a-mprec.o)
                0x000000000000b9a0                _Balloc
 .text._Bfree   0x000000000000ba48       0x28 c:/altera_lite/15.1/nios2eds/bin/gnu/h-x86_64-mingw32/bin/../lib/gcc/nios2-elf/4.9.2/../../../../../H-x86_64-mingw32/nios2-elf/lib/mhw-mulx\libc.a(lib_a-mprec.o)
                0x000000000000ba48                _Bfree
 .text.__multadd
                0x000000000000ba70      0x120 c:/altera_lite/15.1/nios2eds/bin/gnu/h-x86_64-mingw32/bin/../lib/gcc/nios2-elf/4.9.2/../../../../../H-x86_64-mingw32/nios2-elf/lib/mhw-mulx\libc.a(lib_a-mprec.o)
                0x000000000000ba70                __multadd
 .text.__s2b    0x000000000000bb90      0x104 c:/altera_lite/15.1/nios2eds/bin/gnu/h-x86_64-mingw32/bin/../lib/gcc/nios2-elf/4.9.2/../../../../../H-x86_64-mingw32/nios2-elf/lib/mhw-mulx\libc.a(lib_a-mprec.o)
                0x000000000000bb90                __s2b
 .text.__hi0bits
                0x000000000000bc94       0x68 c:/altera_lite/15.1/nios2eds/bin/gnu/h-x86_64-mingw32/bin/../lib/gcc/nios2-elf/4.9.2/../../../../../H-x86_64-mingw32/nios2-elf/lib/mhw-mulx\libc.a(lib_a-mprec.o)
                0x000000000000bc94                __hi0bits
 .text.__lo0bits
                0x000000000000bcfc       0xb0 c:/altera_lite/15.1/nios2eds/bin/gnu/h-x86_64-mingw32/bin/../lib/gcc/nios2-elf/4.9.2/../../../../../H-x86_64-mingw32/nios2-elf/lib/mhw-mulx\libc.a(lib_a-mprec.o)
                0x000000000000bcfc                __lo0bits
 .text.__i2b    0x000000000000bdac       0x3c c:/altera_lite/15.1/nios2eds/bin/gnu/h-x86_64-mingw32/bin/../lib/gcc/nios2-elf/4.9.2/../../../../../H-x86_64-mingw32/nios2-elf/lib/mhw-mulx\libc.a(lib_a-mprec.o)
                0x000000000000bdac                __i2b
 .text.__multiply
                0x000000000000bde8      0x1fc c:/altera_lite/15.1/nios2eds/bin/gnu/h-x86_64-mingw32/bin/../lib/gcc/nios2-elf/4.9.2/../../../../../H-x86_64-mingw32/nios2-elf/lib/mhw-mulx\libc.a(lib_a-mprec.o)
                0x000000000000bde8                __multiply
 .text.__pow5mult
                0x000000000000bfe4      0x140 c:/altera_lite/15.1/nios2eds/bin/gnu/h-x86_64-mingw32/bin/../lib/gcc/nios2-elf/4.9.2/../../../../../H-x86_64-mingw32/nios2-elf/lib/mhw-mulx\libc.a(lib_a-mprec.o)
                0x000000000000bfe4                __pow5mult
 .text.__lshift
                0x000000000000c124      0x150 c:/altera_lite/15.1/nios2eds/bin/gnu/h-x86_64-mingw32/bin/../lib/gcc/nios2-elf/4.9.2/../../../../../H-x86_64-mingw32/nios2-elf/lib/mhw-mulx\libc.a(lib_a-mprec.o)
                0x000000000000c124                __lshift
 .text.__mcmp   0x000000000000c274       0x60 c:/altera_lite/15.1/nios2eds/bin/gnu/h-x86_64-mingw32/bin/../lib/gcc/nios2-elf/4.9.2/../../../../../H-x86_64-mingw32/nios2-elf/lib/mhw-mulx\libc.a(lib_a-mprec.o)
                0x000000000000c274                __mcmp
 .text.__mdiff  0x000000000000c2d4      0x198 c:/altera_lite/15.1/nios2eds/bin/gnu/h-x86_64-mingw32/bin/../lib/gcc/nios2-elf/4.9.2/../../../../../H-x86_64-mingw32/nios2-elf/lib/mhw-mulx\libc.a(lib_a-mprec.o)
                0x000000000000c2d4                __mdiff
 .text.__ulp    0x000000000000c46c       0x60 c:/altera_lite/15.1/nios2eds/bin/gnu/h-x86_64-mingw32/bin/../lib/gcc/nios2-elf/4.9.2/../../../../../H-x86_64-mingw32/nios2-elf/lib/mhw-mulx\libc.a(lib_a-mprec.o)
                0x000000000000c46c                __ulp
 .text.__b2d    0x000000000000c4cc      0x11c c:/altera_lite/15.1/nios2eds/bin/gnu/h-x86_64-mingw32/bin/../lib/gcc/nios2-elf/4.9.2/../../../../../H-x86_64-mingw32/nios2-elf/lib/mhw-mulx\libc.a(lib_a-mprec.o)
                0x000000000000c4cc                __b2d
 .text.__d2b    0x000000000000c5e8      0x13c c:/altera_lite/15.1/nios2eds/bin/gnu/h-x86_64-mingw32/bin/../lib/gcc/nios2-elf/4.9.2/../../../../../H-x86_64-mingw32/nios2-elf/lib/mhw-mulx\libc.a(lib_a-mprec.o)
                0x000000000000c5e8                __d2b
 .text.__ratio  0x000000000000c724       0xa4 c:/altera_lite/15.1/nios2eds/bin/gnu/h-x86_64-mingw32/bin/../lib/gcc/nios2-elf/4.9.2/../../../../../H-x86_64-mingw32/nios2-elf/lib/mhw-mulx\libc.a(lib_a-mprec.o)
                0x000000000000c724                __ratio
 .text._mprec_log10
                0x000000000000c7c8       0x74 c:/altera_lite/15.1/nios2eds/bin/gnu/h-x86_64-mingw32/bin/../lib/gcc/nios2-elf/4.9.2/../../../../../H-x86_64-mingw32/nios2-elf/lib/mhw-mulx\libc.a(lib_a-mprec.o)
                0x000000000000c7c8                _mprec_log10
 .text.__copybits
                0x000000000000c83c       0x78 c:/altera_lite/15.1/nios2eds/bin/gnu/h-x86_64-mingw32/bin/../lib/gcc/nios2-elf/4.9.2/../../../../../H-x86_64-mingw32/nios2-elf/lib/mhw-mulx\libc.a(lib_a-mprec.o)
                0x000000000000c83c                __copybits
 .text.__any_on
                0x000000000000c8b4       0x8c c:/altera_lite/15.1/nios2eds/bin/gnu/h-x86_64-mingw32/bin/../lib/gcc/nios2-elf/4.9.2/../../../../../H-x86_64-mingw32/nios2-elf/lib/mhw-mulx\libc.a(lib_a-mprec.o)
                0x000000000000c8b4                __any_on
 .text          0x000000000000c940        0x0 c:/altera_lite/15.1/nios2eds/bin/gnu/h-x86_64-mingw32/bin/../lib/gcc/nios2-elf/4.9.2/../../../../../H-x86_64-mingw32/nios2-elf/lib/mhw-mulx\libc.a(lib_a-s_fpclassify.o)
 .text.__fpclassifyd
                0x000000000000c940       0x74 c:/altera_lite/15.1/nios2eds/bin/gnu/h-x86_64-mingw32/bin/../lib/gcc/nios2-elf/4.9.2/../../../../../H-x86_64-mingw32/nios2-elf/lib/mhw-mulx\libc.a(lib_a-s_fpclassify.o)
                0x000000000000c940                __fpclassifyd
 .text          0x000000000000c9b4        0x0 c:/altera_lite/15.1/nios2eds/bin/gnu/h-x86_64-mingw32/bin/../lib/gcc/nios2-elf/4.9.2/../../../../../H-x86_64-mingw32/nios2-elf/lib/mhw-mulx\libc.a(lib_a-sbrkr.o)
 .text._sbrk_r  0x000000000000c9b4       0x54 c:/altera_lite/15.1/nios2eds/bin/gnu/h-x86_64-mingw32/bin/../lib/gcc/nios2-elf/4.9.2/../../../../../H-x86_64-mingw32/nios2-elf/lib/mhw-mulx\libc.a(lib_a-sbrkr.o)
                0x000000000000c9b4                _sbrk_r
 .text          0x000000000000ca08        0x0 c:/altera_lite/15.1/nios2eds/bin/gnu/h-x86_64-mingw32/bin/../lib/gcc/nios2-elf/4.9.2/../../../../../H-x86_64-mingw32/nios2-elf/lib/mhw-mulx\libc.a(lib_a-strcmp.o)
 .text.strcmp   0x000000000000ca08       0xa4 c:/altera_lite/15.1/nios2eds/bin/gnu/h-x86_64-mingw32/bin/../lib/gcc/nios2-elf/4.9.2/../../../../../H-x86_64-mingw32/nios2-elf/lib/mhw-mulx\libc.a(lib_a-strcmp.o)
                0x000000000000ca08                strcmp
 .text          0x000000000000caac        0x0 c:/altera_lite/15.1/nios2eds/bin/gnu/h-x86_64-mingw32/bin/../lib/gcc/nios2-elf/4.9.2/../../../../../H-x86_64-mingw32/nios2-elf/lib/mhw-mulx\libc.a(lib_a-strlen.o)
 .text.strlen   0x000000000000caac       0x98 c:/altera_lite/15.1/nios2eds/bin/gnu/h-x86_64-mingw32/bin/../lib/gcc/nios2-elf/4.9.2/../../../../../H-x86_64-mingw32/nios2-elf/lib/mhw-mulx\libc.a(lib_a-strlen.o)
                0x000000000000caac                strlen
 .text          0x000000000000cb44        0x0 c:/altera_lite/15.1/nios2eds/bin/gnu/h-x86_64-mingw32/bin/../lib/gcc/nios2-elf/4.9.2/../../../../../H-x86_64-mingw32/nios2-elf/lib/mhw-mulx\libc.a(lib_a-svfiprintf.o)
 .text.__ssprint_r
                0x000000000000cb44      0x1cc c:/altera_lite/15.1/nios2eds/bin/gnu/h-x86_64-mingw32/bin/../lib/gcc/nios2-elf/4.9.2/../../../../../H-x86_64-mingw32/nios2-elf/lib/mhw-mulx\libc.a(lib_a-svfiprintf.o)
                0x000000000000cb44                __ssprint_r
 .text.___svfiprintf_internal_r
                0x000000000000cd10     0x1038 c:/altera_lite/15.1/nios2eds/bin/gnu/h-x86_64-mingw32/bin/../lib/gcc/nios2-elf/4.9.2/../../../../../H-x86_64-mingw32/nios2-elf/lib/mhw-mulx\libc.a(lib_a-svfiprintf.o)
                0x000000000000cd10                ___svfiprintf_internal_r
 .text          0x000000000000dd48        0x0 c:/altera_lite/15.1/nios2eds/bin/gnu/h-x86_64-mingw32/bin/../lib/gcc/nios2-elf/4.9.2/../../../../../H-x86_64-mingw32/nios2-elf/lib/mhw-mulx\libc.a(lib_a-callocr.o)
 .text._calloc_r
                0x000000000000dd48       0xc4 c:/altera_lite/15.1/nios2eds/bin/gnu/h-x86_64-mingw32/bin/../lib/gcc/nios2-elf/4.9.2/../../../../../H-x86_64-mingw32/nios2-elf/lib/mhw-mulx\libc.a(lib_a-callocr.o)
                0x000000000000dd48                _calloc_r
 .text          0x000000000000de0c        0x0 c:/altera_lite/15.1/nios2eds/bin/gnu/h-x86_64-mingw32/bin/../lib/gcc/nios2-elf/4.9.2/../../../../../H-x86_64-mingw32/nios2-elf/lib/mhw-mulx\libc.a(lib_a-freer.o)
 .text._malloc_trim_r
                0x000000000000de0c      0x124 c:/altera_lite/15.1/nios2eds/bin/gnu/h-x86_64-mingw32/bin/../lib/gcc/nios2-elf/4.9.2/../../../../../H-x86_64-mingw32/nios2-elf/lib/mhw-mulx\libc.a(lib_a-freer.o)
                0x000000000000de0c                _malloc_trim_r
 .text._free_r  0x000000000000df30      0x2f0 c:/altera_lite/15.1/nios2eds/bin/gnu/h-x86_64-mingw32/bin/../lib/gcc/nios2-elf/4.9.2/../../../../../H-x86_64-mingw32/nios2-elf/lib/mhw-mulx\libc.a(lib_a-freer.o)
                0x000000000000df30                _free_r
 .text          0x000000000000e220        0x0 c:/altera_lite/15.1/nios2eds/bin/gnu/h-x86_64-mingw32/bin/../lib/gcc/nios2-elf/4.9.2/../../../../../H-x86_64-mingw32/nios2-elf/lib/mhw-mulx\libc.a(lib_a-int_errno.o)
 .text          0x000000000000e220        0x0 c:/altera_lite/15.1/nios2eds/bin/gnu/h-x86_64-mingw32/bin/../lib/gcc/nios2-elf/4.9.2/../../../../../H-x86_64-mingw32/nios2-elf/lib/mhw-mulx\libc.a(lib_a-memmove.o)
 .text.memmove  0x000000000000e220      0x15c c:/altera_lite/15.1/nios2eds/bin/gnu/h-x86_64-mingw32/bin/../lib/gcc/nios2-elf/4.9.2/../../../../../H-x86_64-mingw32/nios2-elf/lib/mhw-mulx\libc.a(lib_a-memmove.o)
                0x000000000000e220                memmove
 .text          0x000000000000e37c        0x0 c:/altera_lite/15.1/nios2eds/bin/gnu/h-x86_64-mingw32/bin/../lib/gcc/nios2-elf/4.9.2/../../../../../H-x86_64-mingw32/nios2-elf/lib/mhw-mulx\libc.a(lib_a-memset.o)
 .text.memset   0x000000000000e37c      0x124 c:/altera_lite/15.1/nios2eds/bin/gnu/h-x86_64-mingw32/bin/../lib/gcc/nios2-elf/4.9.2/../../../../../H-x86_64-mingw32/nios2-elf/lib/mhw-mulx\libc.a(lib_a-memset.o)
                0x000000000000e37c                memset
 .text          0x000000000000e4a0        0x0 c:/altera_lite/15.1/nios2eds/bin/gnu/h-x86_64-mingw32/bin/../lib/gcc/nios2-elf/4.9.2/../../../../../H-x86_64-mingw32/nios2-elf/lib/mhw-mulx\libc.a(lib_a-reallocr.o)
 .text._realloc_r
                0x000000000000e4a0      0x568 c:/altera_lite/15.1/nios2eds/bin/gnu/h-x86_64-mingw32/bin/../lib/gcc/nios2-elf/4.9.2/../../../../../H-x86_64-mingw32/nios2-elf/lib/mhw-mulx\libc.a(lib_a-reallocr.o)
                0x000000000000e4a0                _realloc_r
 .text          0x000000000000ea08      0x5c0 c:/altera_lite/15.1/nios2eds/bin/gnu/h-x86_64-mingw32/bin/../lib/gcc/nios2-elf/4.9.2/mhw-mulx\libgcc.a(_udivdi3.o)
                0x000000000000ea08                __udivdi3
 .text          0x000000000000efc8      0x590 c:/altera_lite/15.1/nios2eds/bin/gnu/h-x86_64-mingw32/bin/../lib/gcc/nios2-elf/4.9.2/mhw-mulx\libgcc.a(_umoddi3.o)
                0x000000000000efc8                __umoddi3
 .text          0x000000000000f558       0xa4 c:/altera_lite/15.1/nios2eds/bin/gnu/h-x86_64-mingw32/bin/../lib/gcc/nios2-elf/4.9.2/mhw-mulx\libgcc.a(floatunsidf.o)
                0x000000000000f558                __floatunsidf
 .text          0x000000000000f5fc       0xe4 C:/Users/Eldin/Documents/GitHub/Neon3D/FPGA/Software/Neon3DSoftware_bsp/\libucosii_bsp.a(alt_load.o)
                0x000000000000f660                alt_load
 .text          0x000000000000f6e0       0xd4 C:/Users/Eldin/Documents/GitHub/Neon3D/FPGA/Software/Neon3DSoftware_bsp/\libucosii_bsp.a(alt_main.o)
                0x000000000000f6e0                alt_main
 .text          0x000000000000f7b4       0xb0 C:/Users/Eldin/Documents/GitHub/Neon3D/FPGA/Software/Neon3DSoftware_bsp/\libucosii_bsp.a(alt_sbrk.o)
                0x000000000000f7b4                sbrk
 .text          0x000000000000f864      0x11c C:/Users/Eldin/Documents/GitHub/Neon3D/FPGA/Software/Neon3DSoftware_bsp/\libucosii_bsp.a(alt_env_lock.o)
                0x000000000000f864                __env_lock
                0x000000000000f924                __env_unlock
 .text          0x000000000000f980      0x1f0 C:/Users/Eldin/Documents/GitHub/Neon3D/FPGA/Software/Neon3DSoftware_bsp/\libucosii_bsp.a(alt_malloc_lock.o)
                0x000000000000f980                __malloc_lock
                0x000000000000faa0                __malloc_unlock
 .text          0x000000000000fb70     0x1ff0 C:/Users/Eldin/Documents/GitHub/Neon3D/FPGA/Software/Neon3DSoftware_bsp/\libucosii_bsp.a(os_core.o)
                0x000000000000fb70                OSEventNameGet
                0x000000000000fc90                OSEventNameSet
                0x000000000000fdcc                OSEventPendMulti
                0x00000000000103dc                OSInit
                0x0000000000010430                OSIntEnter
                0x00000000000104ac                OSIntExit
                0x00000000000105a0                OSSchedLock
                0x0000000000010628                OSSchedUnlock
                0x0000000000010700                OSStart
                0x000000000001076c                OSStatInit
                0x0000000000010818                OSTimeTick
                0x0000000000010a34                OSVersion
                0x0000000000010a54                OS_Dummy
                0x0000000000010a70                OS_EventTaskRdy
                0x0000000000010c08                OS_EventTaskWait
                0x0000000000010d14                OS_EventTaskWaitMulti
                0x0000000000010e60                OS_EventTaskRemove
                0x0000000000010f14                OS_EventTaskRemoveMulti
                0x0000000000011010                OS_EventWaitListInit
                0x00000000000113d4                OS_MemClr
                0x0000000000011424                OS_MemCopy
                0x0000000000011488                OS_Sched
                0x00000000000115c4                OS_StrCopy
                0x0000000000011638                OS_StrLen
                0x000000000001168c                OS_TaskIdle
                0x00000000000116e8                OS_TaskStat
                0x00000000000117c4                OS_TaskStatStkChk
                0x000000000001188c                OS_TCBInit
 .text          0x0000000000011b60      0x18c C:/Users/Eldin/Documents/GitHub/Neon3D/FPGA/Software/Neon3DSoftware_bsp/\libucosii_bsp.a(os_dbg.o)
                0x0000000000011b60                OSDebugInit
 .text          0x0000000000011cec     0x181c C:/Users/Eldin/Documents/GitHub/Neon3D/FPGA/Software/Neon3DSoftware_bsp/\libucosii_bsp.a(os_flag.o)
                0x0000000000011cec                OSFlagAccept
                0x0000000000011ff4                OSFlagCreate
                0x000000000001211c                OSFlagDel
                0x000000000001238c                OSFlagNameGet
                0x00000000000124bc                OSFlagNameSet
                0x000000000001260c                OSFlagPend
                0x0000000000012bfc                OSFlagPendGetFlagsRdy
                0x0000000000012c64                OSFlagPost
                0x0000000000012fec                OSFlagQuery
                0x0000000000013274                OS_FlagInit
                0x0000000000013468                OS_FlagUnlink
 .text          0x0000000000013508      0x784 C:/Users/Eldin/Documents/GitHub/Neon3D/FPGA/Software/Neon3DSoftware_bsp/\libucosii_bsp.a(os_mem.o)
                0x0000000000013508                OSMemCreate
                0x00000000000136fc                OSMemGet
                0x00000000000137ec                OSMemNameGet
                0x00000000000138e4                OSMemNameSet
                0x00000000000139fc                OSMemPut
                0x0000000000013ad4                OSMemQuery
                0x0000000000013bbc                OS_MemInit
 .text          0x0000000000013c8c     0x1210 C:/Users/Eldin/Documents/GitHub/Neon3D/FPGA/Software/Neon3DSoftware_bsp/\libucosii_bsp.a(os_q.o)
                0x0000000000013c8c                OSQAccept
                0x0000000000013dcc                OSQCreate
                0x0000000000013fc8                OSQDel
                0x0000000000014290                OSQFlush
                0x0000000000014348                OSQPend
                0x0000000000014644                OSQPendAbort
                0x00000000000147b0                OSQPost
                0x0000000000014918                OSQPostFront
                0x0000000000014a88                OSQPostOpt
                0x0000000000014c94                OSQQuery
                0x0000000000014df0                OS_QInit
 .text          0x0000000000014e9c      0xb08 C:/Users/Eldin/Documents/GitHub/Neon3D/FPGA/Software/Neon3DSoftware_bsp/\libucosii_bsp.a(os_sem.o)
                0x0000000000014e9c                OSSemAccept
                0x0000000000014f4c                OSSemCreate
                0x000000000001504c                OSSemDel
                0x00000000000152b4                OSSemPend
                0x000000000001551c                OSSemPendAbort
                0x0000000000015688                OSSemPost
                0x0000000000015798                OSSemQuery
                0x00000000000158a8                OSSemSet
 .text          0x00000000000159a4     0x18f4 C:/Users/Eldin/Documents/GitHub/Neon3D/FPGA/Software/Neon3DSoftware_bsp/\libucosii_bsp.a(os_task.o)
                0x00000000000159a4                OSTaskChangePrio
                0x0000000000015ee4                OSTaskCreate
                0x00000000000160a0                OSTaskCreateExt
                0x000000000001628c                OSTaskDel
                0x000000000001666c                OSTaskDelReq
                0x00000000000167c4                OSTaskNameGet
                0x000000000001696c                OSTaskNameSet
                0x0000000000016b2c                OSTaskResume
                0x0000000000016d24                OSTaskStkChk
                0x0000000000016eec                OSTaskSuspend
                0x0000000000017100                OSTaskQuery
                0x000000000001722c                OS_TaskStkClr
 .text          0x0000000000017298      0x568 C:/Users/Eldin/Documents/GitHub/Neon3D/FPGA/Software/Neon3DSoftware_bsp/\libucosii_bsp.a(os_time.o)
                0x0000000000017298                OSTimeDly
                0x00000000000173e0                OSTimeDlyHMSM
                0x0000000000017548                OSTimeDlyResume
                0x0000000000017738                OSTimeGet
                0x000000000001779c                OSTimeSet
 .text          0x0000000000017800      0x444 C:/Users/Eldin/Documents/GitHub/Neon3D/FPGA/Software/Neon3DSoftware_bsp/\libucosii_bsp.a(alt_sys_init.o)
                0x0000000000017838                alt_irq_init
                0x000000000001786c                alt_sys_init
 .text          0x0000000000017c44      0x164 C:/Users/Eldin/Documents/GitHub/Neon3D/FPGA/Software/Neon3DSoftware_bsp/\libucosii_bsp.a(altera_avalon_jtag_uart_fd.o)
                0x0000000000017c44                altera_avalon_jtag_uart_read_fd
                0x0000000000017ca4                altera_avalon_jtag_uart_write_fd
                0x0000000000017d04                altera_avalon_jtag_uart_close_fd
                0x0000000000017d54                altera_avalon_jtag_uart_ioctl_fd
 .text          0x0000000000017da8      0x560 C:/Users/Eldin/Documents/GitHub/Neon3D/FPGA/Software/Neon3DSoftware_bsp/\libucosii_bsp.a(altera_avalon_jtag_uart_init.o)
                0x0000000000017da8                altera_avalon_jtag_uart_init
                0x00000000000182a0                altera_avalon_jtag_uart_close
 .text          0x0000000000018308       0xec C:/Users/Eldin/Documents/GitHub/Neon3D/FPGA/Software/Neon3DSoftware_bsp/\libucosii_bsp.a(altera_avalon_jtag_uart_ioctl.o)
                0x0000000000018308                altera_avalon_jtag_uart_ioctl
 .text          0x00000000000183f4      0x2b4 C:/Users/Eldin/Documents/GitHub/Neon3D/FPGA/Software/Neon3DSoftware_bsp/\libucosii_bsp.a(altera_avalon_jtag_uart_read.o)
                0x00000000000183f4                altera_avalon_jtag_uart_read
 .text          0x00000000000186a8      0x2c0 C:/Users/Eldin/Documents/GitHub/Neon3D/FPGA/Software/Neon3DSoftware_bsp/\libucosii_bsp.a(altera_avalon_jtag_uart_write.o)
                0x00000000000186a8                altera_avalon_jtag_uart_write
 .text          0x0000000000018968       0xf8 C:/Users/Eldin/Documents/GitHub/Neon3D/FPGA/Software/Neon3DSoftware_bsp/\libucosii_bsp.a(altera_avalon_timer_sc.o)
                0x00000000000189e0                alt_avalon_timer_sc_init
 .text          0x0000000000018a60      0x4d8 C:/Users/Eldin/Documents/GitHub/Neon3D/FPGA/Software/Neon3DSoftware_bsp/\libucosii_bsp.a(altera_up_avalon_character_lcd.o)
                0x0000000000018a60                get_DDRAM_addr
                0x0000000000018ad4                alt_up_character_lcd_send_cmd
                0x0000000000018b10                alt_up_character_lcd_init
                0x0000000000018b44                alt_up_character_lcd_open_dev
                0x0000000000018b84                alt_up_character_lcd_write
                0x0000000000018bfc                alt_up_character_lcd_string
                0x0000000000018c70                alt_up_character_lcd_write_fd
                0x0000000000018cc0                alt_up_character_lcd_set_cursor_pos
                0x0000000000018d34                alt_up_character_lcd_shift_cursor
                0x0000000000018dbc                alt_up_character_lcd_shift_display
                0x0000000000018e44                alt_up_character_lcd_erase_pos
                0x0000000000018ed0                alt_up_character_lcd_cursor_off
                0x0000000000018f04                alt_up_character_lcd_cursor_blink_on
 .text          0x0000000000018f38      0x388 C:/Users/Eldin/Documents/GitHub/Neon3D/FPGA/Software/Neon3DSoftware_bsp/\libucosii_bsp.a(altera_up_avalon_irda.o)
                0x0000000000018f38                alt_up_irda_enable_read_interrupt
                0x0000000000018f90                alt_up_irda_disable_read_interrupt
                0x0000000000018fec                alt_up_irda_get_used_space_in_read_FIFO
                0x000000000001902c                alt_up_irda_get_available_space_in_write_FIFO
                0x0000000000019068                alt_up_irda_check_parity
                0x00000000000190ac                alt_up_irda_write_data
                0x00000000000190ec                alt_up_irda_read_data
                0x0000000000019160                alt_up_irda_read_fd
                0x00000000000191f0                alt_up_irda_write_fd
                0x0000000000019280                alt_up_irda_open_dev
 .text          0x00000000000192c0      0x6b4 C:/Users/Eldin/Documents/GitHub/Neon3D/FPGA/Software/Neon3DSoftware_bsp/\libucosii_bsp.a(altera_up_avalon_ps2.o)
                0x00000000000192c0                read_RI_bit
                0x00000000000192f4                read_RE_bit
                0x0000000000019324                read_CE_bit
                0x0000000000019358                read_num_bytes_available
                0x0000000000019388                read_data_valid
                0x00000000000193bc                read_data_byte
                0x00000000000193e8                alt_up_ps2_init
                0x00000000000194ac                alt_up_ps2_enable_read_interrupt
                0x0000000000019504                alt_up_ps2_disable_read_interrupt
                0x0000000000019560                alt_up_ps2_write_data_byte
                0x00000000000195d4                alt_up_ps2_wait_for_ack
                0x0000000000019644                alt_up_ps2_write_data_byte_with_ack
                0x00000000000196a8                alt_up_ps2_read_data_byte_timeout
                0x000000000001974c                alt_up_ps2_read_data_byte
                0x00000000000197bc                alt_up_ps2_clear_fifo
                0x0000000000019810                alt_up_ps2_read_fd
                0x000000000001989c                alt_up_ps2_write_fd
                0x0000000000019934                alt_up_ps2_open_dev
 .text          0x0000000000019974      0x38c C:/Users/Eldin/Documents/GitHub/Neon3D/FPGA/Software/Neon3DSoftware_bsp/\libucosii_bsp.a(altera_up_avalon_rs232.o)
                0x0000000000019974                alt_up_rs232_enable_read_interrupt
                0x00000000000199cc                alt_up_rs232_disable_read_interrupt
                0x0000000000019a28                alt_up_rs232_get_used_space_in_read_FIFO
                0x0000000000019a68                alt_up_rs232_get_available_space_in_write_FIFO
                0x0000000000019aa4                alt_up_rs232_check_parity
                0x0000000000019ae8                alt_up_rs232_write_data
                0x0000000000019b28                alt_up_rs232_read_data
                0x0000000000019b9c                alt_up_rs232_read_fd
                0x0000000000019c2c                alt_up_rs232_write_fd
                0x0000000000019cc0                alt_up_rs232_open_dev
 .text          0x0000000000019d00      0x2e8 C:/Users/Eldin/Documents/GitHub/Neon3D/FPGA/Software/Neon3DSoftware_bsp/\libucosii_bsp.a(altera_up_avalon_video_character_buffer_with_dma.o)
                0x0000000000019d00                alt_up_char_buffer_init
                0x0000000000019d80                alt_up_char_buffer_open_dev
                0x0000000000019dc0                alt_up_char_buffer_draw
                0x0000000000019e8c                alt_up_char_buffer_string
                0x0000000000019f8c                alt_up_char_buffer_clear
 .text          0x0000000000019fe8      0x140 C:/Users/Eldin/Documents/GitHub/Neon3D/FPGA/Software/Neon3DSoftware_bsp/\libucosii_bsp.a(alt_alarm_start.o)
                0x0000000000019fe8                alt_alarm_start
 .text          0x000000000001a128      0x120 C:/Users/Eldin/Documents/GitHub/Neon3D/FPGA/Software/Neon3DSoftware_bsp/\libucosii_bsp.a(alt_close.o)
                0x000000000001a178                close
 .text          0x000000000001a248       0x1c C:/Users/Eldin/Documents/GitHub/Neon3D/FPGA/Software/Neon3DSoftware_bsp/\libucosii_bsp.a(alt_dcache_flush_all.o)
                0x000000000001a248                alt_dcache_flush_all
 .text          0x000000000001a264       0x2c C:/Users/Eldin/Documents/GitHub/Neon3D/FPGA/Software/Neon3DSoftware_bsp/\libucosii_bsp.a(alt_dev.o)
 .text          0x000000000001a290       0xf4 C:/Users/Eldin/Documents/GitHub/Neon3D/FPGA/Software/Neon3DSoftware_bsp/\libucosii_bsp.a(alt_dev_llist_insert.o)
                0x000000000001a2e0                alt_dev_llist_insert
 .text          0x000000000001a384       0x5c C:/Users/Eldin/Documents/GitHub/Neon3D/FPGA/Software/Neon3DSoftware_bsp/\libucosii_bsp.a(alt_do_ctors.o)
                0x000000000001a384                _do_ctors
 .text          0x000000000001a3e0       0x5c C:/Users/Eldin/Documents/GitHub/Neon3D/FPGA/Software/Neon3DSoftware_bsp/\libucosii_bsp.a(alt_do_dtors.o)
                0x000000000001a3e0                _do_dtors
 .text          0x000000000001a43c        0x0 C:/Users/Eldin/Documents/GitHub/Neon3D/FPGA/Software/Neon3DSoftware_bsp/\libucosii_bsp.a(alt_errno.o)
 .text          0x000000000001a43c       0x90 C:/Users/Eldin/Documents/GitHub/Neon3D/FPGA/Software/Neon3DSoftware_bsp/\libucosii_bsp.a(alt_find_dev.o)
                0x000000000001a43c                alt_find_dev
 .text          0x000000000001a4cc       0x30 C:/Users/Eldin/Documents/GitHub/Neon3D/FPGA/Software/Neon3DSoftware_bsp/\libucosii_bsp.a(alt_icache_flush_all.o)
                0x000000000001a4cc                alt_icache_flush_all
 .text          0x000000000001a4fc      0x138 C:/Users/Eldin/Documents/GitHub/Neon3D/FPGA/Software/Neon3DSoftware_bsp/\libucosii_bsp.a(alt_io_redirect.o)
                0x000000000001a5bc                alt_io_redirect
 .text          0x000000000001a634      0x1b0 C:/Users/Eldin/Documents/GitHub/Neon3D/FPGA/Software/Neon3DSoftware_bsp/\libucosii_bsp.a(alt_irq_register.o)
                0x000000000001a634                alt_irq_register
 .text          0x000000000001a7e4        0x0 C:/Users/Eldin/Documents/GitHub/Neon3D/FPGA/Software/Neon3DSoftware_bsp/\libucosii_bsp.a(alt_irq_vars.o)
 .text          0x000000000001a7e4      0x274 C:/Users/Eldin/Documents/GitHub/Neon3D/FPGA/Software/Neon3DSoftware_bsp/\libucosii_bsp.a(alt_open.o)
                0x000000000001a900                open
 .text          0x000000000001aa58       0x60 C:/Users/Eldin/Documents/GitHub/Neon3D/FPGA/Software/Neon3DSoftware_bsp/\libucosii_bsp.a(alt_release_fd.o)
                0x000000000001aa58                alt_release_fd
 .text          0x000000000001aab8      0x19c C:/Users/Eldin/Documents/GitHub/Neon3D/FPGA/Software/Neon3DSoftware_bsp/\libucosii_bsp.a(alt_tick.o)
                0x000000000001aab8                alt_alarm_stop
                0x000000000001ab50                alt_tick
 .text          0x000000000001ac54       0x20 C:/Users/Eldin/Documents/GitHub/Neon3D/FPGA/Software/Neon3DSoftware_bsp/\libucosii_bsp.a(altera_nios2_gen2_irq.o)
                0x000000000001ac54                altera_nios2_gen2_irq_init
 .text          0x000000000001ac74       0xd0 C:/Users/Eldin/Documents/GitHub/Neon3D/FPGA/Software/Neon3DSoftware_bsp/\libucosii_bsp.a(os_cpu_a.o)
                0x000000000001ac74                OSCtxSw
                0x000000000001ac74                OSIntCtxSw
                0x000000000001ad00                OSStartHighRdy
                0x000000000001ad20                OSStartTsk
 .text          0x000000000001ad44      0x264 C:/Users/Eldin/Documents/GitHub/Neon3D/FPGA/Software/Neon3DSoftware_bsp/\libucosii_bsp.a(os_cpu_c.o)
                0x000000000001ad44                OSTaskStkInit
                0x000000000001aea0                OSTaskCreateHook
                0x000000000001aec0                OSTaskDelHook
                0x000000000001aee0                OSTaskSwHook
                0x000000000001aefc                OSTaskStatHook
                0x000000000001af18                OSTimeTickHook
                0x000000000001af34                OSInitHookBegin
                0x000000000001af50                OSInitHookEnd
                0x000000000001af6c                OSTaskIdleHook
                0x000000000001af88                OSTCBInitHook
 .text          0x000000000001afa8      0x114 C:/Users/Eldin/Documents/GitHub/Neon3D/FPGA/Software/Neon3DSoftware_bsp/\libucosii_bsp.a(alt_find_file.o)
                0x000000000001afa8                alt_find_file
 .text          0x000000000001b0bc       0xfc C:/Users/Eldin/Documents/GitHub/Neon3D/FPGA/Software/Neon3DSoftware_bsp/\libucosii_bsp.a(alt_get_fd.o)
                0x000000000001b0bc                alt_get_fd
 .text          0x000000000001b1b8       0x8c C:/Users/Eldin/Documents/GitHub/Neon3D/FPGA/Software/Neon3DSoftware_bsp/\libucosii_bsp.a(alt_icache_flush.o)
                0x000000000001b1b8                alt_icache_flush
 .text          0x000000000001b244        0x0 C:/Users/Eldin/Documents/GitHub/Neon3D/FPGA/Software/Neon3DSoftware_bsp/\libucosii_bsp.a(alt_irq_entry.o)
 .text          0x000000000001b244        0x0 C:/Users/Eldin/Documents/GitHub/Neon3D/FPGA/Software/Neon3DSoftware_bsp/\libucosii_bsp.a(alt_irq_handler.o)
 .text          0x000000000001b244        0x0 C:/Users/Eldin/Documents/GitHub/Neon3D/FPGA/Software/Neon3DSoftware_bsp/\libucosii_bsp.a(alt_exception_entry.o)
 .text          0x000000000001b244       0x9c C:/Users/Eldin/Documents/GitHub/Neon3D/FPGA/Software/Neon3DSoftware_bsp/\libucosii_bsp.a(alt_instruction_exception_entry.o)
                0x000000000001b244                alt_exception_cause_generated_bad_addr
 .text          0x000000000001b2e0        0x0 c:/altera_lite/15.1/nios2eds/bin/gnu/h-x86_64-mingw32/bin/../lib/gcc/nios2-elf/4.9.2/../../../../../H-x86_64-mingw32/nios2-elf/lib/mhw-mulx\libc.a(lib_a-atexit.o)
 .text.atexit   0x000000000001b2e0       0x14 c:/altera_lite/15.1/nios2eds/bin/gnu/h-x86_64-mingw32/bin/../lib/gcc/nios2-elf/4.9.2/../../../../../H-x86_64-mingw32/nios2-elf/lib/mhw-mulx\libc.a(lib_a-atexit.o)
                0x000000000001b2e0                atexit
 .text          0x000000000001b2f4        0x0 c:/altera_lite/15.1/nios2eds/bin/gnu/h-x86_64-mingw32/bin/../lib/gcc/nios2-elf/4.9.2/../../../../../H-x86_64-mingw32/nios2-elf/lib/mhw-mulx\libc.a(lib_a-exit.o)
 .text.exit     0x000000000001b2f4       0x38 c:/altera_lite/15.1/nios2eds/bin/gnu/h-x86_64-mingw32/bin/../lib/gcc/nios2-elf/4.9.2/../../../../../H-x86_64-mingw32/nios2-elf/lib/mhw-mulx\libc.a(lib_a-exit.o)
                0x000000000001b2f4                exit
 .text          0x000000000001b32c        0x0 c:/altera_lite/15.1/nios2eds/bin/gnu/h-x86_64-mingw32/bin/../lib/gcc/nios2-elf/4.9.2/../../../../../H-x86_64-mingw32/nios2-elf/lib/mhw-mulx\libc.a(lib_a-memcmp.o)
 .text.memcmp   0x000000000001b32c       0x7c c:/altera_lite/15.1/nios2eds/bin/gnu/h-x86_64-mingw32/bin/../lib/gcc/nios2-elf/4.9.2/../../../../../H-x86_64-mingw32/nios2-elf/lib/mhw-mulx\libc.a(lib_a-memcmp.o)
                0x000000000001b32c                memcmp
 .text          0x000000000001b3a8        0x0 c:/altera_lite/15.1/nios2eds/bin/gnu/h-x86_64-mingw32/bin/../lib/gcc/nios2-elf/4.9.2/../../../../../H-x86_64-mingw32/nios2-elf/lib/mhw-mulx\libc.a(lib_a-__atexit.o)
 .text.__register_exitproc
                0x000000000001b3a8      0x114 c:/altera_lite/15.1/nios2eds/bin/gnu/h-x86_64-mingw32/bin/../lib/gcc/nios2-elf/4.9.2/../../../../../H-x86_64-mingw32/nios2-elf/lib/mhw-mulx\libc.a(lib_a-__atexit.o)
                0x000000000001b3a8                __register_exitproc
 .text          0x000000000001b4bc        0x0 c:/altera_lite/15.1/nios2eds/bin/gnu/h-x86_64-mingw32/bin/../lib/gcc/nios2-elf/4.9.2/../../../../../H-x86_64-mingw32/nios2-elf/lib/mhw-mulx\libc.a(lib_a-__call_atexit.o)
 .text.__call_exitprocs
                0x000000000001b4bc      0x194 c:/altera_lite/15.1/nios2eds/bin/gnu/h-x86_64-mingw32/bin/../lib/gcc/nios2-elf/4.9.2/../../../../../H-x86_64-mingw32/nios2-elf/lib/mhw-mulx\libc.a(lib_a-__call_atexit.o)
                0x000000000001b4bc                __call_exitprocs
 .text          0x000000000001b650       0x3c C:/Users/Eldin/Documents/GitHub/Neon3D/FPGA/Software/Neon3DSoftware_bsp/\libucosii_bsp.a(alt_exit.o)
                0x000000000001b650                _exit
 *(.gnu.warning.*)
 *(.fini)
                0x000000000001b68c                PROVIDE (__etext, ABSOLUTE (.))
                0x000000000001b68c                PROVIDE (_etext, ABSOLUTE (.))
                0x000000000001b68c                PROVIDE (etext, ABSOLUTE (.))
 *(.eh_frame_hdr)
                0x000000000001b68c                . = ALIGN (0x4)
                0x000000000001b68c                PROVIDE (__preinit_array_start, ABSOLUTE (.))
 *(.preinit_array)
                0x000000000001b68c                PROVIDE (__preinit_array_end, ABSOLUTE (.))
                0x000000000001b68c                PROVIDE (__init_array_start, ABSOLUTE (.))
 *(.init_array)
                0x000000000001b68c                PROVIDE (__init_array_end, ABSOLUTE (.))
                0x000000000001b68c                PROVIDE (__fini_array_start, ABSOLUTE (.))
 *(.fini_array)
                0x000000000001b68c                PROVIDE (__fini_array_end, ABSOLUTE (.))
 *(.eh_frame)
 *(.gcc_except_table .gcc_except_table.*)
 *(.dynamic)
                0x000000000001b68c                PROVIDE (__CTOR_LIST__, ABSOLUTE (.))
 *(.ctors)
 *(SORT(.ctors.*))
                0x000000000001b68c                PROVIDE (__CTOR_END__, ABSOLUTE (.))
                0x000000000001b68c                PROVIDE (__DTOR_LIST__, ABSOLUTE (.))
 *(.dtors)
 *(SORT(.dtors.*))
                0x000000000001b68c                PROVIDE (__DTOR_END__, ABSOLUTE (.))
 *(.jcr)
                0x000000000001b68c                . = ALIGN (0x4)

.rodata         0x000000000001b68c      0x9a8
                0x000000000001b68c                PROVIDE (__ram_rodata_start, ABSOLUTE (.))
                0x000000000001b68c                . = ALIGN (0x4)
 *(.rodata .rodata.* .gnu.linkonce.r.*)
 .rodata        0x000000000001b68c      0x21c obj/default/hello_ucosii.o
 .rodata.npio2_hw
                0x000000000001b8a8       0x80 c:/altera_lite/15.1/nios2eds/bin/gnu/h-x86_64-mingw32/bin/../lib/gcc/nios2-elf/4.9.2/../../../../../H-x86_64-mingw32/nios2-elf/lib/mhw-mulx\libm.a(lib_a-e_rem_pio2.o)
 .rodata.two_over_pi
                0x000000000001b928      0x108 c:/altera_lite/15.1/nios2eds/bin/gnu/h-x86_64-mingw32/bin/../lib/gcc/nios2-elf/4.9.2/../../../../../H-x86_64-mingw32/nios2-elf/lib/mhw-mulx\libm.a(lib_a-e_rem_pio2.o)
 .rodata.PIo2   0x000000000001ba30       0x40 c:/altera_lite/15.1/nios2eds/bin/gnu/h-x86_64-mingw32/bin/../lib/gcc/nios2-elf/4.9.2/../../../../../H-x86_64-mingw32/nios2-elf/lib/mhw-mulx\libm.a(lib_a-k_rem_pio2.o)
 .rodata.init_jk
                0x000000000001ba70       0x10 c:/altera_lite/15.1/nios2eds/bin/gnu/h-x86_64-mingw32/bin/../lib/gcc/nios2-elf/4.9.2/../../../../../H-x86_64-mingw32/nios2-elf/lib/mhw-mulx\libm.a(lib_a-k_rem_pio2.o)
 .rodata        0x000000000001ba80      0x100 c:/altera_lite/15.1/nios2eds/bin/gnu/h-x86_64-mingw32/bin/../lib/gcc/nios2-elf/4.9.2/mhw-mulx\libgcc.a(_clz.o)
                0x000000000001ba80                __clz_tab
 .rodata.str1.4
                0x000000000001bb80       0x42 c:/altera_lite/15.1/nios2eds/bin/gnu/h-x86_64-mingw32/bin/../lib/gcc/nios2-elf/4.9.2/../../../../../H-x86_64-mingw32/nios2-elf/lib/mhw-mulx\libc.a(lib_a-svfprintf.o)
                                         0x44 (size before relaxing)
 .rodata.zeroes.4240
                0x000000000001bbc2       0x10 c:/altera_lite/15.1/nios2eds/bin/gnu/h-x86_64-mingw32/bin/../lib/gcc/nios2-elf/4.9.2/../../../../../H-x86_64-mingw32/nios2-elf/lib/mhw-mulx\libc.a(lib_a-svfprintf.o)
 .rodata.blanks.4239
                0x000000000001bbd2       0x10 c:/altera_lite/15.1/nios2eds/bin/gnu/h-x86_64-mingw32/bin/../lib/gcc/nios2-elf/4.9.2/../../../../../H-x86_64-mingw32/nios2-elf/lib/mhw-mulx\libc.a(lib_a-svfprintf.o)
 *fill*         0x000000000001bbe2        0x2 
 .rodata.str1.4
                0x000000000001bbe4       0x10 c:/altera_lite/15.1/nios2eds/bin/gnu/h-x86_64-mingw32/bin/../lib/gcc/nios2-elf/4.9.2/../../../../../H-x86_64-mingw32/nios2-elf/lib/mhw-mulx\libc.a(lib_a-dtoa.o)
                                         0x14 (size before relaxing)
 .rodata.str1.4
                0x000000000001bbf4        0x2 c:/altera_lite/15.1/nios2eds/bin/gnu/h-x86_64-mingw32/bin/../lib/gcc/nios2-elf/4.9.2/../../../../../H-x86_64-mingw32/nios2-elf/lib/mhw-mulx\libc.a(lib_a-impure.o)
                                          0x4 (size before relaxing)
 *fill*         0x000000000001bbf6        0x2 
 .rodata.str1.4
                0x000000000001bbf8        0xc c:/altera_lite/15.1/nios2eds/bin/gnu/h-x86_64-mingw32/bin/../lib/gcc/nios2-elf/4.9.2/../../../../../H-x86_64-mingw32/nios2-elf/lib/mhw-mulx\libc.a(lib_a-locale.o)
                                         0x14 (size before relaxing)
 .rodata.p05.2710
                0x000000000001bc04        0xc c:/altera_lite/15.1/nios2eds/bin/gnu/h-x86_64-mingw32/bin/../lib/gcc/nios2-elf/4.9.2/../../../../../H-x86_64-mingw32/nios2-elf/lib/mhw-mulx\libc.a(lib_a-mprec.o)
 .rodata.__mprec_tinytens
                0x000000000001bc10       0x28 c:/altera_lite/15.1/nios2eds/bin/gnu/h-x86_64-mingw32/bin/../lib/gcc/nios2-elf/4.9.2/../../../../../H-x86_64-mingw32/nios2-elf/lib/mhw-mulx\libc.a(lib_a-mprec.o)
                0x000000000001bc10                __mprec_tinytens
 .rodata.__mprec_bigtens
                0x000000000001bc38       0x28 c:/altera_lite/15.1/nios2eds/bin/gnu/h-x86_64-mingw32/bin/../lib/gcc/nios2-elf/4.9.2/../../../../../H-x86_64-mingw32/nios2-elf/lib/mhw-mulx\libc.a(lib_a-mprec.o)
                0x000000000001bc38                __mprec_bigtens
 .rodata.__mprec_tens
                0x000000000001bc60       0xc8 c:/altera_lite/15.1/nios2eds/bin/gnu/h-x86_64-mingw32/bin/../lib/gcc/nios2-elf/4.9.2/../../../../../H-x86_64-mingw32/nios2-elf/lib/mhw-mulx\libc.a(lib_a-mprec.o)
                0x000000000001bc60                __mprec_tens
 .rodata.str1.4
                0x0000000000000000       0x30 c:/altera_lite/15.1/nios2eds/bin/gnu/h-x86_64-mingw32/bin/../lib/gcc/nios2-elf/4.9.2/../../../../../H-x86_64-mingw32/nios2-elf/lib/mhw-mulx\libc.a(lib_a-svfiprintf.o)
 .rodata.zeroes.4184
                0x000000000001bd28       0x10 c:/altera_lite/15.1/nios2eds/bin/gnu/h-x86_64-mingw32/bin/../lib/gcc/nios2-elf/4.9.2/../../../../../H-x86_64-mingw32/nios2-elf/lib/mhw-mulx\libc.a(lib_a-svfiprintf.o)
 .rodata.blanks.4183
                0x000000000001bd38       0x10 c:/altera_lite/15.1/nios2eds/bin/gnu/h-x86_64-mingw32/bin/../lib/gcc/nios2-elf/4.9.2/../../../../../H-x86_64-mingw32/nios2-elf/lib/mhw-mulx\libc.a(lib_a-svfiprintf.o)
 .rodata        0x000000000001bd48       0x10 C:/Users/Eldin/Documents/GitHub/Neon3D/FPGA/Software/Neon3DSoftware_bsp/\libucosii_bsp.a(alt_main.o)
 .rodata        0x000000000001bd58      0x120 C:/Users/Eldin/Documents/GitHub/Neon3D/FPGA/Software/Neon3DSoftware_bsp/\libucosii_bsp.a(os_core.o)
                0x000000000001bd58                OSUnMapTbl
 .rodata        0x000000000001be78      0x190 C:/Users/Eldin/Documents/GitHub/Neon3D/FPGA/Software/Neon3DSoftware_bsp/\libucosii_bsp.a(alt_sys_init.o)
 .rodata        0x000000000001c008       0x1c C:/Users/Eldin/Documents/GitHub/Neon3D/FPGA/Software/Neon3DSoftware_bsp/\libucosii_bsp.a(altera_up_avalon_video_character_buffer_with_dma.o)
 .rodata        0x000000000001c024        0xc C:/Users/Eldin/Documents/GitHub/Neon3D/FPGA/Software/Neon3DSoftware_bsp/\libucosii_bsp.a(alt_dev.o)
 .rodata        0x000000000001c030        0x4 C:/Users/Eldin/Documents/GitHub/Neon3D/FPGA/Software/Neon3DSoftware_bsp/\libucosii_bsp.a(os_cpu_c.o)
 *(.rodata1)
                0x000000000001c034                . = ALIGN (0x4)
                0x000000000001c034                PROVIDE (__ram_rodata_end, ABSOLUTE (.))
                0x000000000001b68c                PROVIDE (__flash_rodata_start, LOADADDR (.rodata))

.rwdata         0x000000000001c034     0x1ef4 load address 0x000000000001df28
                0x000000000001c034                PROVIDE (__ram_rwdata_start, ABSOLUTE (.))
                0x000000000001c034                . = ALIGN (0x4)
 *(.got.plt)
 *(.got)
 *(.data1)
 *(.data .data.* .gnu.linkonce.d.*)
 .data          0x000000000001c034        0x0 C:/Users/Eldin/Documents/GitHub/Neon3D/FPGA/Software/Neon3DSoftware_bsp//obj/HAL/src/crt0.o
 .data          0x000000000001c034        0x0 obj/default/hello_ucosii.o
 .data          0x000000000001c034        0x0 c:/altera_lite/15.1/nios2eds/bin/gnu/h-x86_64-mingw32/bin/../lib/gcc/nios2-elf/4.9.2/../../../../../H-x86_64-mingw32/nios2-elf/lib/mhw-mulx\libm.a(lib_a-s_cos.o)
 .data          0x000000000001c034        0x0 c:/altera_lite/15.1/nios2eds/bin/gnu/h-x86_64-mingw32/bin/../lib/gcc/nios2-elf/4.9.2/../../../../../H-x86_64-mingw32/nios2-elf/lib/mhw-mulx\libm.a(lib_a-s_sin.o)
 .data          0x000000000001c034        0x0 c:/altera_lite/15.1/nios2eds/bin/gnu/h-x86_64-mingw32/bin/../lib/gcc/nios2-elf/4.9.2/../../../../../H-x86_64-mingw32/nios2-elf/lib/mhw-mulx\libm.a(lib_a-e_rem_pio2.o)
 .data          0x000000000001c034        0x0 c:/altera_lite/15.1/nios2eds/bin/gnu/h-x86_64-mingw32/bin/../lib/gcc/nios2-elf/4.9.2/../../../../../H-x86_64-mingw32/nios2-elf/lib/mhw-mulx\libm.a(lib_a-k_cos.o)
 .data          0x000000000001c034        0x0 c:/altera_lite/15.1/nios2eds/bin/gnu/h-x86_64-mingw32/bin/../lib/gcc/nios2-elf/4.9.2/../../../../../H-x86_64-mingw32/nios2-elf/lib/mhw-mulx\libm.a(lib_a-k_rem_pio2.o)
 .data          0x000000000001c034        0x0 c:/altera_lite/15.1/nios2eds/bin/gnu/h-x86_64-mingw32/bin/../lib/gcc/nios2-elf/4.9.2/../../../../../H-x86_64-mingw32/nios2-elf/lib/mhw-mulx\libm.a(lib_a-k_sin.o)
 .data          0x000000000001c034        0x0 c:/altera_lite/15.1/nios2eds/bin/gnu/h-x86_64-mingw32/bin/../lib/gcc/nios2-elf/4.9.2/../../../../../H-x86_64-mingw32/nios2-elf/lib/mhw-mulx\libm.a(lib_a-s_fabs.o)
 .data          0x000000000001c034        0x0 c:/altera_lite/15.1/nios2eds/bin/gnu/h-x86_64-mingw32/bin/../lib/gcc/nios2-elf/4.9.2/../../../../../H-x86_64-mingw32/nios2-elf/lib/mhw-mulx\libm.a(lib_a-s_floor.o)
 .data          0x000000000001c034        0x0 c:/altera_lite/15.1/nios2eds/bin/gnu/h-x86_64-mingw32/bin/../lib/gcc/nios2-elf/4.9.2/../../../../../H-x86_64-mingw32/nios2-elf/lib/mhw-mulx\libm.a(lib_a-s_scalbn.o)
 .data          0x000000000001c034        0x0 c:/altera_lite/15.1/nios2eds/bin/gnu/h-x86_64-mingw32/bin/../lib/gcc/nios2-elf/4.9.2/../../../../../H-x86_64-mingw32/nios2-elf/lib/mhw-mulx\libm.a(lib_a-s_copysign.o)
 .data          0x000000000001c034        0x0 c:/altera_lite/15.1/nios2eds/bin/gnu/h-x86_64-mingw32/bin/../lib/gcc/nios2-elf/4.9.2/mhw-mulx\libgcc.a(lib2-divmod.o)
 .data          0x000000000001c034        0x0 c:/altera_lite/15.1/nios2eds/bin/gnu/h-x86_64-mingw32/bin/../lib/gcc/nios2-elf/4.9.2/mhw-mulx\libgcc.a(floatsisf.o)
 .data          0x000000000001c034        0x0 c:/altera_lite/15.1/nios2eds/bin/gnu/h-x86_64-mingw32/bin/../lib/gcc/nios2-elf/4.9.2/mhw-mulx\libgcc.a(adddf3.o)
 .data          0x000000000001c034        0x0 c:/altera_lite/15.1/nios2eds/bin/gnu/h-x86_64-mingw32/bin/../lib/gcc/nios2-elf/4.9.2/mhw-mulx\libgcc.a(divdf3.o)
 .data          0x000000000001c034        0x0 c:/altera_lite/15.1/nios2eds/bin/gnu/h-x86_64-mingw32/bin/../lib/gcc/nios2-elf/4.9.2/mhw-mulx\libgcc.a(eqdf2.o)
 .data          0x000000000001c034        0x0 c:/altera_lite/15.1/nios2eds/bin/gnu/h-x86_64-mingw32/bin/../lib/gcc/nios2-elf/4.9.2/mhw-mulx\libgcc.a(gedf2.o)
 .data          0x000000000001c034        0x0 c:/altera_lite/15.1/nios2eds/bin/gnu/h-x86_64-mingw32/bin/../lib/gcc/nios2-elf/4.9.2/mhw-mulx\libgcc.a(ledf2.o)
 .data          0x000000000001c034        0x0 c:/altera_lite/15.1/nios2eds/bin/gnu/h-x86_64-mingw32/bin/../lib/gcc/nios2-elf/4.9.2/mhw-mulx\libgcc.a(muldf3.o)
 .data          0x000000000001c034        0x0 c:/altera_lite/15.1/nios2eds/bin/gnu/h-x86_64-mingw32/bin/../lib/gcc/nios2-elf/4.9.2/mhw-mulx\libgcc.a(subdf3.o)
 .data          0x000000000001c034        0x0 c:/altera_lite/15.1/nios2eds/bin/gnu/h-x86_64-mingw32/bin/../lib/gcc/nios2-elf/4.9.2/mhw-mulx\libgcc.a(fixdfsi.o)
 .data          0x000000000001c034        0x0 c:/altera_lite/15.1/nios2eds/bin/gnu/h-x86_64-mingw32/bin/../lib/gcc/nios2-elf/4.9.2/mhw-mulx\libgcc.a(floatsidf.o)
 .data          0x000000000001c034        0x0 c:/altera_lite/15.1/nios2eds/bin/gnu/h-x86_64-mingw32/bin/../lib/gcc/nios2-elf/4.9.2/mhw-mulx\libgcc.a(extendsfdf2.o)
 .data          0x000000000001c034        0x0 c:/altera_lite/15.1/nios2eds/bin/gnu/h-x86_64-mingw32/bin/../lib/gcc/nios2-elf/4.9.2/mhw-mulx\libgcc.a(_clzsi2.o)
 .data          0x000000000001c034        0x0 c:/altera_lite/15.1/nios2eds/bin/gnu/h-x86_64-mingw32/bin/../lib/gcc/nios2-elf/4.9.2/mhw-mulx\libgcc.a(_clz.o)
 .data          0x000000000001c034        0x0 c:/altera_lite/15.1/nios2eds/bin/gnu/h-x86_64-mingw32/bin/../lib/gcc/nios2-elf/4.9.2/../../../../../H-x86_64-mingw32/nios2-elf/lib/mhw-mulx\libc.a(lib_a-memcpy.o)
 .data          0x000000000001c034        0x0 c:/altera_lite/15.1/nios2eds/bin/gnu/h-x86_64-mingw32/bin/../lib/gcc/nios2-elf/4.9.2/../../../../../H-x86_64-mingw32/nios2-elf/lib/mhw-mulx\libc.a(lib_a-sprintf.o)
 .data          0x000000000001c034        0x0 c:/altera_lite/15.1/nios2eds/bin/gnu/h-x86_64-mingw32/bin/../lib/gcc/nios2-elf/4.9.2/../../../../../H-x86_64-mingw32/nios2-elf/lib/mhw-mulx\libc.a(lib_a-svfprintf.o)
 .data          0x000000000001c034        0x0 c:/altera_lite/15.1/nios2eds/bin/gnu/h-x86_64-mingw32/bin/../lib/gcc/nios2-elf/4.9.2/../../../../../H-x86_64-mingw32/nios2-elf/lib/mhw-mulx\libc.a(lib_a-dtoa.o)
 .data          0x000000000001c034        0x0 c:/altera_lite/15.1/nios2eds/bin/gnu/h-x86_64-mingw32/bin/../lib/gcc/nios2-elf/4.9.2/../../../../../H-x86_64-mingw32/nios2-elf/lib/mhw-mulx\libc.a(lib_a-impure.o)
 .data.impure_data
                0x000000000001c034      0x424 c:/altera_lite/15.1/nios2eds/bin/gnu/h-x86_64-mingw32/bin/../lib/gcc/nios2-elf/4.9.2/../../../../../H-x86_64-mingw32/nios2-elf/lib/mhw-mulx\libc.a(lib_a-impure.o)
 .data          0x000000000001c458        0x0 c:/altera_lite/15.1/nios2eds/bin/gnu/h-x86_64-mingw32/bin/../lib/gcc/nios2-elf/4.9.2/../../../../../H-x86_64-mingw32/nios2-elf/lib/mhw-mulx\libc.a(lib_a-locale.o)
 .data.lc_message_charset
                0x000000000001c458       0x20 c:/altera_lite/15.1/nios2eds/bin/gnu/h-x86_64-mingw32/bin/../lib/gcc/nios2-elf/4.9.2/../../../../../H-x86_64-mingw32/nios2-elf/lib/mhw-mulx\libc.a(lib_a-locale.o)
 .data.lc_ctype_charset
                0x000000000001c478       0x20 c:/altera_lite/15.1/nios2eds/bin/gnu/h-x86_64-mingw32/bin/../lib/gcc/nios2-elf/4.9.2/../../../../../H-x86_64-mingw32/nios2-elf/lib/mhw-mulx\libc.a(lib_a-locale.o)
 .data.lconv    0x000000000001c498       0x38 c:/altera_lite/15.1/nios2eds/bin/gnu/h-x86_64-mingw32/bin/../lib/gcc/nios2-elf/4.9.2/../../../../../H-x86_64-mingw32/nios2-elf/lib/mhw-mulx\libc.a(lib_a-locale.o)
 .data          0x000000000001c4d0        0x0 c:/altera_lite/15.1/nios2eds/bin/gnu/h-x86_64-mingw32/bin/../lib/gcc/nios2-elf/4.9.2/../../../../../H-x86_64-mingw32/nios2-elf/lib/mhw-mulx\libc.a(lib_a-mallocr.o)
 .data.__malloc_av_
                0x000000000001c4d0      0x408 c:/altera_lite/15.1/nios2eds/bin/gnu/h-x86_64-mingw32/bin/../lib/gcc/nios2-elf/4.9.2/../../../../../H-x86_64-mingw32/nios2-elf/lib/mhw-mulx\libc.a(lib_a-mallocr.o)
                0x000000000001c4d0                __malloc_av_
 .data          0x000000000001c8d8        0x0 c:/altera_lite/15.1/nios2eds/bin/gnu/h-x86_64-mingw32/bin/../lib/gcc/nios2-elf/4.9.2/../../../../../H-x86_64-mingw32/nios2-elf/lib/mhw-mulx\libc.a(lib_a-memchr.o)
 .data          0x000000000001c8d8        0x0 c:/altera_lite/15.1/nios2eds/bin/gnu/h-x86_64-mingw32/bin/../lib/gcc/nios2-elf/4.9.2/../../../../../H-x86_64-mingw32/nios2-elf/lib/mhw-mulx\libc.a(lib_a-mprec.o)
 .data          0x000000000001c8d8        0x0 c:/altera_lite/15.1/nios2eds/bin/gnu/h-x86_64-mingw32/bin/../lib/gcc/nios2-elf/4.9.2/../../../../../H-x86_64-mingw32/nios2-elf/lib/mhw-mulx\libc.a(lib_a-s_fpclassify.o)
 .data          0x000000000001c8d8        0x0 c:/altera_lite/15.1/nios2eds/bin/gnu/h-x86_64-mingw32/bin/../lib/gcc/nios2-elf/4.9.2/../../../../../H-x86_64-mingw32/nios2-elf/lib/mhw-mulx\libc.a(lib_a-sbrkr.o)
 .data          0x000000000001c8d8        0x0 c:/altera_lite/15.1/nios2eds/bin/gnu/h-x86_64-mingw32/bin/../lib/gcc/nios2-elf/4.9.2/../../../../../H-x86_64-mingw32/nios2-elf/lib/mhw-mulx\libc.a(lib_a-strcmp.o)
 .data          0x000000000001c8d8        0x0 c:/altera_lite/15.1/nios2eds/bin/gnu/h-x86_64-mingw32/bin/../lib/gcc/nios2-elf/4.9.2/../../../../../H-x86_64-mingw32/nios2-elf/lib/mhw-mulx\libc.a(lib_a-strlen.o)
 .data          0x000000000001c8d8        0x0 c:/altera_lite/15.1/nios2eds/bin/gnu/h-x86_64-mingw32/bin/../lib/gcc/nios2-elf/4.9.2/../../../../../H-x86_64-mingw32/nios2-elf/lib/mhw-mulx\libc.a(lib_a-svfiprintf.o)
 .data          0x000000000001c8d8        0x0 c:/altera_lite/15.1/nios2eds/bin/gnu/h-x86_64-mingw32/bin/../lib/gcc/nios2-elf/4.9.2/../../../../../H-x86_64-mingw32/nios2-elf/lib/mhw-mulx\libc.a(lib_a-callocr.o)
 .data          0x000000000001c8d8        0x0 c:/altera_lite/15.1/nios2eds/bin/gnu/h-x86_64-mingw32/bin/../lib/gcc/nios2-elf/4.9.2/../../../../../H-x86_64-mingw32/nios2-elf/lib/mhw-mulx\libc.a(lib_a-freer.o)
 .data          0x000000000001c8d8        0x0 c:/altera_lite/15.1/nios2eds/bin/gnu/h-x86_64-mingw32/bin/../lib/gcc/nios2-elf/4.9.2/../../../../../H-x86_64-mingw32/nios2-elf/lib/mhw-mulx\libc.a(lib_a-int_errno.o)
 .data          0x000000000001c8d8        0x0 c:/altera_lite/15.1/nios2eds/bin/gnu/h-x86_64-mingw32/bin/../lib/gcc/nios2-elf/4.9.2/../../../../../H-x86_64-mingw32/nios2-elf/lib/mhw-mulx\libc.a(lib_a-memmove.o)
 .data          0x000000000001c8d8        0x0 c:/altera_lite/15.1/nios2eds/bin/gnu/h-x86_64-mingw32/bin/../lib/gcc/nios2-elf/4.9.2/../../../../../H-x86_64-mingw32/nios2-elf/lib/mhw-mulx\libc.a(lib_a-memset.o)
 .data          0x000000000001c8d8        0x0 c:/altera_lite/15.1/nios2eds/bin/gnu/h-x86_64-mingw32/bin/../lib/gcc/nios2-elf/4.9.2/../../../../../H-x86_64-mingw32/nios2-elf/lib/mhw-mulx\libc.a(lib_a-reallocr.o)
 .data          0x000000000001c8d8        0x0 c:/altera_lite/15.1/nios2eds/bin/gnu/h-x86_64-mingw32/bin/../lib/gcc/nios2-elf/4.9.2/mhw-mulx\libgcc.a(_udivdi3.o)
 .data          0x000000000001c8d8        0x0 c:/altera_lite/15.1/nios2eds/bin/gnu/h-x86_64-mingw32/bin/../lib/gcc/nios2-elf/4.9.2/mhw-mulx\libgcc.a(_umoddi3.o)
 .data          0x000000000001c8d8        0x0 c:/altera_lite/15.1/nios2eds/bin/gnu/h-x86_64-mingw32/bin/../lib/gcc/nios2-elf/4.9.2/mhw-mulx\libgcc.a(floatunsidf.o)
 .data          0x000000000001c8d8        0x0 C:/Users/Eldin/Documents/GitHub/Neon3D/FPGA/Software/Neon3DSoftware_bsp/\libucosii_bsp.a(alt_load.o)
 .data          0x000000000001c8d8        0x0 C:/Users/Eldin/Documents/GitHub/Neon3D/FPGA/Software/Neon3DSoftware_bsp/\libucosii_bsp.a(alt_main.o)
 .data          0x000000000001c8d8        0x0 C:/Users/Eldin/Documents/GitHub/Neon3D/FPGA/Software/Neon3DSoftware_bsp/\libucosii_bsp.a(alt_sbrk.o)
 .data          0x000000000001c8d8        0x0 C:/Users/Eldin/Documents/GitHub/Neon3D/FPGA/Software/Neon3DSoftware_bsp/\libucosii_bsp.a(alt_env_lock.o)
 .data          0x000000000001c8d8        0x0 C:/Users/Eldin/Documents/GitHub/Neon3D/FPGA/Software/Neon3DSoftware_bsp/\libucosii_bsp.a(alt_malloc_lock.o)
 .data          0x000000000001c8d8        0x0 C:/Users/Eldin/Documents/GitHub/Neon3D/FPGA/Software/Neon3DSoftware_bsp/\libucosii_bsp.a(os_core.o)
 .data          0x000000000001c8d8        0x0 C:/Users/Eldin/Documents/GitHub/Neon3D/FPGA/Software/Neon3DSoftware_bsp/\libucosii_bsp.a(os_dbg.o)
 .data          0x000000000001c8d8        0x0 C:/Users/Eldin/Documents/GitHub/Neon3D/FPGA/Software/Neon3DSoftware_bsp/\libucosii_bsp.a(os_flag.o)
 .data          0x000000000001c8d8        0x0 C:/Users/Eldin/Documents/GitHub/Neon3D/FPGA/Software/Neon3DSoftware_bsp/\libucosii_bsp.a(os_mem.o)
 .data          0x000000000001c8d8        0x0 C:/Users/Eldin/Documents/GitHub/Neon3D/FPGA/Software/Neon3DSoftware_bsp/\libucosii_bsp.a(os_q.o)
 .data          0x000000000001c8d8        0x0 C:/Users/Eldin/Documents/GitHub/Neon3D/FPGA/Software/Neon3DSoftware_bsp/\libucosii_bsp.a(os_sem.o)
 .data          0x000000000001c8d8        0x0 C:/Users/Eldin/Documents/GitHub/Neon3D/FPGA/Software/Neon3DSoftware_bsp/\libucosii_bsp.a(os_task.o)
 .data          0x000000000001c8d8        0x0 C:/Users/Eldin/Documents/GitHub/Neon3D/FPGA/Software/Neon3DSoftware_bsp/\libucosii_bsp.a(os_time.o)
 .data          0x000000000001c8d8     0x13f0 C:/Users/Eldin/Documents/GitHub/Neon3D/FPGA/Software/Neon3DSoftware_bsp/\libucosii_bsp.a(alt_sys_init.o)
 .data          0x000000000001dcc8        0x0 C:/Users/Eldin/Documents/GitHub/Neon3D/FPGA/Software/Neon3DSoftware_bsp/\libucosii_bsp.a(altera_avalon_jtag_uart_fd.o)
 .data          0x000000000001dcc8        0x0 C:/Users/Eldin/Documents/GitHub/Neon3D/FPGA/Software/Neon3DSoftware_bsp/\libucosii_bsp.a(altera_avalon_jtag_uart_init.o)
 .data          0x000000000001dcc8        0x0 C:/Users/Eldin/Documents/GitHub/Neon3D/FPGA/Software/Neon3DSoftware_bsp/\libucosii_bsp.a(altera_avalon_jtag_uart_ioctl.o)
 .data          0x000000000001dcc8        0x0 C:/Users/Eldin/Documents/GitHub/Neon3D/FPGA/Software/Neon3DSoftware_bsp/\libucosii_bsp.a(altera_avalon_jtag_uart_read.o)
 .data          0x000000000001dcc8        0x0 C:/Users/Eldin/Documents/GitHub/Neon3D/FPGA/Software/Neon3DSoftware_bsp/\libucosii_bsp.a(altera_avalon_jtag_uart_write.o)
 .data          0x000000000001dcc8        0x0 C:/Users/Eldin/Documents/GitHub/Neon3D/FPGA/Software/Neon3DSoftware_bsp/\libucosii_bsp.a(altera_avalon_timer_sc.o)
 .data          0x000000000001dcc8        0x0 C:/Users/Eldin/Documents/GitHub/Neon3D/FPGA/Software/Neon3DSoftware_bsp/\libucosii_bsp.a(altera_up_avalon_character_lcd.o)
 .data          0x000000000001dcc8        0x0 C:/Users/Eldin/Documents/GitHub/Neon3D/FPGA/Software/Neon3DSoftware_bsp/\libucosii_bsp.a(altera_up_avalon_irda.o)
 .data          0x000000000001dcc8        0x0 C:/Users/Eldin/Documents/GitHub/Neon3D/FPGA/Software/Neon3DSoftware_bsp/\libucosii_bsp.a(altera_up_avalon_ps2.o)
 .data          0x000000000001dcc8        0x0 C:/Users/Eldin/Documents/GitHub/Neon3D/FPGA/Software/Neon3DSoftware_bsp/\libucosii_bsp.a(altera_up_avalon_rs232.o)
 .data          0x000000000001dcc8        0x0 C:/Users/Eldin/Documents/GitHub/Neon3D/FPGA/Software/Neon3DSoftware_bsp/\libucosii_bsp.a(altera_up_avalon_video_character_buffer_with_dma.o)
 .data          0x000000000001dcc8        0x0 C:/Users/Eldin/Documents/GitHub/Neon3D/FPGA/Software/Neon3DSoftware_bsp/\libucosii_bsp.a(alt_alarm_start.o)
 .data          0x000000000001dcc8        0x0 C:/Users/Eldin/Documents/GitHub/Neon3D/FPGA/Software/Neon3DSoftware_bsp/\libucosii_bsp.a(alt_close.o)
 .data          0x000000000001dcc8        0x0 C:/Users/Eldin/Documents/GitHub/Neon3D/FPGA/Software/Neon3DSoftware_bsp/\libucosii_bsp.a(alt_dcache_flush_all.o)
 .data          0x000000000001dcc8      0x1a8 C:/Users/Eldin/Documents/GitHub/Neon3D/FPGA/Software/Neon3DSoftware_bsp/\libucosii_bsp.a(alt_dev.o)
                0x000000000001dcc8                alt_dev_null
                0x000000000001dcf0                alt_fd_list
 .data          0x000000000001de70        0x0 C:/Users/Eldin/Documents/GitHub/Neon3D/FPGA/Software/Neon3DSoftware_bsp/\libucosii_bsp.a(alt_dev_llist_insert.o)
 .data          0x000000000001de70        0x0 C:/Users/Eldin/Documents/GitHub/Neon3D/FPGA/Software/Neon3DSoftware_bsp/\libucosii_bsp.a(alt_do_ctors.o)
 .data          0x000000000001de70        0x0 C:/Users/Eldin/Documents/GitHub/Neon3D/FPGA/Software/Neon3DSoftware_bsp/\libucosii_bsp.a(alt_do_dtors.o)
 .data          0x000000000001de70        0x0 C:/Users/Eldin/Documents/GitHub/Neon3D/FPGA/Software/Neon3DSoftware_bsp/\libucosii_bsp.a(alt_errno.o)
 .data          0x000000000001de70        0x0 C:/Users/Eldin/Documents/GitHub/Neon3D/FPGA/Software/Neon3DSoftware_bsp/\libucosii_bsp.a(alt_find_dev.o)
 .data          0x000000000001de70        0x0 C:/Users/Eldin/Documents/GitHub/Neon3D/FPGA/Software/Neon3DSoftware_bsp/\libucosii_bsp.a(alt_icache_flush_all.o)
 .data          0x000000000001de70        0x0 C:/Users/Eldin/Documents/GitHub/Neon3D/FPGA/Software/Neon3DSoftware_bsp/\libucosii_bsp.a(alt_io_redirect.o)
 .data          0x000000000001de70        0x0 C:/Users/Eldin/Documents/GitHub/Neon3D/FPGA/Software/Neon3DSoftware_bsp/\libucosii_bsp.a(alt_irq_register.o)
 .data          0x000000000001de70        0x0 C:/Users/Eldin/Documents/GitHub/Neon3D/FPGA/Software/Neon3DSoftware_bsp/\libucosii_bsp.a(alt_irq_vars.o)
 .data          0x000000000001de70        0x0 C:/Users/Eldin/Documents/GitHub/Neon3D/FPGA/Software/Neon3DSoftware_bsp/\libucosii_bsp.a(alt_open.o)
 .data          0x000000000001de70        0x0 C:/Users/Eldin/Documents/GitHub/Neon3D/FPGA/Software/Neon3DSoftware_bsp/\libucosii_bsp.a(alt_release_fd.o)
 .data          0x000000000001de70        0x0 C:/Users/Eldin/Documents/GitHub/Neon3D/FPGA/Software/Neon3DSoftware_bsp/\libucosii_bsp.a(alt_tick.o)
 .data          0x000000000001de70        0x0 C:/Users/Eldin/Documents/GitHub/Neon3D/FPGA/Software/Neon3DSoftware_bsp/\libucosii_bsp.a(altera_nios2_gen2_irq.o)
 .data          0x000000000001de70        0x0 C:/Users/Eldin/Documents/GitHub/Neon3D/FPGA/Software/Neon3DSoftware_bsp/\libucosii_bsp.a(os_cpu_a.o)
 .data          0x000000000001de70        0x0 C:/Users/Eldin/Documents/GitHub/Neon3D/FPGA/Software/Neon3DSoftware_bsp/\libucosii_bsp.a(os_cpu_c.o)
 .data          0x000000000001de70        0x0 C:/Users/Eldin/Documents/GitHub/Neon3D/FPGA/Software/Neon3DSoftware_bsp/\libucosii_bsp.a(alt_find_file.o)
 .data          0x000000000001de70        0x0 C:/Users/Eldin/Documents/GitHub/Neon3D/FPGA/Software/Neon3DSoftware_bsp/\libucosii_bsp.a(alt_get_fd.o)
 .data          0x000000000001de70        0x0 C:/Users/Eldin/Documents/GitHub/Neon3D/FPGA/Software/Neon3DSoftware_bsp/\libucosii_bsp.a(alt_icache_flush.o)
 .data          0x000000000001de70        0x0 C:/Users/Eldin/Documents/GitHub/Neon3D/FPGA/Software/Neon3DSoftware_bsp/\libucosii_bsp.a(alt_irq_entry.o)
 .data          0x000000000001de70        0x0 C:/Users/Eldin/Documents/GitHub/Neon3D/FPGA/Software/Neon3DSoftware_bsp/\libucosii_bsp.a(alt_irq_handler.o)
 .data          0x000000000001de70        0x0 C:/Users/Eldin/Documents/GitHub/Neon3D/FPGA/Software/Neon3DSoftware_bsp/\libucosii_bsp.a(alt_exception_entry.o)
 .data          0x000000000001de70        0x0 C:/Users/Eldin/Documents/GitHub/Neon3D/FPGA/Software/Neon3DSoftware_bsp/\libucosii_bsp.a(alt_instruction_exception_entry.o)
 .data          0x000000000001de70        0x0 c:/altera_lite/15.1/nios2eds/bin/gnu/h-x86_64-mingw32/bin/../lib/gcc/nios2-elf/4.9.2/../../../../../H-x86_64-mingw32/nios2-elf/lib/mhw-mulx\libc.a(lib_a-atexit.o)
 .data          0x000000000001de70        0x0 c:/altera_lite/15.1/nios2eds/bin/gnu/h-x86_64-mingw32/bin/../lib/gcc/nios2-elf/4.9.2/../../../../../H-x86_64-mingw32/nios2-elf/lib/mhw-mulx\libc.a(lib_a-exit.o)
 .data          0x000000000001de70        0x0 c:/altera_lite/15.1/nios2eds/bin/gnu/h-x86_64-mingw32/bin/../lib/gcc/nios2-elf/4.9.2/../../../../../H-x86_64-mingw32/nios2-elf/lib/mhw-mulx\libc.a(lib_a-memcmp.o)
 .data          0x000000000001de70        0x0 c:/altera_lite/15.1/nios2eds/bin/gnu/h-x86_64-mingw32/bin/../lib/gcc/nios2-elf/4.9.2/../../../../../H-x86_64-mingw32/nios2-elf/lib/mhw-mulx\libc.a(lib_a-__atexit.o)
 .data          0x000000000001de70        0x0 c:/altera_lite/15.1/nios2eds/bin/gnu/h-x86_64-mingw32/bin/../lib/gcc/nios2-elf/4.9.2/../../../../../H-x86_64-mingw32/nios2-elf/lib/mhw-mulx\libc.a(lib_a-__call_atexit.o)
 .data          0x000000000001de70        0x0 C:/Users/Eldin/Documents/GitHub/Neon3D/FPGA/Software/Neon3DSoftware_bsp/\libucosii_bsp.a(alt_exit.o)
                0x0000000000025e70                _gp = ABSOLUTE ((. + 0x8000))
                0x0000000000025e70                PROVIDE (gp, _gp)
 *(.rwdata .rwdata.*)
 *(.sdata .sdata.* .gnu.linkonce.s.*)
 .sdata._global_impure_ptr
                0x000000000001de70        0x4 c:/altera_lite/15.1/nios2eds/bin/gnu/h-x86_64-mingw32/bin/../lib/gcc/nios2-elf/4.9.2/../../../../../H-x86_64-mingw32/nios2-elf/lib/mhw-mulx\libc.a(lib_a-impure.o)
                0x000000000001de70                _global_impure_ptr
 .sdata._impure_ptr
                0x000000000001de74        0x4 c:/altera_lite/15.1/nios2eds/bin/gnu/h-x86_64-mingw32/bin/../lib/gcc/nios2-elf/4.9.2/../../../../../H-x86_64-mingw32/nios2-elf/lib/mhw-mulx\libc.a(lib_a-impure.o)
                0x000000000001de74                _impure_ptr
 .sdata.__mb_cur_max
                0x000000000001de78        0x4 c:/altera_lite/15.1/nios2eds/bin/gnu/h-x86_64-mingw32/bin/../lib/gcc/nios2-elf/4.9.2/../../../../../H-x86_64-mingw32/nios2-elf/lib/mhw-mulx\libc.a(lib_a-locale.o)
                0x000000000001de78                __mb_cur_max
 .sdata.__malloc_sbrk_base
                0x000000000001de7c        0x4 c:/altera_lite/15.1/nios2eds/bin/gnu/h-x86_64-mingw32/bin/../lib/gcc/nios2-elf/4.9.2/../../../../../H-x86_64-mingw32/nios2-elf/lib/mhw-mulx\libc.a(lib_a-mallocr.o)
                0x000000000001de7c                __malloc_sbrk_base
 .sdata.__malloc_trim_threshold
                0x000000000001de80        0x4 c:/altera_lite/15.1/nios2eds/bin/gnu/h-x86_64-mingw32/bin/../lib/gcc/nios2-elf/4.9.2/../../../../../H-x86_64-mingw32/nios2-elf/lib/mhw-mulx\libc.a(lib_a-mallocr.o)
                0x000000000001de80                __malloc_trim_threshold
 .sdata         0x000000000001de84        0x4 C:/Users/Eldin/Documents/GitHub/Neon3D/FPGA/Software/Neon3DSoftware_bsp/\libucosii_bsp.a(alt_sbrk.o)
 .sdata         0x000000000001de88        0x4 C:/Users/Eldin/Documents/GitHub/Neon3D/FPGA/Software/Neon3DSoftware_bsp/\libucosii_bsp.a(alt_env_lock.o)
 .sdata         0x000000000001de8c        0x4 C:/Users/Eldin/Documents/GitHub/Neon3D/FPGA/Software/Neon3DSoftware_bsp/\libucosii_bsp.a(alt_malloc_lock.o)
 .sdata         0x000000000001de90       0x74 C:/Users/Eldin/Documents/GitHub/Neon3D/FPGA/Software/Neon3DSoftware_bsp/\libucosii_bsp.a(os_dbg.o)
                0x000000000001de90                OSDebugEn
                0x000000000001de94                OSEndiannessTest
                0x000000000001de98                OSEventEn
                0x000000000001de9a                OSEventMax
                0x000000000001de9c                OSEventNameSize
                0x000000000001de9e                OSEventSize
                0x000000000001dea0                OSEventTblSize
                0x000000000001dea2                OSEventMultiEn
                0x000000000001dea4                OSFlagEn
                0x000000000001dea6                OSFlagGrpSize
                0x000000000001dea8                OSFlagNodeSize
                0x000000000001deaa                OSFlagWidth
                0x000000000001deac                OSFlagMax
                0x000000000001deae                OSFlagNameSize
                0x000000000001deb0                OSLowestPrio
                0x000000000001deb2                OSMboxEn
                0x000000000001deb4                OSMemEn
                0x000000000001deb6                OSMemMax
                0x000000000001deb8                OSMemNameSize
                0x000000000001deba                OSMemSize
                0x000000000001debc                OSMemTblSize
                0x000000000001debe                OSMutexEn
                0x000000000001dec0                OSPtrSize
                0x000000000001dec2                OSQEn
                0x000000000001dec4                OSQMax
                0x000000000001dec6                OSQSize
                0x000000000001dec8                OSRdyTblSize
                0x000000000001deca                OSSemEn
                0x000000000001decc                OSStkWidth
                0x000000000001dece                OSTaskCreateEn
                0x000000000001ded0                OSTaskCreateExtEn
                0x000000000001ded2                OSTaskDelEn
                0x000000000001ded4                OSTaskIdleStkSize
                0x000000000001ded6                OSTaskProfileEn
                0x000000000001ded8                OSTaskMax
                0x000000000001deda                OSTaskNameSize
                0x000000000001dedc                OSTaskStatEn
                0x000000000001dede                OSTaskStatStkSize
                0x000000000001dee0                OSTaskStatStkChkEn
                0x000000000001dee2                OSTaskSwHookEn
                0x000000000001dee4                OSTCBPrioTblMax
                0x000000000001dee6                OSTCBSize
                0x000000000001dee8                OSTicksPerSec
                0x000000000001deea                OSTimeTickHookEn
                0x000000000001deec                OSVersionNbr
                0x000000000001deee                OSTmrEn
                0x000000000001def0                OSTmrCfgMax
                0x000000000001def2                OSTmrCfgNameSize
                0x000000000001def4                OSTmrCfgWheelSize
                0x000000000001def6                OSTmrCfgTicksPerSec
                0x000000000001def8                OSTmrSize
                0x000000000001defa                OSTmrTblSize
                0x000000000001defc                OSTmrWheelSize
                0x000000000001defe                OSTmrWheelTblSize
                0x000000000001df00                OSDataSize
 .sdata         0x000000000001df04       0x14 C:/Users/Eldin/Documents/GitHub/Neon3D/FPGA/Software/Neon3DSoftware_bsp/\libucosii_bsp.a(alt_dev.o)
                0x000000000001df04                alt_fs_list
                0x000000000001df0c                alt_dev_list
                0x000000000001df14                alt_max_fd
 .sdata         0x000000000001df18        0x4 C:/Users/Eldin/Documents/GitHub/Neon3D/FPGA/Software/Neon3DSoftware_bsp/\libucosii_bsp.a(alt_errno.o)
                0x000000000001df18                alt_errno
 .sdata         0x000000000001df1c        0x4 C:/Users/Eldin/Documents/GitHub/Neon3D/FPGA/Software/Neon3DSoftware_bsp/\libucosii_bsp.a(alt_irq_vars.o)
                0x000000000001df1c                alt_priority_mask
 .sdata         0x000000000001df20        0x8 C:/Users/Eldin/Documents/GitHub/Neon3D/FPGA/Software/Neon3DSoftware_bsp/\libucosii_bsp.a(alt_tick.o)
                0x000000000001df20                alt_alarm_list
 *(.sdata2 .sdata2.* .gnu.linkonce.s2.*)
                0x000000000001df28                . = ALIGN (0x4)
                0x000000000001df28                _edata = ABSOLUTE (.)
                0x000000000001df28                PROVIDE (edata, ABSOLUTE (.))
                0x000000000001df28                PROVIDE (__ram_rwdata_end, ABSOLUTE (.))
                0x000000000001df28                PROVIDE (__flash_rwdata_start, LOADADDR (.rwdata))

.bss            0x000000000001fe1c     0x33f8
                0x000000000001fe1c                __bss_start = ABSOLUTE (.)
                0x000000000001fe1c                PROVIDE (__sbss_start, ABSOLUTE (.))
                0x000000000001fe1c                PROVIDE (___sbss_start, ABSOLUTE (.))
 *(.dynsbss)
 *(.sbss .sbss.* .gnu.linkonce.sb.*)
 .sbss          0x000000000001fe1c       0x10 obj/default/hello_ucosii.o
                0x000000000001fe1c                prevousZoomScreenBR
                0x000000000001fe24                previousXRotation
                0x000000000001fe28                previousYRotation
 .sbss._PathLocale
                0x000000000001fe2c        0x4 c:/altera_lite/15.1/nios2eds/bin/gnu/h-x86_64-mingw32/bin/../lib/gcc/nios2-elf/4.9.2/../../../../../H-x86_64-mingw32/nios2-elf/lib/mhw-mulx\libc.a(lib_a-locale.o)
                0x000000000001fe2c                _PathLocale
 .sbss.__mlocale_changed
                0x000000000001fe30        0x4 c:/altera_lite/15.1/nios2eds/bin/gnu/h-x86_64-mingw32/bin/../lib/gcc/nios2-elf/4.9.2/../../../../../H-x86_64-mingw32/nios2-elf/lib/mhw-mulx\libc.a(lib_a-locale.o)
                0x000000000001fe30                __mlocale_changed
 .sbss.__nlocale_changed
                0x000000000001fe34        0x4 c:/altera_lite/15.1/nios2eds/bin/gnu/h-x86_64-mingw32/bin/../lib/gcc/nios2-elf/4.9.2/../../../../../H-x86_64-mingw32/nios2-elf/lib/mhw-mulx\libc.a(lib_a-locale.o)
                0x000000000001fe34                __nlocale_changed
 .sbss.__malloc_max_total_mem
                0x000000000001fe38        0x4 c:/altera_lite/15.1/nios2eds/bin/gnu/h-x86_64-mingw32/bin/../lib/gcc/nios2-elf/4.9.2/../../../../../H-x86_64-mingw32/nios2-elf/lib/mhw-mulx\libc.a(lib_a-mallocr.o)
                0x000000000001fe38                __malloc_max_total_mem
 .sbss.__malloc_max_sbrked_mem
                0x000000000001fe3c        0x4 c:/altera_lite/15.1/nios2eds/bin/gnu/h-x86_64-mingw32/bin/../lib/gcc/nios2-elf/4.9.2/../../../../../H-x86_64-mingw32/nios2-elf/lib/mhw-mulx\libc.a(lib_a-mallocr.o)
                0x000000000001fe3c                __malloc_max_sbrked_mem